#
# A fatal error has been detected by the Java Runtime Environment:
#
#  SIGSEGV (0xb) at pc=0x000071342388213b, pid=388755, tid=388756
#
# JRE version: OpenJDK Runtime Environment Zulu21.50+19-CA (21.0.11+10) (build 21.0.11+10-LTS)
# Java VM: OpenJDK 64-Bit Server VM Zulu21.50+19-CA (21.0.11+10-LTS, mixed mode, sharing, tiered, compressed oops, compressed class ptrs, g1 gc, linux-amd64)
# Problematic frame:
# C  0x000071340c02bdf0
#
# Core dump will be written. Default location: Core dumps may be processed with "/usr/share/apport/apport -p%p -s%s -c%c -d%d -P%P -u%u -g%g -F%F -- %E" (or dumping to /home/emre/Apps/openexchange/match/core.388755)
#
# If you would like to submit a bug report, please visit:
#   http://www.azul.com/support/
#

---------------  S U M M A R Y ------------

Command Line: --add-opens=java.base/jdk.internal.misc=ALL-UNNAMED io.aeron.cluster.ClusterTool /home/emre/openexchange-data/aeron-cluster/node1/cluster recording-log

Host: 13th Gen Intel(R) Core(TM) i7-13700K, 24 cores, 31G, Ubuntu 24.04.3 LTS
Time: Wed Jul 22 06:24:04 2026 +03 elapsed time: 0.030271 seconds (0d 0h 0m 0s)

---------------  T H R E A D  ---------------

Current thread (0x000071340c02b230):  JavaThread "main"             [_thread_in_vm, id=388756, stack(0x0000713412900000,0x0000713412a00000) (1024K)]

Stack: [0x0000713412900000,0x0000713412a00000],  sp=0x00007134129fac98,  free space=1003k
Native frames: (J=compiled Java code, j=interpreted, Vv=VM code, C=native code)
C  0x000071340c02bdf0
V  [libjvm.so+0xff1613]  ClassVerifier::translate_signature(Symbol*, sig_as_verification_types*)+0x33
V  [libjvm.so+0xff1c21]  ClassVerifier::create_method_sig_entry(sig_as_verification_types*, int)+0x41
V  [libjvm.so+0xffac1e]  ClassVerifier::verify_invoke_instructions(RawBytecodeStream*, unsigned int, StackMapFrame*, bool, bool*, VerificationType, constantPoolHandle const&, StackMapTable*, JavaThread*)+0x101e
V  [libjvm.so+0xffc12a]  ClassVerifier::verify_method(methodHandle const&, JavaThread*)+0xb1a
V  [libjvm.so+0x10030ad]  ClassVerifier::verify_class(JavaThread*)+0xed
V  [libjvm.so+0x10034dc]  Verifier::verify(InstanceKlass*, bool, JavaThread*)+0x32c
V  [libjvm.so+0x8f3393]  InstanceKlass::link_class_impl(JavaThread*)+0x473
V  [libjvm.so+0x8f8e4b]  InstanceKlass::initialize_impl(JavaThread*)+0x64b
V  [libjvm.so+0x915510]  InterpreterRuntime::_new(JavaThread*, ConstantPool*, int)+0x140
j  io.aeron.cluster.ClusterTool.<clinit>()V+38
v  ~StubRoutines::call_stub 0x00007133fba5fcc6
V  [libjvm.so+0x920445]  JavaCalls::call_helper(JavaValue*, methodHandle const&, JavaCallArguments*, JavaThread*)+0x2f5
V  [libjvm.so+0x8f7e02]  InstanceKlass::call_class_initializer(JavaThread*)+0x322
V  [libjvm.so+0x8f8c99]  InstanceKlass::initialize_impl(JavaThread*)+0x499
V  [libjvm.so+0x9c51a8]  get_method_id(JNIEnv_*, _jclass*, char const*, char const*, bool, JavaThread*) [clone .constprop.0]+0x108
V  [libjvm.so+0x9c55bd]  jni_GetStaticMethodID+0xad
C  [libjli.so+0x554c]  JavaMain+0x101c
C  [libjli.so+0x8af9]  ThreadJavaMain+0x9
C  [libc.so.6+0x9caa4]
Java frames: (J=compiled Java code, j=interpreted, Vv=VM code)
j  io.aeron.cluster.ClusterTool.<clinit>()V+38
v  ~StubRoutines::call_stub 0x00007133fba5fcc6

siginfo: si_signo: 11 (SIGSEGV), si_code: 1 (SEGV_MAPERR), si_addr: 0x000071342388213b

Registers:
RAX=0x000000000000000c, RBX=0x00007134129facf0, RCX=0x0000000000000001, RDX=0x0000713413bf11e0
RSP=0x00007134129fac90, RBP=0x00007134129facb0, RSI=0x00007133935c7520, RDI=0x00007133935c7520
R8 =0x00007133935c7527, R9 =0x00000000000000b8, R10=0x00007134129fb710, R11=0x000071336804b910
R12=0x0000000000000017, R13=0x00007133935c7526, R14=0x000071336804b9b0, R15=0x000000000000037c
RIP=0x000071342388213b, EFLAGS=0x0000000000010246, CSGSFS=0x002b000000000033, ERR=0x0000000000000014
  TRAPNO=0x000000000000000e

XMM[0]=0x0000000000000000 0x0000000100000001
XMM[1]=0x0000000000000000 0x0000000000000001
XMM[2]=0x0000000000000000 0x0000000400000015
XMM[3]=0x0000000000000000 0x0000000000000004
XMM[4]=0x0000000000000000 0x0000000000000004
XMM[5]=0x0000000000000000 0x000071340c02b230
XMM[6]=0x000071336804b7c8 0x000071336804b5c8
XMM[7]=0x0000000000000000 0x0000000000000004
XMM[8]=0xb81000b35e00b80d 0x00b35800b706065d
XMM[9]=0x000000062d7673b6 0x000000062d7673b3
XMM[10]=0x7269442f616e6f72 0x67612f67726f4c28
XMM[11]=0x7470656378652f6e 0x6f7265612f6f694c
XMM[12]=0x0000000000000000 0x2020202020202020
XMM[13]=0x0000000000000000 0x0000000000000000
XMM[14]=0x0000000000000000 0x0000000000000000
XMM[15]=0x0000000000000000 0x0000000000000000
  MXCSR=0x00001fa2


Register to memory mapping:

RAX=0x000000000000000c is an unknown value
RBX=0x00007134129facf0 is pointing into the stack for thread: 0x000071340c02b230
RCX=0x0000000000000001 is an unknown value
RDX=0x0000713413bf11e0: <offset 0x00000000011f11e0> in /usr/lib/jvm/zulu21-ca-amd64/lib/server/libjvm.so at 0x0000713412a00000
RSP=0x00007134129fac90 is pointing into the stack for thread: 0x000071340c02b230
RBP=0x00007134129facb0 is pointing into the stack for thread: 0x000071340c02b230
RSI=0x00007133935c7520 is pointing into metadata
RDI=0x00007133935c7520 is pointing into metadata
R8 =0x00007133935c7527 is pointing into metadata
R9 =0x00000000000000b8 is an unknown value
R10=0x00007134129fb710 is pointing into the stack for thread: 0x000071340c02b230
R11=0x000071336804b910 points into unknown readable memory: 0x0000000400000015 | 15 00 00 00 04 00 00 00
R12=0x0000000000000017 is an unknown value
R13=0x00007133935c7526 is pointing into metadata
R14=0x000071336804b9b0 points into unknown readable memory: 0x0000000000000000 | 00 00 00 00 00 00 00 00
R15=0x000000000000037c is an unknown value

Top of Stack: (sp=0x00007134129fac90)
0x00007134129fac90:   000071340c02bdf0 000071336804b9b0   ....4q.....h3q..
0x00007134129faca0:   00007134129facf0 00007134129fc190   ....4q......4q..
0x00007134129facb0:   00007134129fad50 00007134139f1613   P...4q......4q..
0x00007134129facc0:   000071336804b9b0 00007134129fc190   ...h3q......4q..
0x00007134129facd0:   000071340c000000 00000006000000d8   ....4q..........
0x00007134129face0:   000071339352a590 00000000000d0401   ..R.3q..........
0x00007134129facf0:   00007133935c7520 0000000100000001    u\.3q..........
0x00007134129fad00:   0000000000000017 000000010000000c   ................
0x00007134129fad10:   00007133934de090 0000000000000000   ..M.3q..........
0x00007134129fad20:   00007134129faec0 0000000000000310   ....4q..........
0x00007134129fad30:   000000000000037f 00007134129fc190   ............4q..
0x00007134129fad40:   000071336804b9b0 000000000000037c   ...h3q..|.......
0x00007134129fad50:   00007134129fad90 00007134139f1c21   ....4q..!...4q..
0x00007134129fad60:   00007134129fb130 000071336804b9b0   0...4q.....h3q..
0x00007134129fad70:   00007134129fb6a0 00007134129fc190   ....4q......4q..
0x00007134129fad80:   000000000000037f 000000000000037c   ........|.......
0x00007134129fad90:   00007134129fb130 00007134139fac1e   0...4q......4q..
0x00007134129fada0:   00007134129faf80 00007134129fb710   ....4q......4q..
0x00007134129fadb0:   00007133935c7520 00007133934f8c68    u\.3q..h.O.3q..
0x00007134129fadc0:   000000000000037c 00007134000000b8   |...........4q..
0x00007134129fadd0:   000071336804b948 00007134129fb1ff   H..h3q......4q..
0x00007134129fade0:   00000001000000b9 000071340000011a   ............4q..
0x00007134129fadf0:   000071340c02bde8 000071339356e848   ....4q..H.V.3q..
0x00007134129fae00:   00007134129fb210 0000000000000004   ....4q..........
0x00007134129fae10:   000071336804b398 0000000000000004   ...h3q..........
0x00007134129fae20:   00007134129fb710 000071336804b178   ....4q..x..h3q..
0x00007134129fae30:   00007134129fb010 0000713413897c53   ....4q..S|..4q..
0x00007134129fae40:   000071080c02b230 000071340000008a   0....q......4q..
0x00007134129fae50:   00007134129fb6a0 00007134129fb0a0   ....4q......4q..
0x00007134129fae60:   0000713394003000 000071339300cff8   .0..3q......3q..
0x00007134129fae70:   000071340c02bdd0 000071340c02b230   ....4q..0...4q..
0x00007134129fae80:   00007134129faf30 00007134139ece4a   0...4q..J...4q..

Instructions: (pc=0x000071340c02bdf0)
0x000071340c02bcf0:   b8 27 1e 0c 34 71 00 00 b8 88 1e 0c 34 71 00 00
0x000071340c02bd00:   a8 2c 1e 0c 34 71 00 00 b8 2d 1e 0c 34 71 00 00
0x000071340c02bd10:   78 f3 1b 0c 34 71 00 00 48 ed 1b 0c 34 71 00 00
0x000071340c02bd20:   98 0f 1c 0c 34 71 00 00 48 ed 1b 0c 34 71 00 00
0x000071340c02bd30:   98 0f 1c 0c 34 71 00 00 48 ed 1b 0c 34 71 00 00
0x000071340c02bd40:   88 b5 1a 0c 34 71 00 00 04 00 00 00 0a 00 00 00
0x000071340c02bd50:   90 bd 02 68 33 71 00 00 00 00 00 00 00 00 00 00
0x000071340c02bd60:   00 00 00 00 00 00 00 00 45 00 00 00 00 00 00 00
0x000071340c02bd70:   02 00 00 0c 34 71 00 00 b0 bd 02 0c 34 71 00 00
0x000071340c02bd80:   b0 bd 02 0c 34 71 00 00 d0 bd 02 0c 34 71 00 00
0x000071340c02bd90:   98 be 02 0c 34 71 00 00 d8 00 00 00 00 00 00 00
0x000071340c02bda0:   00 00 00 00 00 00 00 00 f5 00 00 00 00 00 00 00
0x000071340c02bdb0:   00 00 00 00 00 00 00 00 d8 00 00 00 00 00 00 00
0x000071340c02bdc0:   50 62 47 2d 06 00 00 00 c0 1b 75 2d 06 00 00 00
0x000071340c02bdd0:   d8 5e 47 2d 06 00 00 00 08 1e 41 2d 06 00 00 00
0x000071340c02bde0:   d8 5e 47 2d 06 00 00 00 08 1e 41 2d 06 00 00 00
0x000071340c02bdf0:   08 1e 41 2d 06 00 00 00 68 a8 76 2d 06 00 00 00
0x000071340c02be00:   d0 dc 76 2d 06 00 00 00 d0 95 46 2d 06 00 00 00
0x000071340c02be10:   d0 95 46 2d 06 00 00 00 08 1e 41 2d 06 00 00 00
0x000071340c02be20:   08 1e 41 2d 06 00 00 00 98 1f 41 2d 06 00 00 00
0x000071340c02be30:   08 1e 41 2d 06 00 00 00 e8 db 76 2d 06 00 00 00
0x000071340c02be40:   08 1e 41 2d 06 00 00 00 08 1e 41 2d 06 00 00 00
0x000071340c02be50:   98 1f 41 2d 06 00 00 00 08 1e 41 2d 06 00 00 00
0x000071340c02be60:   98 a5 76 2d 06 00 00 00 38 91 72 2d 06 00 00 00
0x000071340c02be70:   68 91 72 2d 06 00 00 00 b8 91 72 2d 06 00 00 00
0x000071340c02be80:   48 92 72 2d 06 00 00 00 d8 92 72 2d 06 00 00 00
0x000071340c02be90:   38 91 72 2d 06 00 00 00 45 00 00 00 00 00 00 00
0x000071340c02bea0:   30 b2 02 0c 34 71 00 00 70 bd 02 0c 34 71 00 00
0x000071340c02beb0:   b0 bd 02 0c 34 71 00 00 c0 bd 02 0c 34 71 00 00
0x000071340c02bec0:   98 be 02 0c 34 71 00 00 d8 00 00 00 00 00 00 00
0x000071340c02bed0:   00 00 00 00 00 00 00 00 35 00 00 00 00 00 00 00
0x000071340c02bee0:   00 01 00 0c 34 71 00 00 30 b2 02 0c 34 71 00 00


Stack slot to memory mapping:

stack at sp + 0 slots: 0x000071336804b9b0 points into unknown readable memory: 0x0000000000000000 | 00 00 00 00 00 00 00 00
stack at sp + 1 slots: 0x00007134129facf0 is pointing into the stack for thread: 0x000071340c02b230
stack at sp + 2 slots: 0x00007134129fc190 is pointing into the stack for thread: 0x000071340c02b230
stack at sp + 3 slots: 0x00007134129fad50 is pointing into the stack for thread: 0x000071340c02b230
stack at sp + 4 slots: 0x00007134139f1613: <offset 0x0000000000ff1613> in /usr/lib/jvm/zulu21-ca-amd64/lib/server/libjvm.so at 0x0000713412a00000
stack at sp + 5 slots: 0x000071336804b9b0 points into unknown readable memory: 0x0000000000000000 | 00 00 00 00 00 00 00 00
stack at sp + 6 slots: 0x00007134129fc190 is pointing into the stack for thread: 0x000071340c02b230
stack at sp + 7 slots: 0x000071340c000000 points into unknown readable memory: 0x000071340c000030 | 30 00 00 0c 34 71 00 00


---------------  P R O C E S S  ---------------

Threads class SMR info:
_java_thread_list=0x00007133680c8b90, length=14, elements={
0x000071340c02b230, 0x000071340c1576d0, 0x000071340c158c40, 0x000071340c15a3c0,
0x000071340c15ba00, 0x000071340c15cfa0, 0x000071340c15eb60, 0x000071340c160220,
0x000071336c022f10, 0x0000713360031b10, 0x0000713360032df0, 0x000071340c1aa3f0,
0x000071340c1accf0, 0x00007133680c79f0
}

Java Threads: ( => current thread )
=>0x000071340c02b230 JavaThread "main"                              [_thread_in_vm, id=388756, stack(0x0000713412900000,0x0000713412a00000) (1024K)]
  0x000071340c1576d0 JavaThread "Reference Handler"          daemon [_thread_blocked, id=388764, stack(0x00007133e8410000,0x00007133e8510000) (1024K)]
  0x000071340c158c40 JavaThread "Finalizer"                  daemon [_thread_blocked, id=388765, stack(0x00007133e8310000,0x00007133e8410000) (1024K)]
  0x000071340c15a3c0 JavaThread "Signal Dispatcher"          daemon [_thread_blocked, id=388766, stack(0x00007133e8210000,0x00007133e8310000) (1024K)]
  0x000071340c15ba00 JavaThread "Service Thread"             daemon [_thread_blocked, id=388767, stack(0x00007133e8110000,0x00007133e8210000) (1024K)]
  0x000071340c15cfa0 JavaThread "Monitor Deflation Thread"   daemon [_thread_blocked, id=388768, stack(0x00007133e8010000,0x00007133e8110000) (1024K)]
  0x000071340c15eb60 JavaThread "C2 CompilerThread0"         daemon [_thread_blocked, id=388769, stack(0x0000713392900000,0x0000713392a00000) (1024K)]
  0x000071340c160220 JavaThread "C1 CompilerThread0"         daemon [_thread_blocked, id=388770, stack(0x0000713392800000,0x0000713392900000) (1024K)]
  0x000071336c022f10 JavaThread "C1 CompilerThread1"         daemon [_thread_blocked, id=388771, stack(0x0000713392630000,0x0000713392730000) (1024K)]
  0x0000713360031b10 JavaThread "C1 CompilerThread2"         daemon [_thread_blocked, id=388772, stack(0x0000713392530000,0x0000713392630000) (1024K)]
  0x0000713360032df0 JavaThread "C1 CompilerThread3"         daemon [_thread_blocked, id=388773, stack(0x0000713392430000,0x0000713392530000) (1024K)]
  0x000071340c1aa3f0 JavaThread "Notification Thread"        daemon [_thread_blocked, id=388774, stack(0x0000713392330000,0x0000713392430000) (1024K)]
  0x000071340c1accf0 JavaThread "Common-Cleaner"             daemon [_thread_blocked, id=388775, stack(0x0000713392230000,0x0000713392330000) (1024K)]
  0x00007133680c79f0 JavaThread "C2 CompilerThread1"         daemon [_thread_blocked, id=388776, stack(0x0000713392130000,0x0000713392230000) (1024K)]
Total: 14

Other Threads:
  0x000071340c14e2d0 VMThread "VM Thread"                           [id=388763, stack(0x00007133e8511000,0x00007133e8611000) (1024K)]
  0x000071340c13b900 WatcherThread "VM Periodic Task Thread"        [id=388762, stack(0x00007133e8612000,0x00007133e8712000) (1024K)]
  0x000071340c057f20 WorkerThread "GC Thread#0"                     [id=388757, stack(0x0000713410391000,0x0000713410491000) (1024K)]
  0x000071340c068e60 ConcurrentGCThread "G1 Main Marker"            [id=388758, stack(0x0000713410290000,0x0000713410390000) (1024K)]
  0x000071340c069e40 WorkerThread "G1 Conc#0"                       [id=388759, stack(0x000071341018f000,0x000071341028f000) (1024K)]
  0x000071340c128e90 ConcurrentGCThread "G1 Refine#0"               [id=388760, stack(0x00007133e88f0000,0x00007133e89f0000) (1024K)]
  0x000071340c129e50 ConcurrentGCThread "G1 Service"                [id=388761, stack(0x00007133e87ef000,0x00007133e88ef000) (1024K)]
Total: 7

Threads with active compile tasks:
Total: 0

VM state: not at safepoint (normal execution)

VM Mutex/Monitor currently owned by a thread: None

Heap address: 0x000000060e400000, size: 7964 MB, Compressed Oops mode: Zero based, Oop shift amount: 3

CDS archive(s) mapped at: [0x0000713393000000-0x0000713393cfe000-0x0000713393cfe000), size 13623296, SharedBaseAddress: 0x0000713393000000, ArchiveRelocationMode: 1.
Compressed class space mapped at: 0x0000713394000000-0x00007133d4000000, reserved size: 1073741824
Narrow klass base: 0x0000713393000000, Narrow klass shift: 0, Narrow klass range: 0x100000000

GC Precious Log:
 CardTable entry size: 512
 Card Set container configuration: InlinePtr #cards 4 size 8 Array Of Cards #cards 32 size 80 Howl #buckets 8 coarsen threshold 7372 Howl Bitmap #cards 1024 size 144 coarsen threshold 921 Card regions per heap region 1 cards per card region 8192
 CPUs: 24 total, 24 available
 Memory: 31850M
 Large Page Support: Disabled
 NUMA Support: Disabled
 Compressed Oops: Enabled (Zero based)
 Heap Region Size: 4M
 Heap Min Capacity: 8M
 Heap Initial Capacity: 500M
 Heap Max Capacity: 7964M
 Pre-touch: Disabled
 Parallel Workers: 18
 Concurrent Workers: 5
 Concurrent Refinement Workers: 18
 Periodic GC: Disabled

Heap:
 garbage-first heap   total 516096K, used 1083K [0x000000060e400000, 0x0000000800000000)
  region size 4096K, 1 young (4096K), 0 survivors (0K)
 Metaspace       used 561K, committed 768K, reserved 1114112K
  class space    used 41K, committed 128K, reserved 1048576K

Heap Regions: E=young(eden), S=young(survivor), O=old, HS=humongous(starts), HC=humongous(continues), CS=collection set, F=free, TAMS=top-at-mark-start, PB=parsable bottom
|   0|0x000000060e400000, 0x000000060e400000, 0x000000060e800000|  0%| F|  |TAMS 0x000000060e400000| PB 0x000000060e400000| Untracked 
|   1|0x000000060e800000, 0x000000060e800000, 0x000000060ec00000|  0%| F|  |TAMS 0x000000060e800000| PB 0x000000060e800000| Untracked 
|   2|0x000000060ec00000, 0x000000060ec00000, 0x000000060f000000|  0%| F|  |TAMS 0x000000060ec00000| PB 0x000000060ec00000| Untracked 
|   3|0x000000060f000000, 0x000000060f000000, 0x000000060f400000|  0%| F|  |TAMS 0x000000060f000000| PB 0x000000060f000000| Untracked 
|   4|0x000000060f400000, 0x000000060f400000, 0x000000060f800000|  0%| F|  |TAMS 0x000000060f400000| PB 0x000000060f400000| Untracked 
|   5|0x000000060f800000, 0x000000060f800000, 0x000000060fc00000|  0%| F|  |TAMS 0x000000060f800000| PB 0x000000060f800000| Untracked 
|   6|0x000000060fc00000, 0x000000060fc00000, 0x0000000610000000|  0%| F|  |TAMS 0x000000060fc00000| PB 0x000000060fc00000| Untracked 
|   7|0x0000000610000000, 0x0000000610000000, 0x0000000610400000|  0%| F|  |TAMS 0x0000000610000000| PB 0x0000000610000000| Untracked 
|   8|0x0000000610400000, 0x0000000610400000, 0x0000000610800000|  0%| F|  |TAMS 0x0000000610400000| PB 0x0000000610400000| Untracked 
|   9|0x0000000610800000, 0x0000000610800000, 0x0000000610c00000|  0%| F|  |TAMS 0x0000000610800000| PB 0x0000000610800000| Untracked 
|  10|0x0000000610c00000, 0x0000000610c00000, 0x0000000611000000|  0%| F|  |TAMS 0x0000000610c00000| PB 0x0000000610c00000| Untracked 
|  11|0x0000000611000000, 0x0000000611000000, 0x0000000611400000|  0%| F|  |TAMS 0x0000000611000000| PB 0x0000000611000000| Untracked 
|  12|0x0000000611400000, 0x0000000611400000, 0x0000000611800000|  0%| F|  |TAMS 0x0000000611400000| PB 0x0000000611400000| Untracked 
|  13|0x0000000611800000, 0x0000000611800000, 0x0000000611c00000|  0%| F|  |TAMS 0x0000000611800000| PB 0x0000000611800000| Untracked 
|  14|0x0000000611c00000, 0x0000000611c00000, 0x0000000612000000|  0%| F|  |TAMS 0x0000000611c00000| PB 0x0000000611c00000| Untracked 
|  15|0x0000000612000000, 0x0000000612000000, 0x0000000612400000|  0%| F|  |TAMS 0x0000000612000000| PB 0x0000000612000000| Untracked 
|  16|0x0000000612400000, 0x0000000612400000, 0x0000000612800000|  0%| F|  |TAMS 0x0000000612400000| PB 0x0000000612400000| Untracked 
|  17|0x0000000612800000, 0x0000000612800000, 0x0000000612c00000|  0%| F|  |TAMS 0x0000000612800000| PB 0x0000000612800000| Untracked 
|  18|0x0000000612c00000, 0x0000000612c00000, 0x0000000613000000|  0%| F|  |TAMS 0x0000000612c00000| PB 0x0000000612c00000| Untracked 
|  19|0x0000000613000000, 0x0000000613000000, 0x0000000613400000|  0%| F|  |TAMS 0x0000000613000000| PB 0x0000000613000000| Untracked 
|  20|0x0000000613400000, 0x0000000613400000, 0x0000000613800000|  0%| F|  |TAMS 0x0000000613400000| PB 0x0000000613400000| Untracked 
|  21|0x0000000613800000, 0x0000000613800000, 0x0000000613c00000|  0%| F|  |TAMS 0x0000000613800000| PB 0x0000000613800000| Untracked 
|  22|0x0000000613c00000, 0x0000000613c00000, 0x0000000614000000|  0%| F|  |TAMS 0x0000000613c00000| PB 0x0000000613c00000| Untracked 
|  23|0x0000000614000000, 0x0000000614000000, 0x0000000614400000|  0%| F|  |TAMS 0x0000000614000000| PB 0x0000000614000000| Untracked 
|  24|0x0000000614400000, 0x0000000614400000, 0x0000000614800000|  0%| F|  |TAMS 0x0000000614400000| PB 0x0000000614400000| Untracked 
|  25|0x0000000614800000, 0x0000000614800000, 0x0000000614c00000|  0%| F|  |TAMS 0x0000000614800000| PB 0x0000000614800000| Untracked 
|  26|0x0000000614c00000, 0x0000000614c00000, 0x0000000615000000|  0%| F|  |TAMS 0x0000000614c00000| PB 0x0000000614c00000| Untracked 
|  27|0x0000000615000000, 0x0000000615000000, 0x0000000615400000|  0%| F|  |TAMS 0x0000000615000000| PB 0x0000000615000000| Untracked 
|  28|0x0000000615400000, 0x0000000615400000, 0x0000000615800000|  0%| F|  |TAMS 0x0000000615400000| PB 0x0000000615400000| Untracked 
|  29|0x0000000615800000, 0x0000000615800000, 0x0000000615c00000|  0%| F|  |TAMS 0x0000000615800000| PB 0x0000000615800000| Untracked 
|  30|0x0000000615c00000, 0x0000000615c00000, 0x0000000616000000|  0%| F|  |TAMS 0x0000000615c00000| PB 0x0000000615c00000| Untracked 
|  31|0x0000000616000000, 0x0000000616000000, 0x0000000616400000|  0%| F|  |TAMS 0x0000000616000000| PB 0x0000000616000000| Untracked 
|  32|0x0000000616400000, 0x0000000616400000, 0x0000000616800000|  0%| F|  |TAMS 0x0000000616400000| PB 0x0000000616400000| Untracked 
|  33|0x0000000616800000, 0x0000000616800000, 0x0000000616c00000|  0%| F|  |TAMS 0x0000000616800000| PB 0x0000000616800000| Untracked 
|  34|0x0000000616c00000, 0x0000000616c00000, 0x0000000617000000|  0%| F|  |TAMS 0x0000000616c00000| PB 0x0000000616c00000| Untracked 
|  35|0x0000000617000000, 0x0000000617000000, 0x0000000617400000|  0%| F|  |TAMS 0x0000000617000000| PB 0x0000000617000000| Untracked 
|  36|0x0000000617400000, 0x0000000617400000, 0x0000000617800000|  0%| F|  |TAMS 0x0000000617400000| PB 0x0000000617400000| Untracked 
|  37|0x0000000617800000, 0x0000000617800000, 0x0000000617c00000|  0%| F|  |TAMS 0x0000000617800000| PB 0x0000000617800000| Untracked 
|  38|0x0000000617c00000, 0x0000000617c00000, 0x0000000618000000|  0%| F|  |TAMS 0x0000000617c00000| PB 0x0000000617c00000| Untracked 
|  39|0x0000000618000000, 0x0000000618000000, 0x0000000618400000|  0%| F|  |TAMS 0x0000000618000000| PB 0x0000000618000000| Untracked 
|  40|0x0000000618400000, 0x0000000618400000, 0x0000000618800000|  0%| F|  |TAMS 0x0000000618400000| PB 0x0000000618400000| Untracked 
|  41|0x0000000618800000, 0x0000000618800000, 0x0000000618c00000|  0%| F|  |TAMS 0x0000000618800000| PB 0x0000000618800000| Untracked 
|  42|0x0000000618c00000, 0x0000000618c00000, 0x0000000619000000|  0%| F|  |TAMS 0x0000000618c00000| PB 0x0000000618c00000| Untracked 
|  43|0x0000000619000000, 0x0000000619000000, 0x0000000619400000|  0%| F|  |TAMS 0x0000000619000000| PB 0x0000000619000000| Untracked 
|  44|0x0000000619400000, 0x0000000619400000, 0x0000000619800000|  0%| F|  |TAMS 0x0000000619400000| PB 0x0000000619400000| Untracked 
|  45|0x0000000619800000, 0x0000000619800000, 0x0000000619c00000|  0%| F|  |TAMS 0x0000000619800000| PB 0x0000000619800000| Untracked 
|  46|0x0000000619c00000, 0x0000000619c00000, 0x000000061a000000|  0%| F|  |TAMS 0x0000000619c00000| PB 0x0000000619c00000| Untracked 
|  47|0x000000061a000000, 0x000000061a000000, 0x000000061a400000|  0%| F|  |TAMS 0x000000061a000000| PB 0x000000061a000000| Untracked 
|  48|0x000000061a400000, 0x000000061a400000, 0x000000061a800000|  0%| F|  |TAMS 0x000000061a400000| PB 0x000000061a400000| Untracked 
|  49|0x000000061a800000, 0x000000061a800000, 0x000000061ac00000|  0%| F|  |TAMS 0x000000061a800000| PB 0x000000061a800000| Untracked 
|  50|0x000000061ac00000, 0x000000061ac00000, 0x000000061b000000|  0%| F|  |TAMS 0x000000061ac00000| PB 0x000000061ac00000| Untracked 
|  51|0x000000061b000000, 0x000000061b000000, 0x000000061b400000|  0%| F|  |TAMS 0x000000061b000000| PB 0x000000061b000000| Untracked 
|  52|0x000000061b400000, 0x000000061b400000, 0x000000061b800000|  0%| F|  |TAMS 0x000000061b400000| PB 0x000000061b400000| Untracked 
|  53|0x000000061b800000, 0x000000061b800000, 0x000000061bc00000|  0%| F|  |TAMS 0x000000061b800000| PB 0x000000061b800000| Untracked 
|  54|0x000000061bc00000, 0x000000061bc00000, 0x000000061c000000|  0%| F|  |TAMS 0x000000061bc00000| PB 0x000000061bc00000| Untracked 
|  55|0x000000061c000000, 0x000000061c000000, 0x000000061c400000|  0%| F|  |TAMS 0x000000061c000000| PB 0x000000061c000000| Untracked 
|  56|0x000000061c400000, 0x000000061c400000, 0x000000061c800000|  0%| F|  |TAMS 0x000000061c400000| PB 0x000000061c400000| Untracked 
|  57|0x000000061c800000, 0x000000061c800000, 0x000000061cc00000|  0%| F|  |TAMS 0x000000061c800000| PB 0x000000061c800000| Untracked 
|  58|0x000000061cc00000, 0x000000061cc00000, 0x000000061d000000|  0%| F|  |TAMS 0x000000061cc00000| PB 0x000000061cc00000| Untracked 
|  59|0x000000061d000000, 0x000000061d000000, 0x000000061d400000|  0%| F|  |TAMS 0x000000061d000000| PB 0x000000061d000000| Untracked 
|  60|0x000000061d400000, 0x000000061d400000, 0x000000061d800000|  0%| F|  |TAMS 0x000000061d400000| PB 0x000000061d400000| Untracked 
|  61|0x000000061d800000, 0x000000061d800000, 0x000000061dc00000|  0%| F|  |TAMS 0x000000061d800000| PB 0x000000061d800000| Untracked 
|  62|0x000000061dc00000, 0x000000061dc00000, 0x000000061e000000|  0%| F|  |TAMS 0x000000061dc00000| PB 0x000000061dc00000| Untracked 
|  63|0x000000061e000000, 0x000000061e000000, 0x000000061e400000|  0%| F|  |TAMS 0x000000061e000000| PB 0x000000061e000000| Untracked 
|  64|0x000000061e400000, 0x000000061e400000, 0x000000061e800000|  0%| F|  |TAMS 0x000000061e400000| PB 0x000000061e400000| Untracked 
|  65|0x000000061e800000, 0x000000061e800000, 0x000000061ec00000|  0%| F|  |TAMS 0x000000061e800000| PB 0x000000061e800000| Untracked 
|  66|0x000000061ec00000, 0x000000061ec00000, 0x000000061f000000|  0%| F|  |TAMS 0x000000061ec00000| PB 0x000000061ec00000| Untracked 
|  67|0x000000061f000000, 0x000000061f000000, 0x000000061f400000|  0%| F|  |TAMS 0x000000061f000000| PB 0x000000061f000000| Untracked 
|  68|0x000000061f400000, 0x000000061f400000, 0x000000061f800000|  0%| F|  |TAMS 0x000000061f400000| PB 0x000000061f400000| Untracked 
|  69|0x000000061f800000, 0x000000061f800000, 0x000000061fc00000|  0%| F|  |TAMS 0x000000061f800000| PB 0x000000061f800000| Untracked 
|  70|0x000000061fc00000, 0x000000061fc00000, 0x0000000620000000|  0%| F|  |TAMS 0x000000061fc00000| PB 0x000000061fc00000| Untracked 
|  71|0x0000000620000000, 0x0000000620000000, 0x0000000620400000|  0%| F|  |TAMS 0x0000000620000000| PB 0x0000000620000000| Untracked 
|  72|0x0000000620400000, 0x0000000620400000, 0x0000000620800000|  0%| F|  |TAMS 0x0000000620400000| PB 0x0000000620400000| Untracked 
|  73|0x0000000620800000, 0x0000000620800000, 0x0000000620c00000|  0%| F|  |TAMS 0x0000000620800000| PB 0x0000000620800000| Untracked 
|  74|0x0000000620c00000, 0x0000000620c00000, 0x0000000621000000|  0%| F|  |TAMS 0x0000000620c00000| PB 0x0000000620c00000| Untracked 
|  75|0x0000000621000000, 0x0000000621000000, 0x0000000621400000|  0%| F|  |TAMS 0x0000000621000000| PB 0x0000000621000000| Untracked 
|  76|0x0000000621400000, 0x0000000621400000, 0x0000000621800000|  0%| F|  |TAMS 0x0000000621400000| PB 0x0000000621400000| Untracked 
|  77|0x0000000621800000, 0x0000000621800000, 0x0000000621c00000|  0%| F|  |TAMS 0x0000000621800000| PB 0x0000000621800000| Untracked 
|  78|0x0000000621c00000, 0x0000000621c00000, 0x0000000622000000|  0%| F|  |TAMS 0x0000000621c00000| PB 0x0000000621c00000| Untracked 
|  79|0x0000000622000000, 0x0000000622000000, 0x0000000622400000|  0%| F|  |TAMS 0x0000000622000000| PB 0x0000000622000000| Untracked 
|  80|0x0000000622400000, 0x0000000622400000, 0x0000000622800000|  0%| F|  |TAMS 0x0000000622400000| PB 0x0000000622400000| Untracked 
|  81|0x0000000622800000, 0x0000000622800000, 0x0000000622c00000|  0%| F|  |TAMS 0x0000000622800000| PB 0x0000000622800000| Untracked 
|  82|0x0000000622c00000, 0x0000000622c00000, 0x0000000623000000|  0%| F|  |TAMS 0x0000000622c00000| PB 0x0000000622c00000| Untracked 
|  83|0x0000000623000000, 0x0000000623000000, 0x0000000623400000|  0%| F|  |TAMS 0x0000000623000000| PB 0x0000000623000000| Untracked 
|  84|0x0000000623400000, 0x0000000623400000, 0x0000000623800000|  0%| F|  |TAMS 0x0000000623400000| PB 0x0000000623400000| Untracked 
|  85|0x0000000623800000, 0x0000000623800000, 0x0000000623c00000|  0%| F|  |TAMS 0x0000000623800000| PB 0x0000000623800000| Untracked 
|  86|0x0000000623c00000, 0x0000000623c00000, 0x0000000624000000|  0%| F|  |TAMS 0x0000000623c00000| PB 0x0000000623c00000| Untracked 
|  87|0x0000000624000000, 0x0000000624000000, 0x0000000624400000|  0%| F|  |TAMS 0x0000000624000000| PB 0x0000000624000000| Untracked 
|  88|0x0000000624400000, 0x0000000624400000, 0x0000000624800000|  0%| F|  |TAMS 0x0000000624400000| PB 0x0000000624400000| Untracked 
|  89|0x0000000624800000, 0x0000000624800000, 0x0000000624c00000|  0%| F|  |TAMS 0x0000000624800000| PB 0x0000000624800000| Untracked 
|  90|0x0000000624c00000, 0x0000000624c00000, 0x0000000625000000|  0%| F|  |TAMS 0x0000000624c00000| PB 0x0000000624c00000| Untracked 
|  91|0x0000000625000000, 0x0000000625000000, 0x0000000625400000|  0%| F|  |TAMS 0x0000000625000000| PB 0x0000000625000000| Untracked 
|  92|0x0000000625400000, 0x0000000625400000, 0x0000000625800000|  0%| F|  |TAMS 0x0000000625400000| PB 0x0000000625400000| Untracked 
|  93|0x0000000625800000, 0x0000000625800000, 0x0000000625c00000|  0%| F|  |TAMS 0x0000000625800000| PB 0x0000000625800000| Untracked 
|  94|0x0000000625c00000, 0x0000000625c00000, 0x0000000626000000|  0%| F|  |TAMS 0x0000000625c00000| PB 0x0000000625c00000| Untracked 
|  95|0x0000000626000000, 0x0000000626000000, 0x0000000626400000|  0%| F|  |TAMS 0x0000000626000000| PB 0x0000000626000000| Untracked 
|  96|0x0000000626400000, 0x0000000626400000, 0x0000000626800000|  0%| F|  |TAMS 0x0000000626400000| PB 0x0000000626400000| Untracked 
|  97|0x0000000626800000, 0x0000000626800000, 0x0000000626c00000|  0%| F|  |TAMS 0x0000000626800000| PB 0x0000000626800000| Untracked 
|  98|0x0000000626c00000, 0x0000000626c00000, 0x0000000627000000|  0%| F|  |TAMS 0x0000000626c00000| PB 0x0000000626c00000| Untracked 
|  99|0x0000000627000000, 0x0000000627000000, 0x0000000627400000|  0%| F|  |TAMS 0x0000000627000000| PB 0x0000000627000000| Untracked 
| 100|0x0000000627400000, 0x0000000627400000, 0x0000000627800000|  0%| F|  |TAMS 0x0000000627400000| PB 0x0000000627400000| Untracked 
| 101|0x0000000627800000, 0x0000000627800000, 0x0000000627c00000|  0%| F|  |TAMS 0x0000000627800000| PB 0x0000000627800000| Untracked 
| 102|0x0000000627c00000, 0x0000000627c00000, 0x0000000628000000|  0%| F|  |TAMS 0x0000000627c00000| PB 0x0000000627c00000| Untracked 
| 103|0x0000000628000000, 0x0000000628000000, 0x0000000628400000|  0%| F|  |TAMS 0x0000000628000000| PB 0x0000000628000000| Untracked 
| 104|0x0000000628400000, 0x0000000628400000, 0x0000000628800000|  0%| F|  |TAMS 0x0000000628400000| PB 0x0000000628400000| Untracked 
| 105|0x0000000628800000, 0x0000000628800000, 0x0000000628c00000|  0%| F|  |TAMS 0x0000000628800000| PB 0x0000000628800000| Untracked 
| 106|0x0000000628c00000, 0x0000000628c00000, 0x0000000629000000|  0%| F|  |TAMS 0x0000000628c00000| PB 0x0000000628c00000| Untracked 
| 107|0x0000000629000000, 0x0000000629000000, 0x0000000629400000|  0%| F|  |TAMS 0x0000000629000000| PB 0x0000000629000000| Untracked 
| 108|0x0000000629400000, 0x0000000629400000, 0x0000000629800000|  0%| F|  |TAMS 0x0000000629400000| PB 0x0000000629400000| Untracked 
| 109|0x0000000629800000, 0x0000000629800000, 0x0000000629c00000|  0%| F|  |TAMS 0x0000000629800000| PB 0x0000000629800000| Untracked 
| 110|0x0000000629c00000, 0x0000000629c00000, 0x000000062a000000|  0%| F|  |TAMS 0x0000000629c00000| PB 0x0000000629c00000| Untracked 
| 111|0x000000062a000000, 0x000000062a000000, 0x000000062a400000|  0%| F|  |TAMS 0x000000062a000000| PB 0x000000062a000000| Untracked 
| 112|0x000000062a400000, 0x000000062a400000, 0x000000062a800000|  0%| F|  |TAMS 0x000000062a400000| PB 0x000000062a400000| Untracked 
| 113|0x000000062a800000, 0x000000062a800000, 0x000000062ac00000|  0%| F|  |TAMS 0x000000062a800000| PB 0x000000062a800000| Untracked 
| 114|0x000000062ac00000, 0x000000062ac00000, 0x000000062b000000|  0%| F|  |TAMS 0x000000062ac00000| PB 0x000000062ac00000| Untracked 
| 115|0x000000062b000000, 0x000000062b000000, 0x000000062b400000|  0%| F|  |TAMS 0x000000062b000000| PB 0x000000062b000000| Untracked 
| 116|0x000000062b400000, 0x000000062b400000, 0x000000062b800000|  0%| F|  |TAMS 0x000000062b400000| PB 0x000000062b400000| Untracked 
| 117|0x000000062b800000, 0x000000062b800000, 0x000000062bc00000|  0%| F|  |TAMS 0x000000062b800000| PB 0x000000062b800000| Untracked 
| 118|0x000000062bc00000, 0x000000062bc00000, 0x000000062c000000|  0%| F|  |TAMS 0x000000062bc00000| PB 0x000000062bc00000| Untracked 
| 119|0x000000062c000000, 0x000000062c000000, 0x000000062c400000|  0%| F|  |TAMS 0x000000062c000000| PB 0x000000062c000000| Untracked 
| 120|0x000000062c400000, 0x000000062c400000, 0x000000062c800000|  0%| F|  |TAMS 0x000000062c400000| PB 0x000000062c400000| Untracked 
| 121|0x000000062c800000, 0x000000062c800000, 0x000000062cc00000|  0%| F|  |TAMS 0x000000062c800000| PB 0x000000062c800000| Untracked 
| 122|0x000000062cc00000, 0x000000062cc00000, 0x000000062d000000|  0%| F|  |TAMS 0x000000062cc00000| PB 0x000000062cc00000| Untracked 
| 123|0x000000062d000000, 0x000000062d000000, 0x000000062d400000|  0%| F|  |TAMS 0x000000062d000000| PB 0x000000062d000000| Untracked 
| 124|0x000000062d400000, 0x000000062d787098, 0x000000062d800000| 88%| E|  |TAMS 0x000000062d400000| PB 0x000000062d400000| Complete 
|1990|0x00000007ffc00000, 0x00000007ffd0ec28, 0x0000000800000000| 26%| O|  |TAMS 0x00000007ffc00000| PB 0x00000007ffc00000| Untracked 

Card table byte_map: [0x00007133f3672000,0x00007133f4600000] _byte_map_base: 0x00007133f0600000

Marking Bits: (CMBitMap*) 0x000071340c058a50
 Bits: [0x00007133eba02000, 0x00007133f3672000)

Polling page: 0x00007134143ea000

Metaspace:

Usage:
  Non-class:    520.32 KB used.
      Class:     41.54 KB used.
       Both:    561.86 KB used.

Virtual space:
  Non-class space:       64.00 MB reserved,     640.00 KB ( <1%) committed,  1 nodes.
      Class space:        1.00 GB reserved,     128.00 KB ( <1%) committed,  1 nodes.
             Both:        1.06 GB reserved,     768.00 KB ( <1%) committed. 

Chunk freelists:
   Non-Class:  11.86 MB
       Class:  15.72 MB
        Both:  27.58 MB

MaxMetaspaceSize: unlimited
CompressedClassSpaceSize: 1.00 GB
Initial GC threshold: 21.00 MB
Current GC threshold: 21.00 MB
CDS: on
 - commit_granule_bytes: 65536.
 - commit_granule_words: 8192.
 - virtual_space_node_default_size: 8388608.
 - enlarge_chunks_in_place: 1.
 - use_allocation_guard: 0.


Internal statistics:

num_allocs_failed_limit: 0.
num_arena_births: 12.
num_arena_deaths: 0.
num_vsnodes_births: 2.
num_vsnodes_deaths: 0.
num_space_committed: 12.
num_space_uncommitted: 0.
num_chunks_returned_to_freelist: 0.
num_chunks_taken_from_freelist: 26.
num_chunk_merges: 0.
num_chunk_splits: 14.
num_chunks_enlarged: 8.
num_inconsistent_stats: 0.

CodeHeap 'non-profiled nmethods': size=119168Kb used=53Kb max_used=53Kb free=119114Kb
 bounds [0x00007133fc1a0000, 0x00007133fc410000, 0x0000713403600000]
CodeHeap 'profiled nmethods': size=119164Kb used=156Kb max_used=156Kb free=119007Kb
 bounds [0x00007133f4600000, 0x00007133f4870000, 0x00007133fba5f000]
CodeHeap 'non-nmethods': size=7428Kb used=2960Kb max_used=2976Kb free=4467Kb
 bounds [0x00007133fba5f000, 0x00007133fbd4f000, 0x00007133fc1a0000]
CodeCache: size=245760Kb, used=3169Kb, max_used=3185Kb, free=242588Kb
 total_blobs=553, nmethods=148, adapters=308, full_count=0
Compilation: enabled, stopped_count=0, restarted_count=0

Compilation events (20 events):
Event: 0.029 Thread 0x0000713360032df0  138       3       java.lang.AbstractStringBuilder::isLatin1 (19 bytes)
Event: 0.029 Thread 0x0000713360031b10  139       3       java.lang.StringBuilder::append (8 bytes)
Event: 0.029 Thread 0x0000713360032df0 nmethod 138 0x00007133f4624c90 code [0x00007133f4624e20, 0x00007133f4624f88]
Event: 0.029 Thread 0x000071340c160220  140       3       java.lang.AbstractStringBuilder::append (45 bytes)
Event: 0.029 Thread 0x0000713360031b10 nmethod 139 0x00007133f4625010 code [0x00007133f46251c0, 0x00007133f4625308]
Event: 0.029 Thread 0x0000713360031b10  141       3       jdk.internal.misc.Unsafe::pickPos (14 bytes)
Event: 0.029 Thread 0x0000713360031b10 nmethod 141 0x00007133f4625390 code [0x00007133f4625520, 0x00007133f4625618]
Event: 0.029 Thread 0x000071336c022f10  142       3       java.lang.String::isEmpty (14 bytes)
Event: 0.029 Thread 0x000071336c022f10 nmethod 142 0x00007133f4625690 code [0x00007133f4625820, 0x00007133f4625988]
Event: 0.029 Thread 0x000071340c160220 nmethod 140 0x00007133f4625a10 code [0x00007133f4625c20, 0x00007133f4626148]
Event: 0.029 Thread 0x000071340c160220  143       3       java.lang.StringLatin1::lastIndexOf (40 bytes)
Event: 0.029 Thread 0x000071340c160220 nmethod 143 0x00007133f4626390 code [0x00007133f4626560, 0x00007133f4626950]
Event: 0.029 Thread 0x0000713360031b10  144       1       java.lang.AbstractStringBuilder::getValue (5 bytes)
Event: 0.029 Thread 0x0000713360032df0  145       1       java.lang.AbstractStringBuilder::length (5 bytes)
Event: 0.029 Thread 0x0000713360031b10 nmethod 144 0x00007133fc1acd10 code [0x00007133fc1acea0, 0x00007133fc1acf68]
Event: 0.029 Thread 0x0000713360032df0 nmethod 145 0x00007133fc1ad010 code [0x00007133fc1ad1a0, 0x00007133fc1ad260]
Event: 0.029 Thread 0x000071340c160220  146       3       jdk.internal.misc.Unsafe::toUnsignedLong (7 bytes)
Event: 0.029 Thread 0x000071340c160220 nmethod 146 0x00007133f4626a90 code [0x00007133f4626c20, 0x00007133f4626d18]
Event: 0.030 Thread 0x000071340c160220  148       3       java.lang.StringLatin1::hashCode (52 bytes)
Event: 0.030 Thread 0x000071340c160220 nmethod 148 0x00007133f4626d90 code [0x00007133f4626f40, 0x00007133f4627160]

GC Heap History (0 events):
No events

Dll operation events (4 events):
Event: 0.001 Loaded shared library /usr/lib/jvm/zulu21-ca-amd64/lib/libjava.so
Event: 0.014 Loaded shared library /usr/lib/jvm/zulu21-ca-amd64/lib/libjsvml.so
Event: 0.021 Loaded shared library /usr/lib/jvm/zulu21-ca-amd64/lib/libnio.so
Event: 0.024 Loaded shared library /usr/lib/jvm/zulu21-ca-amd64/lib/libzip.so

Deoptimization events (0 events):
No events

Classes loaded (20 events):
Event: 0.027 Loading class java/util/concurrent/BlockingQueue done
Event: 0.027 Loading class java/util/AbstractQueue
Event: 0.027 Loading class java/util/AbstractQueue done
Event: 0.027 Loading class java/util/concurrent/SynchronousQueue done
Event: 0.027 Loading class java/util/concurrent/SynchronousQueue$Transferer
Event: 0.027 Loading class java/util/concurrent/LinkedTransferQueue
Event: 0.027 Loading class java/util/concurrent/TransferQueue
Event: 0.027 Loading class java/util/concurrent/TransferQueue done
Event: 0.027 Loading class java/util/concurrent/LinkedTransferQueue done
Event: 0.027 Loading class java/util/concurrent/SynchronousQueue$Transferer done
Event: 0.027 Loading class java/util/concurrent/LinkedTransferQueue$DualNode
Event: 0.028 Loading class java/util/concurrent/LinkedTransferQueue$DualNode done
Event: 0.028 Loading class java/lang/invoke/VarHandleInts$FieldInstanceReadWrite
Event: 0.028 Loading class java/lang/invoke/VarHandleInts$FieldInstanceReadOnly
Event: 0.028 Loading class java/lang/invoke/VarHandleInts$FieldInstanceReadOnly done
Event: 0.028 Loading class java/lang/invoke/VarHandleInts$FieldInstanceReadWrite done
Event: 0.028 Loading class java/io/IOException
Event: 0.028 Loading class java/io/IOException done
Event: 0.028 Loading class java/io/UncheckedIOException
Event: 0.028 Loading class java/io/UncheckedIOException done

Classes unloaded (0 events):
No events

Classes redefined (0 events):
No events

Internal exceptions (3 events):
Event: 0.026 Thread 0x000071340c02b230 Exception <a 'java/lang/NoSuchMethodError'{0x000000062d7202a0}: 'java.lang.Object java.lang.invoke.DirectMethodHandle$Holder.invokeStatic(java.lang.Object, long, java.lang.Object)'> (0x000000062d7202a0) 
thrown [src/hotspot/share/interpreter/linkResolver.cpp, line 772]
Event: 0.026 Thread 0x000071340c02b230 Exception <a 'java/lang/NoSuchMethodError'{0x000000062d723888}: 'java.lang.Object java.lang.invoke.DirectMethodHandle$Holder.invokeStaticInit(java.lang.Object, long, java.lang.Object)'> (0x000000062d723888) 
thrown [src/hotspot/share/interpreter/linkResolver.cpp, line 772]
Event: 0.027 Thread 0x000071340c02b230 Exception <a 'java/lang/NoSuchMethodError'{0x000000062d729110}: 'java.lang.Object java.lang.invoke.DirectMethodHandle$Holder.newInvokeSpecial(java.lang.Object, long)'> (0x000000062d729110) 
thrown [src/hotspot/share/interpreter/linkResolver.cpp, line 772]

ZGC Phase Switch (0 events):
No events

VM Operations (2 events):
Event: 0.024 Executing non-safepoint VM operation: HandshakeAllThreads (Deoptimize)
Event: 0.024 Executing non-safepoint VM operation: HandshakeAllThreads (Deoptimize) done

Memory protections (14 events):
Event: 0.001 Protecting memory [0x0000713412900000,0x0000713412904000] with protection modes 0
Event: 0.013 Protecting memory [0x00007133e8410000,0x00007133e8414000] with protection modes 0
Event: 0.013 Protecting memory [0x00007133e8310000,0x00007133e8314000] with protection modes 0
Event: 0.013 Protecting memory [0x00007133e8210000,0x00007133e8214000] with protection modes 0
Event: 0.013 Protecting memory [0x00007133e8110000,0x00007133e8114000] with protection modes 0
Event: 0.014 Protecting memory [0x00007133e8010000,0x00007133e8014000] with protection modes 0
Event: 0.014 Protecting memory [0x0000713392900000,0x0000713392904000] with protection modes 0
Event: 0.014 Protecting memory [0x0000713392800000,0x0000713392804000] with protection modes 0
Event: 0.015 Protecting memory [0x0000713392630000,0x0000713392634000] with protection modes 0
Event: 0.016 Protecting memory [0x0000713392530000,0x0000713392534000] with protection modes 0
Event: 0.016 Protecting memory [0x0000713392430000,0x0000713392434000] with protection modes 0
Event: 0.020 Protecting memory [0x0000713392330000,0x0000713392334000] with protection modes 0
Event: 0.020 Protecting memory [0x0000713392230000,0x0000713392234000] with protection modes 0
Event: 0.024 Protecting memory [0x0000713392130000,0x0000713392134000] with protection modes 0

Nmethod flushes (0 events):
No events

Events (14 events):
Event: 0.010 Thread 0x000071340c02b230 Thread added: 0x000071340c02b230
Event: 0.013 Thread 0x000071340c02b230 Thread added: 0x000071340c1576d0
Event: 0.013 Thread 0x000071340c02b230 Thread added: 0x000071340c158c40
Event: 0.013 Thread 0x000071340c02b230 Thread added: 0x000071340c15a3c0
Event: 0.013 Thread 0x000071340c02b230 Thread added: 0x000071340c15ba00
Event: 0.014 Thread 0x000071340c02b230 Thread added: 0x000071340c15cfa0
Event: 0.014 Thread 0x000071340c02b230 Thread added: 0x000071340c15eb60
Event: 0.014 Thread 0x000071340c02b230 Thread added: 0x000071340c160220
Event: 0.015 Thread 0x000071340c160220 Thread added: 0x000071336c022f10
Event: 0.016 Thread 0x000071336c022f10 Thread added: 0x0000713360031b10
Event: 0.016 Thread 0x000071336c022f10 Thread added: 0x0000713360032df0
Event: 0.020 Thread 0x000071340c02b230 Thread added: 0x000071340c1aa3f0
Event: 0.020 Thread 0x000071340c02b230 Thread added: 0x000071340c1accf0
Event: 0.024 Thread 0x000071340c15eb60 Thread added: 0x00007133680c79f0


Dynamic libraries:
60e400000-62d800000 rw-p 00000000 00:00 0 
62d800000-7ffc00000 ---p 00000000 00:00 0 
7ffc00000-7ffd0f000 rw-p 00d3f000 103:02 42209309                        /usr/lib/jvm/zulu21-ca-amd64/lib/server/classes.jsa
7ffd0f000-800000000 rw-p 00000000 00:00 0 
5a4037f98000-5a4037f99000 r-xp 00000000 103:02 42209347                  /usr/lib/jvm/zulu21-ca-amd64/bin/java
5a4037f9a000-5a4037f9b000 r--p 00001000 103:02 42209347                  /usr/lib/jvm/zulu21-ca-amd64/bin/java
5a4037f9b000-5a4037f9c000 rw-p 00002000 103:02 42209347                  /usr/lib/jvm/zulu21-ca-amd64/bin/java
5a4075fa7000-5a4075fed000 rw-p 00000000 00:00 0                          [heap]
713350000000-713350021000 rw-p 00000000 00:00 0 
713350021000-713354000000 ---p 00000000 00:00 0 
713354000000-71335404c000 rw-p 00000000 00:00 0 
71335404c000-713358000000 ---p 00000000 00:00 0 
713358000000-713358021000 rw-p 00000000 00:00 0 
713358021000-71335c000000 ---p 00000000 00:00 0 
71335c000000-71335c021000 rw-p 00000000 00:00 0 
71335c021000-713360000000 ---p 00000000 00:00 0 
713360000000-713360055000 rw-p 00000000 00:00 0 
713360055000-713364000000 ---p 00000000 00:00 0 
713364000000-713364021000 rw-p 00000000 00:00 0 
713364021000-713368000000 ---p 00000000 00:00 0 
713368000000-7133680e1000 rw-p 00000000 00:00 0 
7133680e1000-71336c000000 ---p 00000000 00:00 0 
71336c000000-71336c076000 rw-p 00000000 00:00 0 
71336c076000-713370000000 ---p 00000000 00:00 0 
713370000000-713370021000 rw-p 00000000 00:00 0 
713370021000-713374000000 ---p 00000000 00:00 0 
713374000000-713374021000 rw-p 00000000 00:00 0 
713374021000-713378000000 ---p 00000000 00:00 0 
713378000000-713378021000 rw-p 00000000 00:00 0 
713378021000-71337c000000 ---p 00000000 00:00 0 
71337c000000-71337c021000 rw-p 00000000 00:00 0 
71337c021000-713380000000 ---p 00000000 00:00 0 
713380000000-713380021000 rw-p 00000000 00:00 0 
713380021000-713384000000 ---p 00000000 00:00 0 
713384000000-713384021000 rw-p 00000000 00:00 0 
713384021000-713388000000 ---p 00000000 00:00 0 
713388000000-713388070000 rw-p 00000000 00:00 0 
713388070000-713388400000 ---p 00000000 00:00 0 
713388400000-713388430000 rw-p 00000000 00:00 0 
713388430000-71338c000000 ---p 00000000 00:00 0 
71338c000000-71338c021000 rw-p 00000000 00:00 0 
71338c021000-713390000000 ---p 00000000 00:00 0 
713391cc1000-713392130000 rw-p 00000000 00:00 0 
713392130000-713392134000 ---p 00000000 00:00 0 
713392134000-713392230000 rw-p 00000000 00:00 0 
713392230000-713392234000 ---p 00000000 00:00 0 
713392234000-713392330000 rw-p 00000000 00:00 0 
713392330000-713392334000 ---p 00000000 00:00 0 
713392334000-713392430000 rw-p 00000000 00:00 0 
713392430000-713392434000 ---p 00000000 00:00 0 
713392434000-713392530000 rw-p 00000000 00:00 0 
713392530000-713392534000 ---p 00000000 00:00 0 
713392534000-713392630000 rw-p 00000000 00:00 0 
713392630000-713392634000 ---p 00000000 00:00 0 
713392634000-713392730000 rw-p 00000000 00:00 0 
713392730000-7133927fe000 r-xp 00000000 103:02 42209345                  /usr/lib/jvm/zulu21-ca-amd64/lib/libjsvml.so
7133927fe000-7133927ff000 r--p 000cd000 103:02 42209345                  /usr/lib/jvm/zulu21-ca-amd64/lib/libjsvml.so
7133927ff000-713392800000 rw-p 000ce000 103:02 42209345                  /usr/lib/jvm/zulu21-ca-amd64/lib/libjsvml.so
713392800000-713392804000 ---p 00000000 00:00 0 
713392804000-713392900000 rw-p 00000000 00:00 0 
713392900000-713392904000 ---p 00000000 00:00 0 
713392904000-713392a00000 rw-p 00000000 00:00 0 
713392a00000-713392f75000 r--p 00000000 103:02 41549904                  /usr/lib/locale/locale-archive
713393000000-713393cfe000 rw-p 00001000 103:02 42209309                  /usr/lib/jvm/zulu21-ca-amd64/lib/server/classes.jsa
713393cfe000-713394000000 ---p 00000000 00:00 0 
713394000000-713394010000 rw-p 00000000 00:00 0 
713394010000-713394040000 ---p 00000000 00:00 0 
713394040000-713394050000 rw-p 00000000 00:00 0 
713394050000-7133d4000000 ---p 00000000 00:00 0 
7133d4000000-7133d4021000 rw-p 00000000 00:00 0 
7133d4021000-7133d8000000 ---p 00000000 00:00 0 
7133d8000000-7133d8021000 rw-p 00000000 00:00 0 
7133d8021000-7133dc000000 ---p 00000000 00:00 0 
7133dc000000-7133dc021000 rw-p 00000000 00:00 0 
7133dc021000-7133e0000000 ---p 00000000 00:00 0 
7133e0000000-7133e0021000 rw-p 00000000 00:00 0 
7133e0021000-7133e4000000 ---p 00000000 00:00 0 
7133e4000000-7133e4021000 rw-p 00000000 00:00 0 
7133e4021000-7133e8000000 ---p 00000000 00:00 0 
7133e8010000-7133e8014000 ---p 00000000 00:00 0 
7133e8014000-7133e8110000 rw-p 00000000 00:00 0 
7133e8110000-7133e8114000 ---p 00000000 00:00 0 
7133e8114000-7133e8210000 rw-p 00000000 00:00 0 
7133e8210000-7133e8214000 ---p 00000000 00:00 0 
7133e8214000-7133e8310000 rw-p 00000000 00:00 0 
7133e8310000-7133e8314000 ---p 00000000 00:00 0 
7133e8314000-7133e8410000 rw-p 00000000 00:00 0 
7133e8410000-7133e8414000 ---p 00000000 00:00 0 
7133e8414000-7133e8510000 rw-p 00000000 00:00 0 
7133e8510000-7133e8511000 ---p 00000000 00:00 0 
7133e8511000-7133e8611000 rw-p 00000000 00:00 0 
7133e8611000-7133e8612000 ---p 00000000 00:00 0 
7133e8612000-7133e8712000 rw-p 00000000 00:00 0 
7133e8712000-7133e87ee000 rw-p 00000000 00:00 0 
7133e87ee000-7133e87ef000 ---p 00000000 00:00 0 
7133e87ef000-7133e88ef000 rw-p 00000000 00:00 0 
7133e88ef000-7133e88f0000 ---p 00000000 00:00 0 
7133e88f0000-7133e89f0000 rw-p 00000000 00:00 0 
7133e89f0000-7133eba00000 rw-p 00000000 00:00 0 
7133eba02000-7133ec1d2000 rw-p 00000000 00:00 0 
7133ec1d2000-7133f3662000 ---p 00000000 00:00 0 
7133f3662000-7133f376c000 rw-p 00000000 00:00 0 
7133f376c000-7133f45fe000 ---p 00000000 00:00 0 
7133f45fe000-7133f4600000 rw-p 00000000 00:00 0 
7133f4600000-7133f4870000 rwxp 00000000 00:00 0 
7133f4870000-7133fba5f000 ---p 00000000 00:00 0 
7133fba5f000-7133fbd4f000 rwxp 00000000 00:00 0 
7133fbd4f000-7133fc1a0000 ---p 00000000 00:00 0 
7133fc1a0000-7133fc410000 rwxp 00000000 00:00 0 
7133fc410000-713403600000 ---p 00000000 00:00 0 
713403600000-71340bec9000 r--s 00000000 103:02 42209316                  /usr/lib/jvm/zulu21-ca-amd64/lib/modules
71340beff000-71340c20d000 rw-p 00000000 00:00 0 
71340c20d000-713410000000 ---p 00000000 00:00 0 
71341004c000-71341018e000 rw-p 00000000 00:00 0 
71341018e000-71341018f000 ---p 00000000 00:00 0 
71341018f000-71341028f000 rw-p 00000000 00:00 0 
71341028f000-713410290000 ---p 00000000 00:00 0 
713410290000-713410390000 rw-p 00000000 00:00 0 
713410390000-713410391000 ---p 00000000 00:00 0 
713410391000-713410491000 rw-p 00000000 00:00 0 
713410491000-713410688000 rw-p 00000000 00:00 0 
713410688000-71341151a000 ---p 00000000 00:00 0 
71341151a000-713412733000 rw-p 00000000 00:00 0 
713412733000-713412817000 ---p 00000000 00:00 0 
713412817000-71341281c000 rw-p 00000000 00:00 0 
71341281c000-713412900000 ---p 00000000 00:00 0 
713412900000-713412904000 ---p 00000000 00:00 0 
713412904000-713412a00000 rw-p 00000000 00:00 0 
713412a00000-713413e29000 r-xp 00000000 103:02 42209310                  /usr/lib/jvm/zulu21-ca-amd64/lib/server/libjvm.so
713413e29000-713413efe000 r--p 01428000 103:02 42209310                  /usr/lib/jvm/zulu21-ca-amd64/lib/server/libjvm.so
713413efe000-713413f2e000 rw-p 014fd000 103:02 42209310                  /usr/lib/jvm/zulu21-ca-amd64/lib/server/libjvm.so
713413f2e000-713413f95000 rw-p 00000000 00:00 0 
713413fa1000-713413fa8000 r-xp 00000000 103:02 42209300                  /usr/lib/jvm/zulu21-ca-amd64/lib/libzip.so
713413fa8000-713413fa9000 ---p 00007000 103:02 42209300                  /usr/lib/jvm/zulu21-ca-amd64/lib/libzip.so
713413fa9000-713413faa000 r--p 00007000 103:02 42209300                  /usr/lib/jvm/zulu21-ca-amd64/lib/libzip.so
713413faa000-713413fab000 rw-p 00008000 103:02 42209300                  /usr/lib/jvm/zulu21-ca-amd64/lib/libzip.so
713413fab000-713413fbf000 r-xp 00000000 103:02 42209331                  /usr/lib/jvm/zulu21-ca-amd64/lib/libnio.so
713413fbf000-713413fc0000 r--p 00013000 103:02 42209331                  /usr/lib/jvm/zulu21-ca-amd64/lib/libnio.so
713413fc0000-713413fc1000 rw-p 00014000 103:02 42209331                  /usr/lib/jvm/zulu21-ca-amd64/lib/libnio.so
713413fc1000-713414000000 rw-p 00000000 00:00 0 
713414000000-713414028000 r--p 00000000 103:02 41569503                  /usr/lib/x86_64-linux-gnu/libc.so.6
713414028000-7134141b0000 r-xp 00028000 103:02 41569503                  /usr/lib/x86_64-linux-gnu/libc.so.6
7134141b0000-7134141ff000 r--p 001b0000 103:02 41569503                  /usr/lib/x86_64-linux-gnu/libc.so.6
7134141ff000-713414203000 r--p 001fe000 103:02 41569503                  /usr/lib/x86_64-linux-gnu/libc.so.6
713414203000-713414205000 rw-p 00202000 103:02 41569503                  /usr/lib/x86_64-linux-gnu/libc.so.6
713414205000-713414212000 rw-p 00000000 00:00 0 
713414212000-71341421e000 r-xp 00000000 103:02 42209301                  /usr/lib/jvm/zulu21-ca-amd64/lib/libnet.so
71341421e000-71341421f000 r--p 0000b000 103:02 42209301                  /usr/lib/jvm/zulu21-ca-amd64/lib/libnet.so
71341421f000-713414220000 rw-p 0000c000 103:02 42209301                  /usr/lib/jvm/zulu21-ca-amd64/lib/libnet.so
713414220000-713414265000 rw-p 00000000 00:00 0 
713414265000-71341426e000 ---p 00000000 00:00 0 
71341426e000-71341428f000 r-xp 00000000 103:02 42209329                  /usr/lib/jvm/zulu21-ca-amd64/lib/libjava.so
71341428f000-713414290000 r--p 00020000 103:02 42209329                  /usr/lib/jvm/zulu21-ca-amd64/lib/libjava.so
713414290000-713414291000 rw-p 00021000 103:02 42209329                  /usr/lib/jvm/zulu21-ca-amd64/lib/libjava.so
713414291000-713414292000 rw-p 00000000 00:00 0 
713414292000-7134142ad000 r-xp 00000000 103:02 42209333                  /usr/lib/jvm/zulu21-ca-amd64/lib/libjimage.so
7134142ad000-7134142ae000 ---p 0001b000 103:02 42209333                  /usr/lib/jvm/zulu21-ca-amd64/lib/libjimage.so
7134142ae000-7134142b0000 r--p 0001b000 103:02 42209333                  /usr/lib/jvm/zulu21-ca-amd64/lib/libjimage.so
7134142b0000-7134142b1000 rw-p 0001d000 103:02 42209333                  /usr/lib/jvm/zulu21-ca-amd64/lib/libjimage.so
7134142b1000-7134142c1000 r--p 00000000 103:02 41569512                  /usr/lib/x86_64-linux-gnu/libm.so.6
7134142c1000-713414340000 r-xp 00010000 103:02 41569512                  /usr/lib/x86_64-linux-gnu/libm.so.6
713414340000-713414398000 r--p 0008f000 103:02 41569512                  /usr/lib/x86_64-linux-gnu/libm.so.6
713414398000-713414399000 r--p 000e7000 103:02 41569512                  /usr/lib/x86_64-linux-gnu/libm.so.6
713414399000-71341439a000 rw-p 000e8000 103:02 41569512                  /usr/lib/x86_64-linux-gnu/libm.so.6
71341439a000-71341439b000 r--p 00000000 103:02 41570398                  /usr/lib/x86_64-linux-gnu/librt.so.1
71341439b000-71341439c000 r-xp 00001000 103:02 41570398                  /usr/lib/x86_64-linux-gnu/librt.so.1
71341439c000-71341439d000 r--p 00002000 103:02 41570398                  /usr/lib/x86_64-linux-gnu/librt.so.1
71341439d000-71341439e000 r--p 00002000 103:02 41570398                  /usr/lib/x86_64-linux-gnu/librt.so.1
71341439e000-71341439f000 rw-p 00003000 103:02 41570398                  /usr/lib/x86_64-linux-gnu/librt.so.1
71341439f000-7134143a3000 rw-p 00000000 00:00 0 
7134143a3000-7134143a4000 r--p 00000000 103:02 41569505                  /usr/lib/x86_64-linux-gnu/libdl.so.2
7134143a4000-7134143a5000 r-xp 00001000 103:02 41569505                  /usr/lib/x86_64-linux-gnu/libdl.so.2
7134143a5000-7134143a6000 r--p 00002000 103:02 41569505                  /usr/lib/x86_64-linux-gnu/libdl.so.2
7134143a6000-7134143a7000 r--p 00002000 103:02 41569505                  /usr/lib/x86_64-linux-gnu/libdl.so.2
7134143a7000-7134143a8000 rw-p 00003000 103:02 41569505                  /usr/lib/x86_64-linux-gnu/libdl.so.2
7134143a8000-7134143a9000 r--p 00000000 103:02 41570396                  /usr/lib/x86_64-linux-gnu/libpthread.so.0
7134143a9000-7134143aa000 r-xp 00001000 103:02 41570396                  /usr/lib/x86_64-linux-gnu/libpthread.so.0
7134143aa000-7134143ab000 r--p 00002000 103:02 41570396                  /usr/lib/x86_64-linux-gnu/libpthread.so.0
7134143ab000-7134143ac000 r--p 00002000 103:02 41570396                  /usr/lib/x86_64-linux-gnu/libpthread.so.0
7134143ac000-7134143ad000 rw-p 00003000 103:02 41570396                  /usr/lib/x86_64-linux-gnu/libpthread.so.0
7134143ad000-7134143bc000 r-xp 00000000 103:02 42209298                  /usr/lib/jvm/zulu21-ca-amd64/lib/libjli.so
7134143bc000-7134143bd000 ---p 0000f000 103:02 42209298                  /usr/lib/jvm/zulu21-ca-amd64/lib/libjli.so
7134143bd000-7134143be000 r--p 0000f000 103:02 42209298                  /usr/lib/jvm/zulu21-ca-amd64/lib/libjli.so
7134143be000-7134143bf000 rw-p 00010000 103:02 42209298                  /usr/lib/jvm/zulu21-ca-amd64/lib/libjli.so
7134143bf000-7134143c1000 r--p 00000000 103:02 41561978                  /usr/lib/x86_64-linux-gnu/libz.so.1.3
7134143c1000-7134143d3000 r-xp 00002000 103:02 41561978                  /usr/lib/x86_64-linux-gnu/libz.so.1.3
7134143d3000-7134143d9000 r--p 00014000 103:02 41561978                  /usr/lib/x86_64-linux-gnu/libz.so.1.3
7134143d9000-7134143da000 r--p 0001a000 103:02 41561978                  /usr/lib/x86_64-linux-gnu/libz.so.1.3
7134143da000-7134143db000 rw-p 0001b000 103:02 41561978                  /usr/lib/x86_64-linux-gnu/libz.so.1.3
7134143db000-7134143e2000 r--s 00000000 103:02 41568527                  /usr/lib/x86_64-linux-gnu/gconv/gconv-modules.cache
7134143e2000-7134143ea000 rw-s 00000000 103:02 38797330                  /tmp/hsperfdata_emre/388755
7134143ea000-7134143eb000 ---p 00000000 00:00 0 
7134143eb000-7134143ec000 r--p 00000000 00:00 0 
7134143ec000-7134143ed000 ---p 00000000 00:00 0 
7134143ed000-7134143ef000 rw-p 00000000 00:00 0 
7134143ef000-7134143f3000 r--p 00000000 00:00 0                          [vvar]
7134143f3000-7134143f5000 r--p 00000000 00:00 0                          [vvar_vclock]
7134143f5000-7134143f7000 r-xp 00000000 00:00 0                          [vdso]
7134143f7000-7134143f8000 r--p 00000000 103:02 41569369                  /usr/lib/x86_64-linux-gnu/ld-linux-x86-64.so.2
7134143f8000-713414423000 r-xp 00001000 103:02 41569369                  /usr/lib/x86_64-linux-gnu/ld-linux-x86-64.so.2
713414423000-71341442d000 r--p 0002c000 103:02 41569369                  /usr/lib/x86_64-linux-gnu/ld-linux-x86-64.so.2
71341442d000-71341442f000 r--p 00036000 103:02 41569369                  /usr/lib/x86_64-linux-gnu/ld-linux-x86-64.so.2
71341442f000-713414431000 rw-p 00038000 103:02 41569369                  /usr/lib/x86_64-linux-gnu/ld-linux-x86-64.so.2
7ffd6e4dc000-7ffd6e4fd000 rw-p 00000000 00:00 0                          [stack]
ffffffffff600000-ffffffffff601000 --xp 00000000 00:00 0                  [vsyscall]
Total number of mappings: 205

JVMTI agents: none


VM Arguments:
jvm_args: --add-opens=java.base/jdk.internal.misc=ALL-UNNAMED 
java_command: io.aeron.cluster.ClusterTool /home/emre/openexchange-data/aeron-cluster/node1/cluster recording-log
java_class_path (initial): /home/emre/Apps/openexchange/match/match-cluster/target/match-cluster.jar
Launcher Type: SUN_STANDARD

[Global flags]
     intx CICompilerCount                          = 12                                        {product} {ergonomic}
     uint ConcGCThreads                            = 5                                         {product} {ergonomic}
     uint G1ConcRefinementThreads                  = 18                                        {product} {ergonomic}
   size_t G1HeapRegionSize                         = 4194304                                   {product} {ergonomic}
    uintx GCDrainStackTargetSize                   = 64                                        {product} {ergonomic}
   size_t InitialHeapSize                          = 524288000                                 {product} {ergonomic}
   size_t MarkStackSize                            = 4194304                                   {product} {ergonomic}
   size_t MaxHeapSize                              = 8350859264                                {product} {ergonomic}
   size_t MaxNewSize                               = 5007998976                                {product} {ergonomic}
   size_t MinHeapDeltaBytes                        = 4194304                                   {product} {ergonomic}
   size_t MinHeapSize                              = 8388608                                   {product} {ergonomic}
    uintx NonNMethodCodeHeapSize                   = 7602480                                {pd product} {ergonomic}
    uintx NonProfiledCodeHeapSize                  = 122027880                              {pd product} {ergonomic}
    uintx ProfiledCodeHeapSize                     = 122027880                              {pd product} {ergonomic}
    uintx ReservedCodeCacheSize                    = 251658240                              {pd product} {ergonomic}
     bool SegmentedCodeCache                       = true                                      {product} {ergonomic}
   size_t SoftMaxHeapSize                          = 8350859264                             {manageable} {ergonomic}
     bool UseCompressedOops                        = true                           {product lp64_product} {ergonomic}
     bool UseG1GC                                  = true                                      {product} {ergonomic}

Logging:
Log output configuration:
 #0: stdout all=warning uptime,level,tags foldmultilines=false
 #1: stderr all=off uptime,level,tags foldmultilines=false

Release file:
<release file has not been read>
Environment Variables:
PATH=/usr/local/sbin:/usr/local/bin:/usr/sbin:/usr/bin:/sbin:/bin:/usr/games:/usr/local/games:/snap/bin:/snap/bin
SHELL=/bin/bash
LANG=en_US.UTF-8

Active Locale:
LC_ALL=en_US.UTF-8
LC_COLLATE=en_US.UTF-8
LC_CTYPE=en_US.UTF-8
LC_MESSAGES=en_US.UTF-8
LC_MONETARY=en_US.UTF-8
LC_NUMERIC=en_US.UTF-8
LC_TIME=en_US.UTF-8

Signal Handlers:
   SIGSEGV: crash_handler in libjvm.so, mask=11100100010111111101111111111110, flags=SA_RESTART|SA_SIGINFO, unblocked
    SIGBUS: crash_handler in libjvm.so, mask=11100100010111111101111111111110, flags=SA_RESTART|SA_SIGINFO, unblocked
    SIGFPE: crash_handler in libjvm.so, mask=11100100010111111101111111111110, flags=SA_RESTART|SA_SIGINFO, unblocked
   SIGPIPE: javaSignalHandler in libjvm.so, mask=11100100010111111101111111111110, flags=SA_RESTART|SA_SIGINFO, blocked
   SIGXFSZ: javaSignalHandler in libjvm.so, mask=11100100010111111101111111111110, flags=SA_RESTART|SA_SIGINFO, blocked
    SIGILL: crash_handler in libjvm.so, mask=11100100010111111101111111111110, flags=SA_RESTART|SA_SIGINFO, unblocked
   SIGUSR2: SR_handler in libjvm.so, mask=00000000000000000000000000000000, flags=SA_RESTART|SA_SIGINFO, blocked
    SIGHUP: UserHandler in libjvm.so, mask=11100100010111111101111111111110, flags=SA_RESTART|SA_SIGINFO, blocked
    SIGINT: UserHandler in libjvm.so, mask=11100100010111111101111111111110, flags=SA_RESTART|SA_SIGINFO, blocked
   SIGTERM: UserHandler in libjvm.so, mask=11100100010111111101111111111110, flags=SA_RESTART|SA_SIGINFO, blocked
   SIGQUIT: UserHandler in libjvm.so, mask=11100100010111111101111111111110, flags=SA_RESTART|SA_SIGINFO, blocked
   SIGTRAP: crash_handler in libjvm.so, mask=11100100010111111101111111111110, flags=SA_RESTART|SA_SIGINFO, unblocked


Periodic native trim disabled

---------------  S Y S T E M  ---------------

OS:
DISTRIB_ID=Ubuntu
DISTRIB_RELEASE=24.04
DISTRIB_CODENAME=noble
DISTRIB_DESCRIPTION="Ubuntu 24.04.3 LTS"
uname: Linux 7.0.0-28-generic #28~24.04.1-Ubuntu SMP PREEMPT_DYNAMIC Wed Jul  1 15:50:57 UTC 2 x86_64
OS uptime: 0 days 13:44 hours
libc: glibc 2.39 NPTL 2.39 
rlimit (soft/hard): STACK 8192k/infinity , CORE 0k/infinity , NPROC 115710/115710 , NOFILE 1048576/1048576 , AS infinity/infinity , CPU infinity/infinity , DATA infinity/infinity , FSIZE infinity/infinity , MEMLOCK 4076856k/4076856k
load average: 0.60 0.36 0.29

/proc/meminfo:
MemTotal:       32614848 kB
MemFree:         1054580 kB
MemAvailable:   18683088 kB
Buffers:          567704 kB
Cached:         17459428 kB
SwapCached:            0 kB
Active:         13120596 kB
Inactive:       14150140 kB
Active(anon):    9846172 kB
Inactive(anon):   176584 kB
Active(file):    3274424 kB
Inactive(file): 13973556 kB
Unevictable:       17536 kB
Mlocked:              64 kB
SwapTotal:       8388604 kB
SwapFree:        8388604 kB
Zswap:                 0 kB
Zswapped:              0 kB
Dirty:             34440 kB
Writeback:             0 kB
AnonPages:       9261848 kB
Mapped:          3710536 kB
Shmem:            779044 kB
KReclaimable:     719420 kB
Slab:            1125580 kB
SReclaimable:     719420 kB
SUnreclaim:       406160 kB
KernelStack:       41820 kB
PageTables:       121840 kB
SecPageTables:         0 kB
NFS_Unstable:          0 kB
Bounce:                0 kB
WritebackTmp:          0 kB
CommitLimit:    23647452 kB
Committed_AS:   44264208 kB
VmallocTotal:   34359738367 kB
VmallocUsed:      172844 kB
VmallocChunk:          0 kB
Percpu:            61248 kB
HardwareCorrupted:     0 kB
AnonHugePages:         0 kB
ShmemHugePages:    14336 kB
ShmemPmdMapped:        0 kB
FileHugePages:    913408 kB
FilePmdMapped:         0 kB
CmaTotal:              0 kB
CmaFree:          491060 kB
Unaccepted:            0 kB
Balloon:               0 kB
HugePages_Total:    1024
HugePages_Free:      953
HugePages_Rsvd:        1
HugePages_Surp:        0
Hugepagesize:       2048 kB
Hugetlb:         2097152 kB
DirectMap4k:     1285080 kB
DirectMap2M:    23638016 kB
DirectMap1G:     8388608 kB

/sys/kernel/mm/transparent_hugepage/enabled: always madvise [never]
/sys/kernel/mm/transparent_hugepage/hpage_pmd_size: 2097152
/sys/kernel/mm/transparent_hugepage/defrag (defrag/compaction efforts parameter): always defer defer+madvise madvise [never]

Process Memory:
Virtual Size: 11340476K (peak: 11340476K)
Resident Set Size: 50460K (peak: 50460K) (anon: 28608K, file: 21852K, shmem: 0K)
Swapped out: 0K
C-Heap outstanding allocations: 47273K, retained: 2446K
glibc malloc tunables: (default)

/proc/sys/kernel/threads-max (system-wide limit on the number of threads): 231420
/proc/sys/vm/max_map_count (maximum number of memory map areas a process may have): 1048576
/proc/sys/vm/swappiness (control to define how aggressively the kernel swaps out anonymous memory): 0
/proc/sys/kernel/pid_max (system-wide limit on number of process identifiers): 4194304

container information not found.
Steal ticks since vm start: 0
Steal ticks percentage since vm start:  0.000

CPU: total 24 (initial active 24) (24 cores per cpu, 1 threads per core) family 6 model 183 stepping 1 microcode 0x133, cx8, cmov, fxsr, mmx, 3dnowpref, sse, sse2, sse3, ssse3, sse4.1, sse4.2, popcnt, lzcnt, tsc, tscinvbit, avx, avx2, aes, erms, clmul, bmi1, bmi2, adx, sha, fma, vzeroupper, clflush, clflushopt, clwb, serialize, rdtscp, rdpid, fsrm, f16c, pku, ospke, cet_ibt, cet_ss
CPU Model and flags from /proc/cpuinfo:
model name	: 13th Gen Intel(R) Core(TM) i7-13700K
flags		: fpu vme de pse tsc msr pae mce cx8 apic sep mtrr pge mca cmov pat pse36 clflush dts acpi mmx fxsr sse sse2 ss ht tm pbe syscall nx pdpe1gb rdtscp lm constant_tsc art arch_perfmon pebs bts rep_good nopl xtopology nonstop_tsc cpuid aperfmperf tsc_known_freq pni pclmulqdq dtes64 monitor ds_cpl vmx smx est tm2 ssse3 sdbg fma cx16 xtpr pdcm pcid sse4_1 sse4_2 x2apic movbe popcnt tsc_deadline_timer aes xsave avx f16c rdrand lahf_lm abm 3dnowprefetch cpuid_fault ssbd ibrs ibpb stibp ibrs_enhanced tpr_shadow flexpriority ept vpid ept_ad fsgsbase tsc_adjust bmi1 avx2 smep bmi2 erms invpcid rdseed adx smap clflushopt clwb intel_pt sha_ni xsaveopt xsavec xgetbv1 xsaves split_lock_detect user_shstk avx_vnni dtherm ida arat pln pts hwp hwp_notify hwp_act_window hwp_epp hwp_pkg_req hfi vnmi umip pku ospke waitpkg gfni vaes vpclmulqdq rdpid movdiri movdir64b fsrm md_clear serialize pconfig arch_lbr ibt flush_l1d arch_capabilities

Online cpus: 0-23
Offline cpus: 
BIOS frequency limitation: <Not Available>
Frequency switch latency (ns): 0
Available cpu frequencies: <Not Available>
Current governor: powersave
Core performance/turbo boost: <Not Available>

Memory: 4k page, physical 32614848k(18683088k free), swap 8388604k(8388604k free)
Page Sizes: 4k

vm_info: OpenJDK 64-Bit Server VM (21.0.11+10-LTS) for linux-amd64 JRE (21.0.11+10-LTS) (Zulu21.50+19-CA), built on 2026-04-17T20:39:03Z by "zulu_re" with gcc 11.2.0

END.
