#
# A fatal error has been detected by the Java Runtime Environment:
#
#  SIGSEGV (0xb) at pc=0x00007cf59108213b, pid=528510, tid=528511
#
# JRE version: OpenJDK Runtime Environment Zulu21.50+19-CA (21.0.11+10) (build 21.0.11+10-LTS)
# Java VM: OpenJDK 64-Bit Server VM Zulu21.50+19-CA (21.0.11+10-LTS, mixed mode, sharing, tiered, compressed oops, compressed class ptrs, g1 gc, linux-amd64)
# Problematic frame:
# V  [libjvm.so+0xe8213b]  SignatureStream::SignatureStream(Symbol const*, bool)+0x15b
#
# Core dump will be written. Default location: Core dumps may be processed with "/usr/share/apport/apport -p%p -s%s -c%c -d%d -P%P -u%u -g%g -F%F -- %E" (or dumping to /home/emre/Apps/openexchange/match/core.528510)
#
# If you would like to submit a bug report, please visit:
#   http://www.azul.com/support/
#

---------------  S U M M A R Y ------------

Command Line: --add-opens=java.base/jdk.internal.misc=ALL-UNNAMED io.aeron.cluster.ClusterTool /home/emre/openexchange-data/aeron-cluster/node1/cluster list-members

Host: 13th Gen Intel(R) Core(TM) i7-13700K, 24 cores, 31G, Ubuntu 24.04.3 LTS
Time: Wed Jul 22 10:14:11 2026 +03 elapsed time: 0.031083 seconds (0d 0h 0m 0s)

---------------  T H R E A D  ---------------

Current thread (0x00007cf58802b260):  JavaThread "main"             [_thread_in_vm, id=528511, stack(0x00007cf590017000,0x00007cf590117000) (1024K)]

Stack: [0x00007cf590017000,0x00007cf590117000],  sp=0x00007cf590111c90,  free space=1003k
Native frames: (J=compiled Java code, j=interpreted, Vv=VM code, C=native code)
V  [libjvm.so+0xe8213b]  SignatureStream::SignatureStream(Symbol const*, bool)+0x15b
V  [libjvm.so+0xff1613]  ClassVerifier::translate_signature(Symbol*, sig_as_verification_types*)+0x33
V  [libjvm.so+0xff1c21]  ClassVerifier::create_method_sig_entry(sig_as_verification_types*, int)+0x41
V  [libjvm.so+0xffac1e]  ClassVerifier::verify_invoke_instructions(RawBytecodeStream*, unsigned int, StackMapFrame*, bool, bool*, VerificationType, constantPoolHandle const&, StackMapTable*, JavaThread*)+0x101e
V  [libjvm.so+0xffc21c]  ClassVerifier::verify_method(methodHandle const&, JavaThread*)+0xc0c
V  [libjvm.so+0x10030ad]  ClassVerifier::verify_class(JavaThread*)+0xed
V  [libjvm.so+0x10034dc]  Verifier::verify(InstanceKlass*, bool, JavaThread*)+0x32c
V  [libjvm.so+0x8f3393]  InstanceKlass::link_class_impl(JavaThread*)+0x473
V  [libjvm.so+0x8f8e4b]  InstanceKlass::initialize_impl(JavaThread*)+0x64b
V  [libjvm.so+0x915510]  InterpreterRuntime::_new(JavaThread*, ConstantPool*, int)+0x140
j  io.aeron.cluster.ClusterTool.<clinit>()V+38
v  ~StubRoutines::call_stub 0x00007cf577a5fcc6
V  [libjvm.so+0x920445]  JavaCalls::call_helper(JavaValue*, methodHandle const&, JavaCallArguments*, JavaThread*)+0x2f5
V  [libjvm.so+0x8f7e02]  InstanceKlass::call_class_initializer(JavaThread*)+0x322
V  [libjvm.so+0x8f8c99]  InstanceKlass::initialize_impl(JavaThread*)+0x499
V  [libjvm.so+0x9c51a8]  get_method_id(JNIEnv_*, _jclass*, char const*, char const*, bool, JavaThread*) [clone .constprop.0]+0x108
V  [libjvm.so+0x9c55bd]  jni_GetStaticMethodID+0xad
C  [libjli.so+0x554c]  JavaMain+0x101c
C  [libjli.so+0x8af9]  ThreadJavaMain+0x9
C  [libc.so.6+0x9caa4]
Java frames: (J=compiled Java code, j=interpreted, Vv=VM code)
j  io.aeron.cluster.ClusterTool.<clinit>()V+38
v  ~StubRoutines::call_stub 0x00007cf577a5fcc6

siginfo: si_signo: 11 (SIGSEGV), si_code: 1 (SEGV_MAPERR), si_addr: 0x0000000000000014

Registers:
RAX=0x000000000000000c, RBX=0x00007cf590111cf0, RCX=0x0000000000000001, RDX=0x00007cf5913f11e0
RSP=0x00007cf590111c90, RBP=0x00007cf590111cb0, RSI=0x00007cf5881db768, RDI=0x00007cf5881db768
R8 =0x00007cf5881db76f, R9 =0x00000000000000ba, R10=0x00007cf590112710, R11=0x00007cf4ec0ab400
R12=0x000000000000006c, R13=0x00007cf5881db76e, R14=0x00007cf4ec0ab4a0, R15=0x00000000000001d1
RIP=0x00007cf59108213b, EFLAGS=0x0000000000010206, CSGSFS=0x002b000000000033, ERR=0x0000000000000004
  TRAPNO=0x000000000000000e

XMM[0]=0x0000000000000000 0x0000000100000001
XMM[1]=0x0000000000000000 0x0000000000000001
XMM[2]=0x0000000000000000 0x0000000500000029
XMM[3]=0x0000000000000000 0x0000000000000005
XMM[4]=0x0000000000000000 0x0000000000000006
XMM[5]=0x0000000000000000 0x00007cf58802b260
XMM[6]=0x0000000000000000 0x00007cf4ec0ab280
XMM[7]=0x0000000000000000 0x0000000000000004
XMM[8]=0x3700049d00b91515 0x0f152b05191f00a5
XMM[9]=0x000000062d764a4d 0x000000062d764a4a
XMM[10]=0x7269442f616e6f72 0x67612f67726f4c28
XMM[11]=0xb68506151c2200b4 0x2a07363e00b62b06
XMM[12]=0x0000000000000000 0x2020202020202020
XMM[13]=0x0000000000000000 0x0000000000000000
XMM[14]=0x0000000000000000 0x0000000000000000
XMM[15]=0x0000000000000000 0x0000000000000000
  MXCSR=0x00001fa2


Register to memory mapping:

RAX=0x000000000000000c is an unknown value
RBX=0x00007cf590111cf0 is pointing into the stack for thread: 0x00007cf58802b260
RCX=0x0000000000000001 is an unknown value
RDX=0x00007cf5913f11e0: <offset 0x00000000011f11e0> in /usr/lib/jvm/zulu21-ca-amd64/lib/server/libjvm.so at 0x00007cf590200000
RSP=0x00007cf590111c90 is pointing into the stack for thread: 0x00007cf58802b260
RBP=0x00007cf590111cb0 is pointing into the stack for thread: 0x00007cf58802b260
RSI=0x00007cf5881db768 points into unknown readable memory: 0x4c28006c280c0001 | 01 00 0c 28 6c 00 28 4c
RDI=0x00007cf5881db768 points into unknown readable memory: 0x4c28006c280c0001 | 01 00 0c 28 6c 00 28 4c
R8 =0x00007cf5881db76f points into unknown readable memory: 4c
R9 =0x00000000000000ba is an unknown value
R10=0x00007cf590112710 is pointing into the stack for thread: 0x00007cf58802b260
R11=0x00007cf4ec0ab400 points into unknown readable memory: 0x0000000500000029 | 29 00 00 00 05 00 00 00
R12=0x000000000000006c is an unknown value
R13=0x00007cf5881db76e points into unknown readable memory: 28 4c
R14=0x00007cf4ec0ab4a0 points into unknown readable memory: 0x00007cf500000000 | 00 00 00 00 f5 7c 00 00
R15=0x00000000000001d1 is an unknown value

Top of Stack: (sp=0x00007cf590111c90)
0x00007cf590111c90:   0000000090111cb0 00007cf4ec0ab4a0   .............|..
0x00007cf590111ca0:   00007cf590111cf0 00007cf590113190   .....|...1...|..
0x00007cf590111cb0:   00007cf590111d50 00007cf5911f1613   P....|.......|..
0x00007cf590111cc0:   00007cf4ec0ab4a0 00007cf590113190   .....|...1...|..
0x00007cf590111cd0:   00007cf58802be08 000000028802b260   .....|..`.......
0x00007cf590111ce0:   0000000000110101 00000000000d0401   ................
0x00007cf590111cf0:   00007cf5881db768 0000000100000001   h....|..........
0x00007cf590111d00:   000000000000006c 000000010000000c   l...............
0x00007cf590111d10:   00007cf50b4de090 0000000000000000   ..M..|..........
0x00007cf590111d20:   00007cf4ec0c39a8 00000000000001e9   .9...|..........
0x00007cf590111d30:   00000000000001d3 00007cf590113190   .........1...|..
0x00007cf590111d40:   00007cf4ec0ab4a0 00000000000001d1   .....|..........
0x00007cf590111d50:   00007cf590111d90 00007cf5911f1c21   .....|..!....|..
0x00007cf590111d60:   00007cf590112130 00007cf4ec0ab4a0   0!...|.......|..
0x00007cf590111d70:   00007cf5901126a0 00007cf590113190   .&...|...1...|..
0x00007cf590111d80:   00000000000001d3 00000000000001d1   ................
0x00007cf590111d90:   00007cf590112130 00007cf5911fac1e   0!...|.......|..
0x00007cf590111da0:   00007cf590111f80 00007cf590112710   .....|...'...|..
0x00007cf590111db0:   00007cf5881db768 00007cf50b4f8ce8   h....|....O..|..
0x00007cf590111dc0:   00000000000001d1 00007cf5000000ba   .............|..
0x00007cf590111dd0:   00007cf4ec0ab438 00007cf5901121ff   8....|...!...|..
0x00007cf590111de0:   00000001000000b8 00007cf500000060   ........`....|..
0x00007cf590111df0:   00007cf4ec0c29e8 00000000ffff0001   .)...|..........
0x00007cf590111e00:   00007cf590112210 00007cf590112710   ."...|...'...|..
0x00007cf590111e10:   00007cf590113190 000000000000000c   .1...|..........
0x00007cf590111e20:   00007cf590112140 00007cf5911f5e2f   @!...|../^...|..
0x00007cf590111e30:   00007cf590112010 00007cf500000014   . ...|.......|..
0x00007cf590111e40:   00007c058802b260 00007cf50000004e   `....|..N....|..
0x00007cf590111e50:   00007cf5901126a0 0000000000000006   .&...|..........
0x00007cf590111e60:   00007cf4ec0aae80 0000000000000006   .....|..........
0x00007cf590111e70:   00007cf590112710 00007cf4ec0aabe8   .'...|.......|..
0x00007cf590111e80:   00007cf590112060 00007cf591097c53   ` ...|..S|...|..

Instructions: (pc=0x00007cf59108213b)
0x00007cf59108203b:   0f b6 d2 48 89 f7 4d 8d 44 15 00 41 0f be 00 83
0x00007cf59108204b:   f8 29 0f 84 95 00 00 00 83 e8 42 83 f8 19 76 1d
0x00007cf59108205b:   c7 43 18 00 00 00 00 8d 41 01 89 43 0c 48 83 c4
0x00007cf59108206b:   08 5b 41 5c 41 5d 5d c3 0f 1f 44 00 00 48 8d 15
0x00007cf59108207b:   61 f1 36 00 8b 04 82 89 43 18 83 f8 0c 0f 84 aa
0x00007cf59108208b:   00 00 00 83 f8 0d 75 cf 41 39 cc 0f 8e d8 00 00
0x00007cf59108209b:   00 8d 41 06 48 98 48 01 c7 89 c8 eb 14 0f 1f 84
0x00007cf5910820ab:   00 00 00 00 00 83 c0 01 48 83 c7 01 41 39 c4 74
0x00007cf5910820bb:   a9 0f b6 17 80 fa 5b 74 ec 41 39 c4 0f 8e a7 00
0x00007cf5910820cb:   00 00 89 c6 29 ce 89 73 14 80 fa 4c 0f 84 a3 00
0x00007cf5910820db:   00 00 83 c0 01 eb 83 66 0f 1f 44 00 00 83 c1 01
0x00007cf5910820eb:   c7 43 1c 03 00 00 00 66 0f 6e d1 66 0f 70 c2 e0
0x00007cf5910820fb:   66 0f d6 43 08 41 39 cc 7e 63 4c 63 c1 4d 01 e8
0x00007cf59108210b:   41 0f be 00 83 e8 42 83 f8 19 0f 86 5d ff ff ff
0x00007cf59108211b:   e9 3b ff ff ff 83 c9 fe 89 4f 1c 48 83 c4 08 5b
0x00007cf59108212b:   41 5c 41 5d 5d c3 0f 1f 80 00 00 00 00 44 89 e2
0x00007cf59108213b:   be 3b 00 00 00 4c 89 c7 29 ca 48 63 d2 e8 13 25
0x00007cf59108214b:   42 ff 48 8d 50 01 4c 29 ea 48 85 c0 89 d0 41 0f
0x00007cf59108215b:   44 c4 e9 03 ff ff ff 66 0f 1f 44 00 00 c7 43 1c
0x00007cf59108216b:   ff ff ff ff e9 f4 fe ff ff 44 89 e0 e9 e9 fe ff
0x00007cf59108217b:   ff 0f 1f 40 00 44 89 e2 be 3b 00 00 00 29 c2 48
0x00007cf59108218b:   63 d2 e8 ce 24 42 ff 48 89 c1 48 8d 40 01 4c 29
0x00007cf59108219b:   e8 48 85 c9 41 0f 44 c4 e9 bd fe ff ff 0f 1f 84
0x00007cf5910821ab:   00 00 00 00 00 55 48 8d 05 88 b4 6e 00 48 89 e5
0x00007cf5910821bb:   41 54 49 89 fc 53 48 8b 7f 20 48 3b 78 18 74 37
0x00007cf5910821cb:   e8 80 3b 0b 00 49 8b 44 24 28 48 85 c0 74 28 8b
0x00007cf5910821db:   10 85 d2 7e 22 31 db 66 0f 1f 44 00 00 48 8b 40
0x00007cf5910821eb:   08 48 8b 3c d8 48 83 c3 01 e8 57 3b 0b 00 49 8b
0x00007cf5910821fb:   44 24 28 39 18 7f e6 5b 41 5c 5d c3 90 0f 1f 84
0x00007cf59108220b:   00 00 00 00 00 55 48 89 e5 41 55 41 54 53 48 89
0x00007cf59108221b:   fb 48 83 ec 08 44 8b 67 10 8b 4f 0c 48 8b 17 44
0x00007cf59108222b:   39 e1 0f 8d dd 00 00 00 4c 8d 6a 06 48 63 f1 89


Stack slot to memory mapping:

stack at sp + 0 slots: 0x0000000090111cb0 is an unknown value
stack at sp + 1 slots: 0x00007cf4ec0ab4a0 points into unknown readable memory: 0x00007cf500000000 | 00 00 00 00 f5 7c 00 00
stack at sp + 2 slots: 0x00007cf590111cf0 is pointing into the stack for thread: 0x00007cf58802b260
stack at sp + 3 slots: 0x00007cf590113190 is pointing into the stack for thread: 0x00007cf58802b260
stack at sp + 4 slots: 0x00007cf590111d50 is pointing into the stack for thread: 0x00007cf58802b260
stack at sp + 5 slots: 0x00007cf5911f1613: <offset 0x0000000000ff1613> in /usr/lib/jvm/zulu21-ca-amd64/lib/server/libjvm.so at 0x00007cf590200000
stack at sp + 6 slots: 0x00007cf4ec0ab4a0 points into unknown readable memory: 0x00007cf500000000 | 00 00 00 00 f5 7c 00 00
stack at sp + 7 slots: 0x00007cf590113190 is pointing into the stack for thread: 0x00007cf58802b260


---------------  P R O C E S S  ---------------

Threads class SMR info:
_java_thread_list=0x00007cf4ec0d8b70, length=14, elements={
0x00007cf58802b260, 0x00007cf588157680, 0x00007cf588158bf0, 0x00007cf58815a370,
0x00007cf58815b9b0, 0x00007cf58815cf50, 0x00007cf58815eb10, 0x00007cf5881601d0,
0x00007cf4e002af00, 0x00007cf4e004cef0, 0x00007cf4e004e1a0, 0x00007cf5881aa620,
0x00007cf5881acf20, 0x00007cf4ec0d79d0
}

Java Threads: ( => current thread )
=>0x00007cf58802b260 JavaThread "main"                              [_thread_in_vm, id=528511, stack(0x00007cf590017000,0x00007cf590117000) (1024K)]
  0x00007cf588157680 JavaThread "Reference Handler"          daemon [_thread_blocked, id=528519, stack(0x00007cf559b7c000,0x00007cf559c7c000) (1024K)]
  0x00007cf588158bf0 JavaThread "Finalizer"                  daemon [_thread_blocked, id=528520, stack(0x00007cf559500000,0x00007cf559600000) (1024K)]
  0x00007cf58815a370 JavaThread "Signal Dispatcher"          daemon [_thread_blocked, id=528521, stack(0x00007cf559400000,0x00007cf559500000) (1024K)]
  0x00007cf58815b9b0 JavaThread "Service Thread"             daemon [_thread_blocked, id=528522, stack(0x00007cf559300000,0x00007cf559400000) (1024K)]
  0x00007cf58815cf50 JavaThread "Monitor Deflation Thread"   daemon [_thread_blocked, id=528523, stack(0x00007cf559200000,0x00007cf559300000) (1024K)]
  0x00007cf58815eb10 JavaThread "C2 CompilerThread0"         daemon [_thread_blocked, id=528524, stack(0x00007cf559100000,0x00007cf559200000) (1024K)]
  0x00007cf5881601d0 JavaThread "C1 CompilerThread0"         daemon [_thread_blocked, id=528525, stack(0x00007cf559000000,0x00007cf559100000) (1024K)]
  0x00007cf4e002af00 JavaThread "C1 CompilerThread1"         daemon [_thread_blocked, id=528526, stack(0x00007cf558e30000,0x00007cf558f30000) (1024K)]
  0x00007cf4e004cef0 JavaThread "C1 CompilerThread2"         daemon [_thread_blocked, id=528527, stack(0x00007cf558d30000,0x00007cf558e30000) (1024K)]
  0x00007cf4e004e1a0 JavaThread "C1 CompilerThread3"         daemon [_thread_blocked, id=528528, stack(0x00007cf558c30000,0x00007cf558d30000) (1024K)]
  0x00007cf5881aa620 JavaThread "Notification Thread"        daemon [_thread_blocked, id=528529, stack(0x00007cf558b30000,0x00007cf558c30000) (1024K)]
  0x00007cf5881acf20 JavaThread "Common-Cleaner"             daemon [_thread_blocked, id=528530, stack(0x00007cf558a30000,0x00007cf558b30000) (1024K)]
  0x00007cf4ec0d79d0 JavaThread "C2 CompilerThread1"         daemon [_thread_blocked, id=528531, stack(0x00007cf558930000,0x00007cf558a30000) (1024K)]
Total: 14

Other Threads:
  0x00007cf58814e280 VMThread "VM Thread"                           [id=528518, stack(0x00007cf559c7d000,0x00007cf559d7d000) (1024K)]
  0x00007cf58813b930 WatcherThread "VM Periodic Task Thread"        [id=528517, stack(0x00007cf559d7e000,0x00007cf559e7e000) (1024K)]
  0x00007cf588057f50 WorkerThread "GC Thread#0"                     [id=528512, stack(0x00007cf58cb1a000,0x00007cf58cc1a000) (1024K)]
  0x00007cf588068e90 ConcurrentGCThread "G1 Main Marker"            [id=528513, stack(0x00007cf58ca19000,0x00007cf58cb19000) (1024K)]
  0x00007cf588069e70 WorkerThread "G1 Conc#0"                       [id=528514, stack(0x00007cf58c918000,0x00007cf58ca18000) (1024K)]
  0x00007cf588128ec0 ConcurrentGCThread "G1 Refine#0"               [id=528515, stack(0x00007cf568088000,0x00007cf568188000) (1024K)]
  0x00007cf588129e80 ConcurrentGCThread "G1 Service"                [id=528516, stack(0x00007cf559f00000,0x00007cf55a000000) (1024K)]
Total: 7

Threads with active compile tasks:
Total: 0

VM state: not at safepoint (normal execution)

VM Mutex/Monitor currently owned by a thread: None

Heap address: 0x000000060e400000, size: 7964 MB, Compressed Oops mode: Zero based, Oop shift amount: 3

CDS archive(s) mapped at: [0x00007cf50b000000-0x00007cf50bcfe000-0x00007cf50bcfe000), size 13623296, SharedBaseAddress: 0x00007cf50b000000, ArchiveRelocationMode: 1.
Compressed class space mapped at: 0x00007cf50c000000-0x00007cf54c000000, reserved size: 1073741824
Narrow klass base: 0x00007cf50b000000, Narrow klass shift: 0, Narrow klass range: 0x100000000

GC Precious Log:
 CardTable entry size: 512
 Card Set container configuration: InlinePtr #cards 4 size 8 Array Of Cards #cards 32 size 80 Howl #buckets 8 coarsen threshold 7372 Howl Bitmap #cards 1024 size 144 coarsen threshold 921 Card regions per heap region 1 cards per card region 8192
 CPUs: 24 total, 24 available
 Memory: 31850M
 Large Page Support: Disabled
 NUMA Support: Disabled
 Compressed Oops: Enabled (Zero based)
 Heap Region Size: 4M
 Heap Min Capacity: 8M
 Heap Initial Capacity: 500M
 Heap Max Capacity: 7964M
 Pre-touch: Disabled
 Parallel Workers: 18
 Concurrent Workers: 5
 Concurrent Refinement Workers: 18
 Periodic GC: Disabled

Heap:
 garbage-first heap   total 516096K, used 1083K [0x000000060e400000, 0x0000000800000000)
  region size 4096K, 1 young (4096K), 0 survivors (0K)
 Metaspace       used 546K, committed 704K, reserved 1114112K
  class space    used 38K, committed 128K, reserved 1048576K

Heap Regions: E=young(eden), S=young(survivor), O=old, HS=humongous(starts), HC=humongous(continues), CS=collection set, F=free, TAMS=top-at-mark-start, PB=parsable bottom
|   0|0x000000060e400000, 0x000000060e400000, 0x000000060e800000|  0%| F|  |TAMS 0x000000060e400000| PB 0x000000060e400000| Untracked 
|   1|0x000000060e800000, 0x000000060e800000, 0x000000060ec00000|  0%| F|  |TAMS 0x000000060e800000| PB 0x000000060e800000| Untracked 
|   2|0x000000060ec00000, 0x000000060ec00000, 0x000000060f000000|  0%| F|  |TAMS 0x000000060ec00000| PB 0x000000060ec00000| Untracked 
|   3|0x000000060f000000, 0x000000060f000000, 0x000000060f400000|  0%| F|  |TAMS 0x000000060f000000| PB 0x000000060f000000| Untracked 
|   4|0x000000060f400000, 0x000000060f400000, 0x000000060f800000|  0%| F|  |TAMS 0x000000060f400000| PB 0x000000060f400000| Untracked 
|   5|0x000000060f800000, 0x000000060f800000, 0x000000060fc00000|  0%| F|  |TAMS 0x000000060f800000| PB 0x000000060f800000| Untracked 
|   6|0x000000060fc00000, 0x000000060fc00000, 0x0000000610000000|  0%| F|  |TAMS 0x000000060fc00000| PB 0x000000060fc00000| Untracked 
|   7|0x0000000610000000, 0x0000000610000000, 0x0000000610400000|  0%| F|  |TAMS 0x0000000610000000| PB 0x0000000610000000| Untracked 
|   8|0x0000000610400000, 0x0000000610400000, 0x0000000610800000|  0%| F|  |TAMS 0x0000000610400000| PB 0x0000000610400000| Untracked 
|   9|0x0000000610800000, 0x0000000610800000, 0x0000000610c00000|  0%| F|  |TAMS 0x0000000610800000| PB 0x0000000610800000| Untracked 
|  10|0x0000000610c00000, 0x0000000610c00000, 0x0000000611000000|  0%| F|  |TAMS 0x0000000610c00000| PB 0x0000000610c00000| Untracked 
|  11|0x0000000611000000, 0x0000000611000000, 0x0000000611400000|  0%| F|  |TAMS 0x0000000611000000| PB 0x0000000611000000| Untracked 
|  12|0x0000000611400000, 0x0000000611400000, 0x0000000611800000|  0%| F|  |TAMS 0x0000000611400000| PB 0x0000000611400000| Untracked 
|  13|0x0000000611800000, 0x0000000611800000, 0x0000000611c00000|  0%| F|  |TAMS 0x0000000611800000| PB 0x0000000611800000| Untracked 
|  14|0x0000000611c00000, 0x0000000611c00000, 0x0000000612000000|  0%| F|  |TAMS 0x0000000611c00000| PB 0x0000000611c00000| Untracked 
|  15|0x0000000612000000, 0x0000000612000000, 0x0000000612400000|  0%| F|  |TAMS 0x0000000612000000| PB 0x0000000612000000| Untracked 
|  16|0x0000000612400000, 0x0000000612400000, 0x0000000612800000|  0%| F|  |TAMS 0x0000000612400000| PB 0x0000000612400000| Untracked 
|  17|0x0000000612800000, 0x0000000612800000, 0x0000000612c00000|  0%| F|  |TAMS 0x0000000612800000| PB 0x0000000612800000| Untracked 
|  18|0x0000000612c00000, 0x0000000612c00000, 0x0000000613000000|  0%| F|  |TAMS 0x0000000612c00000| PB 0x0000000612c00000| Untracked 
|  19|0x0000000613000000, 0x0000000613000000, 0x0000000613400000|  0%| F|  |TAMS 0x0000000613000000| PB 0x0000000613000000| Untracked 
|  20|0x0000000613400000, 0x0000000613400000, 0x0000000613800000|  0%| F|  |TAMS 0x0000000613400000| PB 0x0000000613400000| Untracked 
|  21|0x0000000613800000, 0x0000000613800000, 0x0000000613c00000|  0%| F|  |TAMS 0x0000000613800000| PB 0x0000000613800000| Untracked 
|  22|0x0000000613c00000, 0x0000000613c00000, 0x0000000614000000|  0%| F|  |TAMS 0x0000000613c00000| PB 0x0000000613c00000| Untracked 
|  23|0x0000000614000000, 0x0000000614000000, 0x0000000614400000|  0%| F|  |TAMS 0x0000000614000000| PB 0x0000000614000000| Untracked 
|  24|0x0000000614400000, 0x0000000614400000, 0x0000000614800000|  0%| F|  |TAMS 0x0000000614400000| PB 0x0000000614400000| Untracked 
|  25|0x0000000614800000, 0x0000000614800000, 0x0000000614c00000|  0%| F|  |TAMS 0x0000000614800000| PB 0x0000000614800000| Untracked 
|  26|0x0000000614c00000, 0x0000000614c00000, 0x0000000615000000|  0%| F|  |TAMS 0x0000000614c00000| PB 0x0000000614c00000| Untracked 
|  27|0x0000000615000000, 0x0000000615000000, 0x0000000615400000|  0%| F|  |TAMS 0x0000000615000000| PB 0x0000000615000000| Untracked 
|  28|0x0000000615400000, 0x0000000615400000, 0x0000000615800000|  0%| F|  |TAMS 0x0000000615400000| PB 0x0000000615400000| Untracked 
|  29|0x0000000615800000, 0x0000000615800000, 0x0000000615c00000|  0%| F|  |TAMS 0x0000000615800000| PB 0x0000000615800000| Untracked 
|  30|0x0000000615c00000, 0x0000000615c00000, 0x0000000616000000|  0%| F|  |TAMS 0x0000000615c00000| PB 0x0000000615c00000| Untracked 
|  31|0x0000000616000000, 0x0000000616000000, 0x0000000616400000|  0%| F|  |TAMS 0x0000000616000000| PB 0x0000000616000000| Untracked 
|  32|0x0000000616400000, 0x0000000616400000, 0x0000000616800000|  0%| F|  |TAMS 0x0000000616400000| PB 0x0000000616400000| Untracked 
|  33|0x0000000616800000, 0x0000000616800000, 0x0000000616c00000|  0%| F|  |TAMS 0x0000000616800000| PB 0x0000000616800000| Untracked 
|  34|0x0000000616c00000, 0x0000000616c00000, 0x0000000617000000|  0%| F|  |TAMS 0x0000000616c00000| PB 0x0000000616c00000| Untracked 
|  35|0x0000000617000000, 0x0000000617000000, 0x0000000617400000|  0%| F|  |TAMS 0x0000000617000000| PB 0x0000000617000000| Untracked 
|  36|0x0000000617400000, 0x0000000617400000, 0x0000000617800000|  0%| F|  |TAMS 0x0000000617400000| PB 0x0000000617400000| Untracked 
|  37|0x0000000617800000, 0x0000000617800000, 0x0000000617c00000|  0%| F|  |TAMS 0x0000000617800000| PB 0x0000000617800000| Untracked 
|  38|0x0000000617c00000, 0x0000000617c00000, 0x0000000618000000|  0%| F|  |TAMS 0x0000000617c00000| PB 0x0000000617c00000| Untracked 
|  39|0x0000000618000000, 0x0000000618000000, 0x0000000618400000|  0%| F|  |TAMS 0x0000000618000000| PB 0x0000000618000000| Untracked 
|  40|0x0000000618400000, 0x0000000618400000, 0x0000000618800000|  0%| F|  |TAMS 0x0000000618400000| PB 0x0000000618400000| Untracked 
|  41|0x0000000618800000, 0x0000000618800000, 0x0000000618c00000|  0%| F|  |TAMS 0x0000000618800000| PB 0x0000000618800000| Untracked 
|  42|0x0000000618c00000, 0x0000000618c00000, 0x0000000619000000|  0%| F|  |TAMS 0x0000000618c00000| PB 0x0000000618c00000| Untracked 
|  43|0x0000000619000000, 0x0000000619000000, 0x0000000619400000|  0%| F|  |TAMS 0x0000000619000000| PB 0x0000000619000000| Untracked 
|  44|0x0000000619400000, 0x0000000619400000, 0x0000000619800000|  0%| F|  |TAMS 0x0000000619400000| PB 0x0000000619400000| Untracked 
|  45|0x0000000619800000, 0x0000000619800000, 0x0000000619c00000|  0%| F|  |TAMS 0x0000000619800000| PB 0x0000000619800000| Untracked 
|  46|0x0000000619c00000, 0x0000000619c00000, 0x000000061a000000|  0%| F|  |TAMS 0x0000000619c00000| PB 0x0000000619c00000| Untracked 
|  47|0x000000061a000000, 0x000000061a000000, 0x000000061a400000|  0%| F|  |TAMS 0x000000061a000000| PB 0x000000061a000000| Untracked 
|  48|0x000000061a400000, 0x000000061a400000, 0x000000061a800000|  0%| F|  |TAMS 0x000000061a400000| PB 0x000000061a400000| Untracked 
|  49|0x000000061a800000, 0x000000061a800000, 0x000000061ac00000|  0%| F|  |TAMS 0x000000061a800000| PB 0x000000061a800000| Untracked 
|  50|0x000000061ac00000, 0x000000061ac00000, 0x000000061b000000|  0%| F|  |TAMS 0x000000061ac00000| PB 0x000000061ac00000| Untracked 
|  51|0x000000061b000000, 0x000000061b000000, 0x000000061b400000|  0%| F|  |TAMS 0x000000061b000000| PB 0x000000061b000000| Untracked 
|  52|0x000000061b400000, 0x000000061b400000, 0x000000061b800000|  0%| F|  |TAMS 0x000000061b400000| PB 0x000000061b400000| Untracked 
|  53|0x000000061b800000, 0x000000061b800000, 0x000000061bc00000|  0%| F|  |TAMS 0x000000061b800000| PB 0x000000061b800000| Untracked 
|  54|0x000000061bc00000, 0x000000061bc00000, 0x000000061c000000|  0%| F|  |TAMS 0x000000061bc00000| PB 0x000000061bc00000| Untracked 
|  55|0x000000061c000000, 0x000000061c000000, 0x000000061c400000|  0%| F|  |TAMS 0x000000061c000000| PB 0x000000061c000000| Untracked 
|  56|0x000000061c400000, 0x000000061c400000, 0x000000061c800000|  0%| F|  |TAMS 0x000000061c400000| PB 0x000000061c400000| Untracked 
|  57|0x000000061c800000, 0x000000061c800000, 0x000000061cc00000|  0%| F|  |TAMS 0x000000061c800000| PB 0x000000061c800000| Untracked 
|  58|0x000000061cc00000, 0x000000061cc00000, 0x000000061d000000|  0%| F|  |TAMS 0x000000061cc00000| PB 0x000000061cc00000| Untracked 
|  59|0x000000061d000000, 0x000000061d000000, 0x000000061d400000|  0%| F|  |TAMS 0x000000061d000000| PB 0x000000061d000000| Untracked 
|  60|0x000000061d400000, 0x000000061d400000, 0x000000061d800000|  0%| F|  |TAMS 0x000000061d400000| PB 0x000000061d400000| Untracked 
|  61|0x000000061d800000, 0x000000061d800000, 0x000000061dc00000|  0%| F|  |TAMS 0x000000061d800000| PB 0x000000061d800000| Untracked 
|  62|0x000000061dc00000, 0x000000061dc00000, 0x000000061e000000|  0%| F|  |TAMS 0x000000061dc00000| PB 0x000000061dc00000| Untracked 
|  63|0x000000061e000000, 0x000000061e000000, 0x000000061e400000|  0%| F|  |TAMS 0x000000061e000000| PB 0x000000061e000000| Untracked 
|  64|0x000000061e400000, 0x000000061e400000, 0x000000061e800000|  0%| F|  |TAMS 0x000000061e400000| PB 0x000000061e400000| Untracked 
|  65|0x000000061e800000, 0x000000061e800000, 0x000000061ec00000|  0%| F|  |TAMS 0x000000061e800000| PB 0x000000061e800000| Untracked 
|  66|0x000000061ec00000, 0x000000061ec00000, 0x000000061f000000|  0%| F|  |TAMS 0x000000061ec00000| PB 0x000000061ec00000| Untracked 
|  67|0x000000061f000000, 0x000000061f000000, 0x000000061f400000|  0%| F|  |TAMS 0x000000061f000000| PB 0x000000061f000000| Untracked 
|  68|0x000000061f400000, 0x000000061f400000, 0x000000061f800000|  0%| F|  |TAMS 0x000000061f400000| PB 0x000000061f400000| Untracked 
|  69|0x000000061f800000, 0x000000061f800000, 0x000000061fc00000|  0%| F|  |TAMS 0x000000061f800000| PB 0x000000061f800000| Untracked 
|  70|0x000000061fc00000, 0x000000061fc00000, 0x0000000620000000|  0%| F|  |TAMS 0x000000061fc00000| PB 0x000000061fc00000| Untracked 
|  71|0x0000000620000000, 0x0000000620000000, 0x0000000620400000|  0%| F|  |TAMS 0x0000000620000000| PB 0x0000000620000000| Untracked 
|  72|0x0000000620400000, 0x0000000620400000, 0x0000000620800000|  0%| F|  |TAMS 0x0000000620400000| PB 0x0000000620400000| Untracked 
|  73|0x0000000620800000, 0x0000000620800000, 0x0000000620c00000|  0%| F|  |TAMS 0x0000000620800000| PB 0x0000000620800000| Untracked 
|  74|0x0000000620c00000, 0x0000000620c00000, 0x0000000621000000|  0%| F|  |TAMS 0x0000000620c00000| PB 0x0000000620c00000| Untracked 
|  75|0x0000000621000000, 0x0000000621000000, 0x0000000621400000|  0%| F|  |TAMS 0x0000000621000000| PB 0x0000000621000000| Untracked 
|  76|0x0000000621400000, 0x0000000621400000, 0x0000000621800000|  0%| F|  |TAMS 0x0000000621400000| PB 0x0000000621400000| Untracked 
|  77|0x0000000621800000, 0x0000000621800000, 0x0000000621c00000|  0%| F|  |TAMS 0x0000000621800000| PB 0x0000000621800000| Untracked 
|  78|0x0000000621c00000, 0x0000000621c00000, 0x0000000622000000|  0%| F|  |TAMS 0x0000000621c00000| PB 0x0000000621c00000| Untracked 
|  79|0x0000000622000000, 0x0000000622000000, 0x0000000622400000|  0%| F|  |TAMS 0x0000000622000000| PB 0x0000000622000000| Untracked 
|  80|0x0000000622400000, 0x0000000622400000, 0x0000000622800000|  0%| F|  |TAMS 0x0000000622400000| PB 0x0000000622400000| Untracked 
|  81|0x0000000622800000, 0x0000000622800000, 0x0000000622c00000|  0%| F|  |TAMS 0x0000000622800000| PB 0x0000000622800000| Untracked 
|  82|0x0000000622c00000, 0x0000000622c00000, 0x0000000623000000|  0%| F|  |TAMS 0x0000000622c00000| PB 0x0000000622c00000| Untracked 
|  83|0x0000000623000000, 0x0000000623000000, 0x0000000623400000|  0%| F|  |TAMS 0x0000000623000000| PB 0x0000000623000000| Untracked 
|  84|0x0000000623400000, 0x0000000623400000, 0x0000000623800000|  0%| F|  |TAMS 0x0000000623400000| PB 0x0000000623400000| Untracked 
|  85|0x0000000623800000, 0x0000000623800000, 0x0000000623c00000|  0%| F|  |TAMS 0x0000000623800000| PB 0x0000000623800000| Untracked 
|  86|0x0000000623c00000, 0x0000000623c00000, 0x0000000624000000|  0%| F|  |TAMS 0x0000000623c00000| PB 0x0000000623c00000| Untracked 
|  87|0x0000000624000000, 0x0000000624000000, 0x0000000624400000|  0%| F|  |TAMS 0x0000000624000000| PB 0x0000000624000000| Untracked 
|  88|0x0000000624400000, 0x0000000624400000, 0x0000000624800000|  0%| F|  |TAMS 0x0000000624400000| PB 0x0000000624400000| Untracked 
|  89|0x0000000624800000, 0x0000000624800000, 0x0000000624c00000|  0%| F|  |TAMS 0x0000000624800000| PB 0x0000000624800000| Untracked 
|  90|0x0000000624c00000, 0x0000000624c00000, 0x0000000625000000|  0%| F|  |TAMS 0x0000000624c00000| PB 0x0000000624c00000| Untracked 
|  91|0x0000000625000000, 0x0000000625000000, 0x0000000625400000|  0%| F|  |TAMS 0x0000000625000000| PB 0x0000000625000000| Untracked 
|  92|0x0000000625400000, 0x0000000625400000, 0x0000000625800000|  0%| F|  |TAMS 0x0000000625400000| PB 0x0000000625400000| Untracked 
|  93|0x0000000625800000, 0x0000000625800000, 0x0000000625c00000|  0%| F|  |TAMS 0x0000000625800000| PB 0x0000000625800000| Untracked 
|  94|0x0000000625c00000, 0x0000000625c00000, 0x0000000626000000|  0%| F|  |TAMS 0x0000000625c00000| PB 0x0000000625c00000| Untracked 
|  95|0x0000000626000000, 0x0000000626000000, 0x0000000626400000|  0%| F|  |TAMS 0x0000000626000000| PB 0x0000000626000000| Untracked 
|  96|0x0000000626400000, 0x0000000626400000, 0x0000000626800000|  0%| F|  |TAMS 0x0000000626400000| PB 0x0000000626400000| Untracked 
|  97|0x0000000626800000, 0x0000000626800000, 0x0000000626c00000|  0%| F|  |TAMS 0x0000000626800000| PB 0x0000000626800000| Untracked 
|  98|0x0000000626c00000, 0x0000000626c00000, 0x0000000627000000|  0%| F|  |TAMS 0x0000000626c00000| PB 0x0000000626c00000| Untracked 
|  99|0x0000000627000000, 0x0000000627000000, 0x0000000627400000|  0%| F|  |TAMS 0x0000000627000000| PB 0x0000000627000000| Untracked 
| 100|0x0000000627400000, 0x0000000627400000, 0x0000000627800000|  0%| F|  |TAMS 0x0000000627400000| PB 0x0000000627400000| Untracked 
| 101|0x0000000627800000, 0x0000000627800000, 0x0000000627c00000|  0%| F|  |TAMS 0x0000000627800000| PB 0x0000000627800000| Untracked 
| 102|0x0000000627c00000, 0x0000000627c00000, 0x0000000628000000|  0%| F|  |TAMS 0x0000000627c00000| PB 0x0000000627c00000| Untracked 
| 103|0x0000000628000000, 0x0000000628000000, 0x0000000628400000|  0%| F|  |TAMS 0x0000000628000000| PB 0x0000000628000000| Untracked 
| 104|0x0000000628400000, 0x0000000628400000, 0x0000000628800000|  0%| F|  |TAMS 0x0000000628400000| PB 0x0000000628400000| Untracked 
| 105|0x0000000628800000, 0x0000000628800000, 0x0000000628c00000|  0%| F|  |TAMS 0x0000000628800000| PB 0x0000000628800000| Untracked 
| 106|0x0000000628c00000, 0x0000000628c00000, 0x0000000629000000|  0%| F|  |TAMS 0x0000000628c00000| PB 0x0000000628c00000| Untracked 
| 107|0x0000000629000000, 0x0000000629000000, 0x0000000629400000|  0%| F|  |TAMS 0x0000000629000000| PB 0x0000000629000000| Untracked 
| 108|0x0000000629400000, 0x0000000629400000, 0x0000000629800000|  0%| F|  |TAMS 0x0000000629400000| PB 0x0000000629400000| Untracked 
| 109|0x0000000629800000, 0x0000000629800000, 0x0000000629c00000|  0%| F|  |TAMS 0x0000000629800000| PB 0x0000000629800000| Untracked 
| 110|0x0000000629c00000, 0x0000000629c00000, 0x000000062a000000|  0%| F|  |TAMS 0x0000000629c00000| PB 0x0000000629c00000| Untracked 
| 111|0x000000062a000000, 0x000000062a000000, 0x000000062a400000|  0%| F|  |TAMS 0x000000062a000000| PB 0x000000062a000000| Untracked 
| 112|0x000000062a400000, 0x000000062a400000, 0x000000062a800000|  0%| F|  |TAMS 0x000000062a400000| PB 0x000000062a400000| Untracked 
| 113|0x000000062a800000, 0x000000062a800000, 0x000000062ac00000|  0%| F|  |TAMS 0x000000062a800000| PB 0x000000062a800000| Untracked 
| 114|0x000000062ac00000, 0x000000062ac00000, 0x000000062b000000|  0%| F|  |TAMS 0x000000062ac00000| PB 0x000000062ac00000| Untracked 
| 115|0x000000062b000000, 0x000000062b000000, 0x000000062b400000|  0%| F|  |TAMS 0x000000062b000000| PB 0x000000062b000000| Untracked 
| 116|0x000000062b400000, 0x000000062b400000, 0x000000062b800000|  0%| F|  |TAMS 0x000000062b400000| PB 0x000000062b400000| Untracked 
| 117|0x000000062b800000, 0x000000062b800000, 0x000000062bc00000|  0%| F|  |TAMS 0x000000062b800000| PB 0x000000062b800000| Untracked 
| 118|0x000000062bc00000, 0x000000062bc00000, 0x000000062c000000|  0%| F|  |TAMS 0x000000062bc00000| PB 0x000000062bc00000| Untracked 
| 119|0x000000062c000000, 0x000000062c000000, 0x000000062c400000|  0%| F|  |TAMS 0x000000062c000000| PB 0x000000062c000000| Untracked 
| 120|0x000000062c400000, 0x000000062c400000, 0x000000062c800000|  0%| F|  |TAMS 0x000000062c400000| PB 0x000000062c400000| Untracked 
| 121|0x000000062c800000, 0x000000062c800000, 0x000000062cc00000|  0%| F|  |TAMS 0x000000062c800000| PB 0x000000062c800000| Untracked 
| 122|0x000000062cc00000, 0x000000062cc00000, 0x000000062d000000|  0%| F|  |TAMS 0x000000062cc00000| PB 0x000000062cc00000| Untracked 
| 123|0x000000062d000000, 0x000000062d000000, 0x000000062d400000|  0%| F|  |TAMS 0x000000062d000000| PB 0x000000062d000000| Untracked 
| 124|0x000000062d400000, 0x000000062d787098, 0x000000062d800000| 88%| E|  |TAMS 0x000000062d400000| PB 0x000000062d400000| Complete 
|1990|0x00000007ffc00000, 0x00000007ffd0ec28, 0x0000000800000000| 26%| O|  |TAMS 0x00000007ffc00000| PB 0x00000007ffc00000| Untracked 

Card table byte_map: [0x00007cf58cd17000,0x00007cf58dca5000] _byte_map_base: 0x00007cf589ca5000

Marking Bits: (CMBitMap*) 0x00007cf588058a80
 Bits: [0x00007cf568990000, 0x00007cf570600000)

Polling page: 0x00007cf591b39000

Metaspace:

Usage:
  Non-class:    508.39 KB used.
      Class:     38.50 KB used.
       Both:    546.89 KB used.

Virtual space:
  Non-class space:       64.00 MB reserved,     576.00 KB ( <1%) committed,  1 nodes.
      Class space:        1.00 GB reserved,     128.00 KB ( <1%) committed,  1 nodes.
             Both:        1.06 GB reserved,     704.00 KB ( <1%) committed. 

Chunk freelists:
   Non-Class:  11.88 MB
       Class:  15.74 MB
        Both:  27.61 MB

MaxMetaspaceSize: unlimited
CompressedClassSpaceSize: 1.00 GB
Initial GC threshold: 21.00 MB
Current GC threshold: 21.00 MB
CDS: on
 - commit_granule_bytes: 65536.
 - commit_granule_words: 8192.
 - virtual_space_node_default_size: 8388608.
 - enlarge_chunks_in_place: 1.
 - use_allocation_guard: 0.


Internal statistics:

num_allocs_failed_limit: 0.
num_arena_births: 12.
num_arena_deaths: 0.
num_vsnodes_births: 2.
num_vsnodes_deaths: 0.
num_space_committed: 11.
num_space_uncommitted: 0.
num_chunks_returned_to_freelist: 0.
num_chunks_taken_from_freelist: 23.
num_chunk_merges: 0.
num_chunk_splits: 13.
num_chunks_enlarged: 8.
num_inconsistent_stats: 0.

CodeHeap 'non-profiled nmethods': size=119168Kb used=52Kb max_used=52Kb free=119115Kb
 bounds [0x00007cf5781a0000, 0x00007cf578410000, 0x00007cf57f600000]
CodeHeap 'profiled nmethods': size=119164Kb used=154Kb max_used=154Kb free=119009Kb
 bounds [0x00007cf570600000, 0x00007cf570870000, 0x00007cf577a5f000]
CodeHeap 'non-nmethods': size=7428Kb used=2960Kb max_used=2976Kb free=4467Kb
 bounds [0x00007cf577a5f000, 0x00007cf577d4f000, 0x00007cf5781a0000]
CodeCache: size=245760Kb, used=3166Kb, max_used=3182Kb, free=242591Kb
 total_blobs=550, nmethods=145, adapters=308, full_count=0
Compilation: enabled, stopped_count=0, restarted_count=0

Compilation events (20 events):
Event: 0.027 Thread 0x00007cf5881601d0  136       3       java.lang.String::getBytes (44 bytes)
Event: 0.027 Thread 0x00007cf5881601d0 nmethod 136 0x00007cf570624290 code [0x00007cf570624460, 0x00007cf570624750]
Event: 0.028 Thread 0x00007cf4e002af00  137       3       java.lang.String::<init> (15 bytes)
Event: 0.028 Thread 0x00007cf4e004e1a0  138       3       java.lang.AbstractStringBuilder::isLatin1 (19 bytes)
Event: 0.028 Thread 0x00007cf4e002af00 nmethod 137 0x00007cf570624890 code [0x00007cf570624a20, 0x00007cf570624be8]
Event: 0.028 Thread 0x00007cf4e004cef0  139       3       java.lang.StringBuilder::append (8 bytes)
Event: 0.028 Thread 0x00007cf4e004e1a0 nmethod 138 0x00007cf570624c90 code [0x00007cf570624e20, 0x00007cf570624f88]
Event: 0.028 Thread 0x00007cf4e002af00  140       3       java.lang.AbstractStringBuilder::append (45 bytes)
Event: 0.028 Thread 0x00007cf4e004cef0 nmethod 139 0x00007cf570625010 code [0x00007cf5706251c0, 0x00007cf570625308]
Event: 0.028 Thread 0x00007cf4e004cef0  141       3       jdk.internal.misc.Unsafe::pickPos (14 bytes)
Event: 0.028 Thread 0x00007cf4e004cef0 nmethod 141 0x00007cf570625390 code [0x00007cf570625520, 0x00007cf570625618]
Event: 0.028 Thread 0x00007cf4e004e1a0  142       3       java.lang.String::isEmpty (14 bytes)
Event: 0.028 Thread 0x00007cf4e004e1a0 nmethod 142 0x00007cf570625690 code [0x00007cf570625820, 0x00007cf570625988]
Event: 0.028 Thread 0x00007cf4e002af00 nmethod 140 0x00007cf570625a10 code [0x00007cf570625c20, 0x00007cf570626148]
Event: 0.028 Thread 0x00007cf5881601d0  143       3       java.lang.StringLatin1::lastIndexOf (40 bytes)
Event: 0.028 Thread 0x00007cf4e002af00  144       1       java.lang.AbstractStringBuilder::getValue (5 bytes)
Event: 0.028 Thread 0x00007cf4e004e1a0  145       1       java.lang.AbstractStringBuilder::length (5 bytes)
Event: 0.028 Thread 0x00007cf5881601d0 nmethod 143 0x00007cf570626390 code [0x00007cf570626560, 0x00007cf570626950]
Event: 0.028 Thread 0x00007cf4e004e1a0 nmethod 145 0x00007cf5781ab890 code [0x00007cf5781aba20, 0x00007cf5781abae0]
Event: 0.028 Thread 0x00007cf4e002af00 nmethod 144 0x00007cf5781abb90 code [0x00007cf5781abd20, 0x00007cf5781abde8]

GC Heap History (0 events):
No events

Dll operation events (4 events):
Event: 0.001 Loaded shared library /usr/lib/jvm/zulu21-ca-amd64/lib/libjava.so
Event: 0.013 Loaded shared library /usr/lib/jvm/zulu21-ca-amd64/lib/libjsvml.so
Event: 0.020 Loaded shared library /usr/lib/jvm/zulu21-ca-amd64/lib/libnio.so
Event: 0.023 Loaded shared library /usr/lib/jvm/zulu21-ca-amd64/lib/libzip.so

Deoptimization events (0 events):
No events

Classes loaded (20 events):
Event: 0.026 Loading class java/util/concurrent/BlockingQueue done
Event: 0.026 Loading class java/util/AbstractQueue
Event: 0.026 Loading class java/util/AbstractQueue done
Event: 0.026 Loading class java/util/concurrent/SynchronousQueue done
Event: 0.026 Loading class java/util/concurrent/SynchronousQueue$Transferer
Event: 0.026 Loading class java/util/concurrent/LinkedTransferQueue
Event: 0.026 Loading class java/util/concurrent/TransferQueue
Event: 0.026 Loading class java/util/concurrent/TransferQueue done
Event: 0.026 Loading class java/util/concurrent/LinkedTransferQueue done
Event: 0.026 Loading class java/util/concurrent/SynchronousQueue$Transferer done
Event: 0.027 Loading class java/util/concurrent/LinkedTransferQueue$DualNode
Event: 0.027 Loading class java/util/concurrent/LinkedTransferQueue$DualNode done
Event: 0.027 Loading class java/lang/invoke/VarHandleInts$FieldInstanceReadWrite
Event: 0.027 Loading class java/lang/invoke/VarHandleInts$FieldInstanceReadOnly
Event: 0.027 Loading class java/lang/invoke/VarHandleInts$FieldInstanceReadOnly done
Event: 0.027 Loading class java/lang/invoke/VarHandleInts$FieldInstanceReadWrite done
Event: 0.027 Loading class java/io/IOException
Event: 0.027 Loading class java/io/IOException done
Event: 0.028 Loading class java/io/UncheckedIOException
Event: 0.028 Loading class java/io/UncheckedIOException done

Classes unloaded (0 events):
No events

Classes redefined (0 events):
No events

Internal exceptions (3 events):
Event: 0.025 Thread 0x00007cf58802b260 Exception <a 'java/lang/NoSuchMethodError'{0x000000062d7202a0}: 'java.lang.Object java.lang.invoke.DirectMethodHandle$Holder.invokeStatic(java.lang.Object, long, java.lang.Object)'> (0x000000062d7202a0) 
thrown [src/hotspot/share/interpreter/linkResolver.cpp, line 772]
Event: 0.025 Thread 0x00007cf58802b260 Exception <a 'java/lang/NoSuchMethodError'{0x000000062d723888}: 'java.lang.Object java.lang.invoke.DirectMethodHandle$Holder.invokeStaticInit(java.lang.Object, long, java.lang.Object)'> (0x000000062d723888) 
thrown [src/hotspot/share/interpreter/linkResolver.cpp, line 772]
Event: 0.026 Thread 0x00007cf58802b260 Exception <a 'java/lang/NoSuchMethodError'{0x000000062d729110}: 'java.lang.Object java.lang.invoke.DirectMethodHandle$Holder.newInvokeSpecial(java.lang.Object, long)'> (0x000000062d729110) 
thrown [src/hotspot/share/interpreter/linkResolver.cpp, line 772]

ZGC Phase Switch (0 events):
No events

VM Operations (2 events):
Event: 0.023 Executing non-safepoint VM operation: HandshakeAllThreads (Deoptimize)
Event: 0.023 Executing non-safepoint VM operation: HandshakeAllThreads (Deoptimize) done

Memory protections (14 events):
Event: 0.001 Protecting memory [0x00007cf590017000,0x00007cf59001b000] with protection modes 0
Event: 0.012 Protecting memory [0x00007cf559b7c000,0x00007cf559b80000] with protection modes 0
Event: 0.012 Protecting memory [0x00007cf559500000,0x00007cf559504000] with protection modes 0
Event: 0.013 Protecting memory [0x00007cf559400000,0x00007cf559404000] with protection modes 0
Event: 0.013 Protecting memory [0x00007cf559300000,0x00007cf559304000] with protection modes 0
Event: 0.013 Protecting memory [0x00007cf559200000,0x00007cf559204000] with protection modes 0
Event: 0.013 Protecting memory [0x00007cf559100000,0x00007cf559104000] with protection modes 0
Event: 0.013 Protecting memory [0x00007cf559000000,0x00007cf559004000] with protection modes 0
Event: 0.014 Protecting memory [0x00007cf558e30000,0x00007cf558e34000] with protection modes 0
Event: 0.015 Protecting memory [0x00007cf558d30000,0x00007cf558d34000] with protection modes 0
Event: 0.015 Protecting memory [0x00007cf558c30000,0x00007cf558c34000] with protection modes 0
Event: 0.019 Protecting memory [0x00007cf558b30000,0x00007cf558b34000] with protection modes 0
Event: 0.019 Protecting memory [0x00007cf558a30000,0x00007cf558a34000] with protection modes 0
Event: 0.023 Protecting memory [0x00007cf558930000,0x00007cf558934000] with protection modes 0

Nmethod flushes (0 events):
No events

Events (14 events):
Event: 0.009 Thread 0x00007cf58802b260 Thread added: 0x00007cf58802b260
Event: 0.012 Thread 0x00007cf58802b260 Thread added: 0x00007cf588157680
Event: 0.012 Thread 0x00007cf58802b260 Thread added: 0x00007cf588158bf0
Event: 0.012 Thread 0x00007cf58802b260 Thread added: 0x00007cf58815a370
Event: 0.013 Thread 0x00007cf58802b260 Thread added: 0x00007cf58815b9b0
Event: 0.013 Thread 0x00007cf58802b260 Thread added: 0x00007cf58815cf50
Event: 0.013 Thread 0x00007cf58802b260 Thread added: 0x00007cf58815eb10
Event: 0.013 Thread 0x00007cf58802b260 Thread added: 0x00007cf5881601d0
Event: 0.014 Thread 0x00007cf5881601d0 Thread added: 0x00007cf4e002af00
Event: 0.015 Thread 0x00007cf5881601d0 Thread added: 0x00007cf4e004cef0
Event: 0.015 Thread 0x00007cf5881601d0 Thread added: 0x00007cf4e004e1a0
Event: 0.019 Thread 0x00007cf58802b260 Thread added: 0x00007cf5881aa620
Event: 0.019 Thread 0x00007cf58802b260 Thread added: 0x00007cf5881acf20
Event: 0.023 Thread 0x00007cf58815eb10 Thread added: 0x00007cf4ec0d79d0


Dynamic libraries:
60e400000-62d800000 rw-p 00000000 00:00 0 
62d800000-7ffc00000 ---p 00000000 00:00 0 
7ffc00000-7ffd0f000 rw-p 00d3f000 103:02 42209309                        /usr/lib/jvm/zulu21-ca-amd64/lib/server/classes.jsa
7ffd0f000-800000000 rw-p 00000000 00:00 0 
5843dd77c000-5843dd77d000 r-xp 00000000 103:02 42209347                  /usr/lib/jvm/zulu21-ca-amd64/bin/java
5843dd77e000-5843dd77f000 r--p 00001000 103:02 42209347                  /usr/lib/jvm/zulu21-ca-amd64/bin/java
5843dd77f000-5843dd780000 rw-p 00002000 103:02 42209347                  /usr/lib/jvm/zulu21-ca-amd64/bin/java
5843eaf90000-5843eafd6000 rw-p 00000000 00:00 0                          [heap]
7cf4c8000000-7cf4c802d000 rw-p 00000000 00:00 0 
7cf4c802d000-7cf4cc000000 ---p 00000000 00:00 0 
7cf4d0000000-7cf4d0021000 rw-p 00000000 00:00 0 
7cf4d0021000-7cf4d4000000 ---p 00000000 00:00 0 
7cf4d4000000-7cf4d4021000 rw-p 00000000 00:00 0 
7cf4d4021000-7cf4d8000000 ---p 00000000 00:00 0 
7cf4d8000000-7cf4d8021000 rw-p 00000000 00:00 0 
7cf4d8021000-7cf4dc000000 ---p 00000000 00:00 0 
7cf4dc000000-7cf4dc021000 rw-p 00000000 00:00 0 
7cf4dc021000-7cf4e0000000 ---p 00000000 00:00 0 
7cf4e0000000-7cf4e0052000 rw-p 00000000 00:00 0 
7cf4e0052000-7cf4e4000000 ---p 00000000 00:00 0 
7cf4e4000000-7cf4e4054000 rw-p 00000000 00:00 0 
7cf4e4054000-7cf4e8000000 ---p 00000000 00:00 0 
7cf4e8000000-7cf4e8021000 rw-p 00000000 00:00 0 
7cf4e8021000-7cf4ec000000 ---p 00000000 00:00 0 
7cf4ec000000-7cf4ec0ef000 rw-p 00000000 00:00 0 
7cf4ec0ef000-7cf4f0000000 ---p 00000000 00:00 0 
7cf4f0000000-7cf4f0021000 rw-p 00000000 00:00 0 
7cf4f0021000-7cf4f4000000 ---p 00000000 00:00 0 
7cf4f4000000-7cf4f4021000 rw-p 00000000 00:00 0 
7cf4f4021000-7cf4f8000000 ---p 00000000 00:00 0 
7cf4f8000000-7cf4f8021000 rw-p 00000000 00:00 0 
7cf4f8021000-7cf4fc000000 ---p 00000000 00:00 0 
7cf4fc000000-7cf4fc021000 rw-p 00000000 00:00 0 
7cf4fc021000-7cf500000000 ---p 00000000 00:00 0 
7cf500000000-7cf500021000 rw-p 00000000 00:00 0 
7cf500021000-7cf504000000 ---p 00000000 00:00 0 
7cf507000000-7cf507070000 rw-p 00000000 00:00 0 
7cf507070000-7cf507400000 ---p 00000000 00:00 0 
7cf507400000-7cf507420000 rw-p 00000000 00:00 0 
7cf507420000-7cf50b000000 ---p 00000000 00:00 0 
7cf50b000000-7cf50bcfe000 rw-p 00001000 103:02 42209309                  /usr/lib/jvm/zulu21-ca-amd64/lib/server/classes.jsa
7cf50bcfe000-7cf50c000000 ---p 00000000 00:00 0 
7cf50c000000-7cf50c010000 rw-p 00000000 00:00 0 
7cf50c010000-7cf50c040000 ---p 00000000 00:00 0 
7cf50c040000-7cf50c050000 rw-p 00000000 00:00 0 
7cf50c050000-7cf54c000000 ---p 00000000 00:00 0 
7cf54c000000-7cf54c021000 rw-p 00000000 00:00 0 
7cf54c021000-7cf550000000 ---p 00000000 00:00 0 
7cf550000000-7cf550021000 rw-p 00000000 00:00 0 
7cf550021000-7cf554000000 ---p 00000000 00:00 0 
7cf554000000-7cf554021000 rw-p 00000000 00:00 0 
7cf554021000-7cf558000000 ---p 00000000 00:00 0 
7cf5584c1000-7cf558930000 rw-p 00000000 00:00 0 
7cf558930000-7cf558934000 ---p 00000000 00:00 0 
7cf558934000-7cf558a30000 rw-p 00000000 00:00 0 
7cf558a30000-7cf558a34000 ---p 00000000 00:00 0 
7cf558a34000-7cf558b30000 rw-p 00000000 00:00 0 
7cf558b30000-7cf558b34000 ---p 00000000 00:00 0 
7cf558b34000-7cf558c30000 rw-p 00000000 00:00 0 
7cf558c30000-7cf558c34000 ---p 00000000 00:00 0 
7cf558c34000-7cf558d30000 rw-p 00000000 00:00 0 
7cf558d30000-7cf558d34000 ---p 00000000 00:00 0 
7cf558d34000-7cf558e30000 rw-p 00000000 00:00 0 
7cf558e30000-7cf558e34000 ---p 00000000 00:00 0 
7cf558e34000-7cf558f30000 rw-p 00000000 00:00 0 
7cf558f30000-7cf558ffe000 r-xp 00000000 103:02 42209345                  /usr/lib/jvm/zulu21-ca-amd64/lib/libjsvml.so
7cf558ffe000-7cf558fff000 r--p 000cd000 103:02 42209345                  /usr/lib/jvm/zulu21-ca-amd64/lib/libjsvml.so
7cf558fff000-7cf559000000 rw-p 000ce000 103:02 42209345                  /usr/lib/jvm/zulu21-ca-amd64/lib/libjsvml.so
7cf559000000-7cf559004000 ---p 00000000 00:00 0 
7cf559004000-7cf559100000 rw-p 00000000 00:00 0 
7cf559100000-7cf559104000 ---p 00000000 00:00 0 
7cf559104000-7cf559200000 rw-p 00000000 00:00 0 
7cf559200000-7cf559204000 ---p 00000000 00:00 0 
7cf559204000-7cf559300000 rw-p 00000000 00:00 0 
7cf559300000-7cf559304000 ---p 00000000 00:00 0 
7cf559304000-7cf559400000 rw-p 00000000 00:00 0 
7cf559400000-7cf559404000 ---p 00000000 00:00 0 
7cf559404000-7cf559500000 rw-p 00000000 00:00 0 
7cf559500000-7cf559504000 ---p 00000000 00:00 0 
7cf559504000-7cf559600000 rw-p 00000000 00:00 0 
7cf559600000-7cf559b75000 r--p 00000000 103:02 41549904                  /usr/lib/locale/locale-archive
7cf559b7c000-7cf559b80000 ---p 00000000 00:00 0 
7cf559b80000-7cf559c7c000 rw-p 00000000 00:00 0 
7cf559c7c000-7cf559c7d000 ---p 00000000 00:00 0 
7cf559c7d000-7cf559d7d000 rw-p 00000000 00:00 0 
7cf559d7d000-7cf559d7e000 ---p 00000000 00:00 0 
7cf559d7e000-7cf559e7e000 rw-p 00000000 00:00 0 
7cf559e7e000-7cf559eff000 rw-p 00000000 00:00 0 
7cf559eff000-7cf559f00000 ---p 00000000 00:00 0 
7cf559f00000-7cf55a000000 rw-p 00000000 00:00 0 
7cf55a000000-7cf55c021000 rw-p 00000000 00:00 0 
7cf55c021000-7cf560000000 ---p 00000000 00:00 0 
7cf560000000-7cf560021000 rw-p 00000000 00:00 0 
7cf560021000-7cf564000000 ---p 00000000 00:00 0 
7cf564000000-7cf564021000 rw-p 00000000 00:00 0 
7cf564021000-7cf568000000 ---p 00000000 00:00 0 
7cf56802c000-7cf568087000 rw-p 00000000 00:00 0 
7cf568087000-7cf568088000 ---p 00000000 00:00 0 
7cf568088000-7cf568188000 rw-p 00000000 00:00 0 
7cf568188000-7cf569160000 rw-p 00000000 00:00 0 
7cf569160000-7cf5705f0000 ---p 00000000 00:00 0 
7cf5705f0000-7cf570600000 rw-p 00000000 00:00 0 
7cf570600000-7cf570870000 rwxp 00000000 00:00 0 
7cf570870000-7cf577a5f000 ---p 00000000 00:00 0 
7cf577a5f000-7cf577d4f000 rwxp 00000000 00:00 0 
7cf577d4f000-7cf5781a0000 ---p 00000000 00:00 0 
7cf5781a0000-7cf578410000 rwxp 00000000 00:00 0 
7cf578410000-7cf57f600000 ---p 00000000 00:00 0 
7cf57f600000-7cf587ec9000 r--s 00000000 103:02 42209316                  /usr/lib/jvm/zulu21-ca-amd64/lib/modules
7cf587eff000-7cf588204000 rw-p 00000000 00:00 0 
7cf588204000-7cf58c000000 ---p 00000000 00:00 0 
7cf58c004000-7cf58c00b000 r-xp 00000000 103:02 42209300                  /usr/lib/jvm/zulu21-ca-amd64/lib/libzip.so
7cf58c00b000-7cf58c00c000 ---p 00007000 103:02 42209300                  /usr/lib/jvm/zulu21-ca-amd64/lib/libzip.so
7cf58c00c000-7cf58c00d000 r--p 00007000 103:02 42209300                  /usr/lib/jvm/zulu21-ca-amd64/lib/libzip.so
7cf58c00d000-7cf58c00e000 rw-p 00008000 103:02 42209300                  /usr/lib/jvm/zulu21-ca-amd64/lib/libzip.so
7cf58c00e000-7cf58c917000 rw-p 00000000 00:00 0 
7cf58c917000-7cf58c918000 ---p 00000000 00:00 0 
7cf58c918000-7cf58ca18000 rw-p 00000000 00:00 0 
7cf58ca18000-7cf58ca19000 ---p 00000000 00:00 0 
7cf58ca19000-7cf58cb19000 rw-p 00000000 00:00 0 
7cf58cb19000-7cf58cb1a000 ---p 00000000 00:00 0 
7cf58cb1a000-7cf58cc1a000 rw-p 00000000 00:00 0 
7cf58cc1a000-7cf58ce11000 rw-p 00000000 00:00 0 
7cf58ce11000-7cf58dca3000 ---p 00000000 00:00 0 
7cf58dca3000-7cf58dd9f000 rw-p 00000000 00:00 0 
7cf58dd9f000-7cf58ec31000 ---p 00000000 00:00 0 
7cf58ec31000-7cf58fe4a000 rw-p 00000000 00:00 0 
7cf58fe4a000-7cf58ff2e000 ---p 00000000 00:00 0 
7cf58ff2e000-7cf58ff33000 rw-p 00000000 00:00 0 
7cf58ff33000-7cf590017000 ---p 00000000 00:00 0 
7cf590017000-7cf59001b000 ---p 00000000 00:00 0 
7cf59001b000-7cf590117000 rw-p 00000000 00:00 0 
7cf590117000-7cf590127000 r--p 00000000 103:02 41569512                  /usr/lib/x86_64-linux-gnu/libm.so.6
7cf590127000-7cf5901a6000 r-xp 00010000 103:02 41569512                  /usr/lib/x86_64-linux-gnu/libm.so.6
7cf5901a6000-7cf5901fe000 r--p 0008f000 103:02 41569512                  /usr/lib/x86_64-linux-gnu/libm.so.6
7cf5901fe000-7cf5901ff000 r--p 000e7000 103:02 41569512                  /usr/lib/x86_64-linux-gnu/libm.so.6
7cf5901ff000-7cf590200000 rw-p 000e8000 103:02 41569512                  /usr/lib/x86_64-linux-gnu/libm.so.6
7cf590200000-7cf591629000 r-xp 00000000 103:02 42209310                  /usr/lib/jvm/zulu21-ca-amd64/lib/server/libjvm.so
7cf591629000-7cf5916fe000 r--p 01428000 103:02 42209310                  /usr/lib/jvm/zulu21-ca-amd64/lib/server/libjvm.so
7cf5916fe000-7cf59172e000 rw-p 014fd000 103:02 42209310                  /usr/lib/jvm/zulu21-ca-amd64/lib/server/libjvm.so
7cf59172e000-7cf591795000 rw-p 00000000 00:00 0 
7cf59179b000-7cf5917a7000 r-xp 00000000 103:02 42209301                  /usr/lib/jvm/zulu21-ca-amd64/lib/libnet.so
7cf5917a7000-7cf5917a8000 r--p 0000b000 103:02 42209301                  /usr/lib/jvm/zulu21-ca-amd64/lib/libnet.so
7cf5917a8000-7cf5917a9000 rw-p 0000c000 103:02 42209301                  /usr/lib/jvm/zulu21-ca-amd64/lib/libnet.so
7cf5917a9000-7cf5917bd000 r-xp 00000000 103:02 42209331                  /usr/lib/jvm/zulu21-ca-amd64/lib/libnio.so
7cf5917bd000-7cf5917be000 r--p 00013000 103:02 42209331                  /usr/lib/jvm/zulu21-ca-amd64/lib/libnio.so
7cf5917be000-7cf5917bf000 rw-p 00014000 103:02 42209331                  /usr/lib/jvm/zulu21-ca-amd64/lib/libnio.so
7cf5917bf000-7cf591800000 rw-p 00000000 00:00 0 
7cf591800000-7cf591828000 r--p 00000000 103:02 41569503                  /usr/lib/x86_64-linux-gnu/libc.so.6
7cf591828000-7cf5919b0000 r-xp 00028000 103:02 41569503                  /usr/lib/x86_64-linux-gnu/libc.so.6
7cf5919b0000-7cf5919ff000 r--p 001b0000 103:02 41569503                  /usr/lib/x86_64-linux-gnu/libc.so.6
7cf5919ff000-7cf591a03000 r--p 001fe000 103:02 41569503                  /usr/lib/x86_64-linux-gnu/libc.so.6
7cf591a03000-7cf591a05000 rw-p 00202000 103:02 41569503                  /usr/lib/x86_64-linux-gnu/libc.so.6
7cf591a05000-7cf591a12000 rw-p 00000000 00:00 0 
7cf591a19000-7cf591a9d000 rw-p 00000000 00:00 0 
7cf591a9d000-7cf591aa6000 ---p 00000000 00:00 0 
7cf591aa6000-7cf591ac7000 r-xp 00000000 103:02 42209329                  /usr/lib/jvm/zulu21-ca-amd64/lib/libjava.so
7cf591ac7000-7cf591ac8000 r--p 00020000 103:02 42209329                  /usr/lib/jvm/zulu21-ca-amd64/lib/libjava.so
7cf591ac8000-7cf591ac9000 rw-p 00021000 103:02 42209329                  /usr/lib/jvm/zulu21-ca-amd64/lib/libjava.so
7cf591ac9000-7cf591aca000 rw-p 00000000 00:00 0 
7cf591aca000-7cf591ae5000 r-xp 00000000 103:02 42209333                  /usr/lib/jvm/zulu21-ca-amd64/lib/libjimage.so
7cf591ae5000-7cf591ae6000 ---p 0001b000 103:02 42209333                  /usr/lib/jvm/zulu21-ca-amd64/lib/libjimage.so
7cf591ae6000-7cf591ae8000 r--p 0001b000 103:02 42209333                  /usr/lib/jvm/zulu21-ca-amd64/lib/libjimage.so
7cf591ae8000-7cf591ae9000 rw-p 0001d000 103:02 42209333                  /usr/lib/jvm/zulu21-ca-amd64/lib/libjimage.so
7cf591ae9000-7cf591aea000 r--p 00000000 103:02 41570398                  /usr/lib/x86_64-linux-gnu/librt.so.1
7cf591aea000-7cf591aeb000 r-xp 00001000 103:02 41570398                  /usr/lib/x86_64-linux-gnu/librt.so.1
7cf591aeb000-7cf591aec000 r--p 00002000 103:02 41570398                  /usr/lib/x86_64-linux-gnu/librt.so.1
7cf591aec000-7cf591aed000 r--p 00002000 103:02 41570398                  /usr/lib/x86_64-linux-gnu/librt.so.1
7cf591aed000-7cf591aee000 rw-p 00003000 103:02 41570398                  /usr/lib/x86_64-linux-gnu/librt.so.1
7cf591aee000-7cf591af2000 rw-p 00000000 00:00 0 
7cf591af2000-7cf591af3000 r--p 00000000 103:02 41569505                  /usr/lib/x86_64-linux-gnu/libdl.so.2
7cf591af3000-7cf591af4000 r-xp 00001000 103:02 41569505                  /usr/lib/x86_64-linux-gnu/libdl.so.2
7cf591af4000-7cf591af5000 r--p 00002000 103:02 41569505                  /usr/lib/x86_64-linux-gnu/libdl.so.2
7cf591af5000-7cf591af6000 r--p 00002000 103:02 41569505                  /usr/lib/x86_64-linux-gnu/libdl.so.2
7cf591af6000-7cf591af7000 rw-p 00003000 103:02 41569505                  /usr/lib/x86_64-linux-gnu/libdl.so.2
7cf591af7000-7cf591af8000 r--p 00000000 103:02 41570396                  /usr/lib/x86_64-linux-gnu/libpthread.so.0
7cf591af8000-7cf591af9000 r-xp 00001000 103:02 41570396                  /usr/lib/x86_64-linux-gnu/libpthread.so.0
7cf591af9000-7cf591afa000 r--p 00002000 103:02 41570396                  /usr/lib/x86_64-linux-gnu/libpthread.so.0
7cf591afa000-7cf591afb000 r--p 00002000 103:02 41570396                  /usr/lib/x86_64-linux-gnu/libpthread.so.0
7cf591afb000-7cf591afc000 rw-p 00003000 103:02 41570396                  /usr/lib/x86_64-linux-gnu/libpthread.so.0
7cf591afc000-7cf591b0b000 r-xp 00000000 103:02 42209298                  /usr/lib/jvm/zulu21-ca-amd64/lib/libjli.so
7cf591b0b000-7cf591b0c000 ---p 0000f000 103:02 42209298                  /usr/lib/jvm/zulu21-ca-amd64/lib/libjli.so
7cf591b0c000-7cf591b0d000 r--p 0000f000 103:02 42209298                  /usr/lib/jvm/zulu21-ca-amd64/lib/libjli.so
7cf591b0d000-7cf591b0e000 rw-p 00010000 103:02 42209298                  /usr/lib/jvm/zulu21-ca-amd64/lib/libjli.so
7cf591b0e000-7cf591b10000 r--p 00000000 103:02 41561978                  /usr/lib/x86_64-linux-gnu/libz.so.1.3
7cf591b10000-7cf591b22000 r-xp 00002000 103:02 41561978                  /usr/lib/x86_64-linux-gnu/libz.so.1.3
7cf591b22000-7cf591b28000 r--p 00014000 103:02 41561978                  /usr/lib/x86_64-linux-gnu/libz.so.1.3
7cf591b28000-7cf591b29000 r--p 0001a000 103:02 41561978                  /usr/lib/x86_64-linux-gnu/libz.so.1.3
7cf591b29000-7cf591b2a000 rw-p 0001b000 103:02 41561978                  /usr/lib/x86_64-linux-gnu/libz.so.1.3
7cf591b2a000-7cf591b31000 r--s 00000000 103:02 41568527                  /usr/lib/x86_64-linux-gnu/gconv/gconv-modules.cache
7cf591b31000-7cf591b39000 rw-s 00000000 103:02 38797330                  /tmp/hsperfdata_emre/528510
7cf591b39000-7cf591b3a000 ---p 00000000 00:00 0 
7cf591b3a000-7cf591b3b000 r--p 00000000 00:00 0 
7cf591b3b000-7cf591b3c000 ---p 00000000 00:00 0 
7cf591b3c000-7cf591b3e000 rw-p 00000000 00:00 0 
7cf591b3e000-7cf591b42000 r--p 00000000 00:00 0                          [vvar]
7cf591b42000-7cf591b44000 r--p 00000000 00:00 0                          [vvar_vclock]
7cf591b44000-7cf591b46000 r-xp 00000000 00:00 0                          [vdso]
7cf591b46000-7cf591b47000 r--p 00000000 103:02 41569369                  /usr/lib/x86_64-linux-gnu/ld-linux-x86-64.so.2
7cf591b47000-7cf591b72000 r-xp 00001000 103:02 41569369                  /usr/lib/x86_64-linux-gnu/ld-linux-x86-64.so.2
7cf591b72000-7cf591b7c000 r--p 0002c000 103:02 41569369                  /usr/lib/x86_64-linux-gnu/ld-linux-x86-64.so.2
7cf591b7c000-7cf591b7e000 r--p 00036000 103:02 41569369                  /usr/lib/x86_64-linux-gnu/ld-linux-x86-64.so.2
7cf591b7e000-7cf591b80000 rw-p 00038000 103:02 41569369                  /usr/lib/x86_64-linux-gnu/ld-linux-x86-64.so.2
7ffe300ac000-7ffe300cd000 rw-p 00000000 00:00 0                          [stack]
ffffffffff600000-ffffffffff601000 --xp 00000000 00:00 0                  [vsyscall]
Total number of mappings: 205

JVMTI agents: none


VM Arguments:
jvm_args: --add-opens=java.base/jdk.internal.misc=ALL-UNNAMED 
java_command: io.aeron.cluster.ClusterTool /home/emre/openexchange-data/aeron-cluster/node1/cluster list-members
java_class_path (initial): /home/emre/Apps/openexchange/match/match-cluster/target/match-cluster.jar
Launcher Type: SUN_STANDARD

[Global flags]
     intx CICompilerCount                          = 12                                        {product} {ergonomic}
     uint ConcGCThreads                            = 5                                         {product} {ergonomic}
     uint G1ConcRefinementThreads                  = 18                                        {product} {ergonomic}
   size_t G1HeapRegionSize                         = 4194304                                   {product} {ergonomic}
    uintx GCDrainStackTargetSize                   = 64                                        {product} {ergonomic}
   size_t InitialHeapSize                          = 524288000                                 {product} {ergonomic}
   size_t MarkStackSize                            = 4194304                                   {product} {ergonomic}
   size_t MaxHeapSize                              = 8350859264                                {product} {ergonomic}
   size_t MaxNewSize                               = 5007998976                                {product} {ergonomic}
   size_t MinHeapDeltaBytes                        = 4194304                                   {product} {ergonomic}
   size_t MinHeapSize                              = 8388608                                   {product} {ergonomic}
    uintx NonNMethodCodeHeapSize                   = 7602480                                {pd product} {ergonomic}
    uintx NonProfiledCodeHeapSize                  = 122027880                              {pd product} {ergonomic}
    uintx ProfiledCodeHeapSize                     = 122027880                              {pd product} {ergonomic}
    uintx ReservedCodeCacheSize                    = 251658240                              {pd product} {ergonomic}
     bool SegmentedCodeCache                       = true                                      {product} {ergonomic}
   size_t SoftMaxHeapSize                          = 8350859264                             {manageable} {ergonomic}
     bool UseCompressedOops                        = true                           {product lp64_product} {ergonomic}
     bool UseG1GC                                  = true                                      {product} {ergonomic}

Logging:
Log output configuration:
 #0: stdout all=warning uptime,level,tags foldmultilines=false
 #1: stderr all=off uptime,level,tags foldmultilines=false

Release file:
<release file has not been read>
Environment Variables:
PATH=/usr/local/sbin:/usr/local/bin:/usr/sbin:/usr/bin:/sbin:/bin:/usr/games:/usr/local/games:/snap/bin:/snap/bin
SHELL=/bin/bash
LANG=en_US.UTF-8

Active Locale:
LC_ALL=en_US.UTF-8
LC_COLLATE=en_US.UTF-8
LC_CTYPE=en_US.UTF-8
LC_MESSAGES=en_US.UTF-8
LC_MONETARY=en_US.UTF-8
LC_NUMERIC=en_US.UTF-8
LC_TIME=en_US.UTF-8

Signal Handlers:
   SIGSEGV: crash_handler in libjvm.so, mask=11100100010111111101111111111110, flags=SA_RESTART|SA_SIGINFO, unblocked
    SIGBUS: crash_handler in libjvm.so, mask=11100100010111111101111111111110, flags=SA_RESTART|SA_SIGINFO, unblocked
    SIGFPE: crash_handler in libjvm.so, mask=11100100010111111101111111111110, flags=SA_RESTART|SA_SIGINFO, unblocked
   SIGPIPE: javaSignalHandler in libjvm.so, mask=11100100010111111101111111111110, flags=SA_RESTART|SA_SIGINFO, blocked
   SIGXFSZ: javaSignalHandler in libjvm.so, mask=11100100010111111101111111111110, flags=SA_RESTART|SA_SIGINFO, blocked
    SIGILL: crash_handler in libjvm.so, mask=11100100010111111101111111111110, flags=SA_RESTART|SA_SIGINFO, unblocked
   SIGUSR2: SR_handler in libjvm.so, mask=00000000000000000000000000000000, flags=SA_RESTART|SA_SIGINFO, blocked
    SIGHUP: UserHandler in libjvm.so, mask=11100100010111111101111111111110, flags=SA_RESTART|SA_SIGINFO, blocked
    SIGINT: UserHandler in libjvm.so, mask=11100100010111111101111111111110, flags=SA_RESTART|SA_SIGINFO, blocked
   SIGTERM: UserHandler in libjvm.so, mask=11100100010111111101111111111110, flags=SA_RESTART|SA_SIGINFO, blocked
   SIGQUIT: UserHandler in libjvm.so, mask=11100100010111111101111111111110, flags=SA_RESTART|SA_SIGINFO, blocked
   SIGTRAP: crash_handler in libjvm.so, mask=11100100010111111101111111111110, flags=SA_RESTART|SA_SIGINFO, unblocked


Periodic native trim disabled

---------------  S Y S T E M  ---------------

OS:
DISTRIB_ID=Ubuntu
DISTRIB_RELEASE=24.04
DISTRIB_CODENAME=noble
DISTRIB_DESCRIPTION="Ubuntu 24.04.3 LTS"
uname: Linux 7.0.0-28-generic #28~24.04.1-Ubuntu SMP PREEMPT_DYNAMIC Wed Jul  1 15:50:57 UTC 2 x86_64
OS uptime: 0 days 17:34 hours
libc: glibc 2.39 NPTL 2.39 
rlimit (soft/hard): STACK 8192k/infinity , CORE 0k/infinity , NPROC 115710/115710 , NOFILE 1048576/1048576 , AS infinity/infinity , CPU infinity/infinity , DATA infinity/infinity , FSIZE infinity/infinity , MEMLOCK 4076856k/4076856k
load average: 0.29 0.16 0.17

/proc/meminfo:
MemTotal:       32614848 kB
MemFree:         5700216 kB
MemAvailable:   18468512 kB
Buffers:          701300 kB
Cached:         12738648 kB
SwapCached:            0 kB
Active:          8327412 kB
Inactive:       14358012 kB
Active(anon):    6022856 kB
Inactive(anon):  4218216 kB
Active(file):    2304556 kB
Inactive(file): 10139796 kB
Unevictable:       18432 kB
Mlocked:              64 kB
SwapTotal:       8388604 kB
SwapFree:        8388604 kB
Zswap:                 0 kB
Zswapped:              0 kB
Dirty:              2624 kB
Writeback:             0 kB
AnonPages:       9264596 kB
Mapped:          3504012 kB
Shmem:            995568 kB
KReclaimable:     662836 kB
Slab:            1092188 kB
SReclaimable:     662836 kB
SUnreclaim:       429352 kB
KernelStack:       41272 kB
PageTables:       120376 kB
SecPageTables:         0 kB
NFS_Unstable:          0 kB
Bounce:                0 kB
WritebackTmp:          0 kB
CommitLimit:    23647452 kB
Committed_AS:   42973948 kB
VmallocTotal:   34359738367 kB
VmallocUsed:      172396 kB
VmallocChunk:          0 kB
Percpu:            37344 kB
HardwareCorrupted:     0 kB
AnonHugePages:         0 kB
ShmemHugePages:    14336 kB
ShmemPmdMapped:        0 kB
FileHugePages:    225280 kB
FilePmdMapped:         0 kB
CmaTotal:              0 kB
CmaFree:          793164 kB
Unaccepted:            0 kB
Balloon:               0 kB
HugePages_Total:    1024
HugePages_Free:      953
HugePages_Rsvd:        1
HugePages_Surp:        0
Hugepagesize:       2048 kB
Hugetlb:         2097152 kB
DirectMap4k:     2966488 kB
DirectMap2M:    28248064 kB
DirectMap1G:     2097152 kB

/sys/kernel/mm/transparent_hugepage/enabled: always madvise [never]
/sys/kernel/mm/transparent_hugepage/hpage_pmd_size: 2097152
/sys/kernel/mm/transparent_hugepage/defrag (defrag/compaction efforts parameter): always defer defer+madvise madvise [never]

Process Memory:
Virtual Size: 11340476K (peak: 11401404K)
Resident Set Size: 50164K (peak: 50164K) (anon: 28272K, file: 21892K, shmem: 0K)
Swapped out: 0K
C-Heap outstanding allocations: 47045K, retained: 2386K
glibc malloc tunables: (default)

/proc/sys/kernel/threads-max (system-wide limit on the number of threads): 231420
/proc/sys/vm/max_map_count (maximum number of memory map areas a process may have): 1048576
/proc/sys/vm/swappiness (control to define how aggressively the kernel swaps out anonymous memory): 0
/proc/sys/kernel/pid_max (system-wide limit on number of process identifiers): 4194304

container information not found.
Steal ticks since vm start: 0
Steal ticks percentage since vm start:  0.000

CPU: total 24 (initial active 24) (24 cores per cpu, 1 threads per core) family 6 model 183 stepping 1 microcode 0x133, cx8, cmov, fxsr, mmx, 3dnowpref, sse, sse2, sse3, ssse3, sse4.1, sse4.2, popcnt, lzcnt, tsc, tscinvbit, avx, avx2, aes, erms, clmul, bmi1, bmi2, adx, sha, fma, vzeroupper, clflush, clflushopt, clwb, serialize, rdtscp, rdpid, fsrm, f16c, pku, ospke, cet_ibt, cet_ss
CPU Model and flags from /proc/cpuinfo:
model name	: 13th Gen Intel(R) Core(TM) i7-13700K
flags		: fpu vme de pse tsc msr pae mce cx8 apic sep mtrr pge mca cmov pat pse36 clflush dts acpi mmx fxsr sse sse2 ss ht tm pbe syscall nx pdpe1gb rdtscp lm constant_tsc art arch_perfmon pebs bts rep_good nopl xtopology nonstop_tsc cpuid aperfmperf tsc_known_freq pni pclmulqdq dtes64 monitor ds_cpl vmx smx est tm2 ssse3 sdbg fma cx16 xtpr pdcm pcid sse4_1 sse4_2 x2apic movbe popcnt tsc_deadline_timer aes xsave avx f16c rdrand lahf_lm abm 3dnowprefetch cpuid_fault ssbd ibrs ibpb stibp ibrs_enhanced tpr_shadow flexpriority ept vpid ept_ad fsgsbase tsc_adjust bmi1 avx2 smep bmi2 erms invpcid rdseed adx smap clflushopt clwb intel_pt sha_ni xsaveopt xsavec xgetbv1 xsaves split_lock_detect user_shstk avx_vnni dtherm ida arat pln pts hwp hwp_notify hwp_act_window hwp_epp hwp_pkg_req hfi vnmi umip pku ospke waitpkg gfni vaes vpclmulqdq rdpid movdiri movdir64b fsrm md_clear serialize pconfig arch_lbr ibt flush_l1d arch_capabilities

Online cpus: 0-23
Offline cpus: 
BIOS frequency limitation: <Not Available>
Frequency switch latency (ns): 0
Available cpu frequencies: <Not Available>
Current governor: powersave
Core performance/turbo boost: <Not Available>

Memory: 4k page, physical 32614848k(18468512k free), swap 8388604k(8388604k free)
Page Sizes: 4k

vm_info: OpenJDK 64-Bit Server VM (21.0.11+10-LTS) for linux-amd64 JRE (21.0.11+10-LTS) (Zulu21.50+19-CA), built on 2026-04-17T20:39:03Z by "zulu_re" with gcc 11.2.0

END.
