#
# A fatal error has been detected by the Java Runtime Environment:
#
#  SIGSEGV (0xb) at pc=0x000078ed10082138, pid=52747, tid=52763
#
# JRE version: OpenJDK Runtime Environment Zulu21.50+19-CA (21.0.11+10) (build 21.0.11+10-LTS)
# Java VM: OpenJDK 64-Bit Server VM Zulu21.50+19-CA (21.0.11+10-LTS, mixed mode, sharing, tiered, compressed oops, compressed class ptrs, g1 gc, linux-amd64)
# Problematic frame:
# V  [libjvm.so+0xe82138]  SignatureStream::SignatureStream(Symbol const*, bool)+0x158
#
# Core dump will be written. Default location: Core dumps may be processed with "/usr/share/apport/apport -p%p -s%s -c%c -d%d -P%P -u%u -g%g -F%F -- %E" (or dumping to /home/emre/Apps/openexchange/match/core.52747)
#
# If you would like to submit a bug report, please visit:
#   http://www.azul.com/support/
#

---------------  S U M M A R Y ------------

Command Line: --add-opens=java.base/jdk.internal.misc=ALL-UNNAMED io.aeron.cluster.ClusterTool /home/emre/openexchange-data/aeron-cluster/node2/cluster recording-log

Host: 13th Gen Intel(R) Core(TM) i7-13700K, 24 cores, 31G, Ubuntu 24.04.3 LTS
Time: Wed Jul 22 18:26:50 2026 +03 elapsed time: 0.049013 seconds (0d 0h 0m 0s)

---------------  T H R E A D  ---------------

Current thread (0x000078ec68032ef0):  JavaThread "C1 CompilerThread1" daemon [_thread_in_vm, id=52763, stack(0x000078ec8ed30000,0x000078ec8ee30000) (1024K)]


Current CompileTask:
C1:49  384       3       java.lang.invoke.LambdaForm$NamedFunction::returnType (11 bytes)

Stack: [0x000078ec8ed30000,0x000078ec8ee30000],  sp=0x000078ec8ee2d250,  free space=1012k
Native frames: (J=compiled Java code, j=interpreted, Vv=VM code, C=native code)
V  [libjvm.so+0xe82138]  SignatureStream::SignatureStream(Symbol const*, bool)+0x158
V  [libjvm.so+0x5fe0e6]  ciSignature::ciSignature(ciKlass*, constantPoolHandle const&, ciSymbol*)+0xe6
V  [libjvm.so+0x5e50f4]  ciMethod::ciMethod(methodHandle const&, ciInstanceKlass*)+0x2a4
V  [libjvm.so+0x5ee446]  ciObjectFactory::create_new_metadata(Metadata*)+0x1f6
V  [libjvm.so+0x5ee590]  ciObjectFactory::get_metadata(Metadata*)+0x80
V  [libjvm.so+0x5cfba7]  ciEnv::get_method_by_index_impl(constantPoolHandle const&, int, Bytecodes::Code, ciInstanceKlass*)+0x257
V  [libjvm.so+0x6004c2]  ciBytecodeStream::get_method(bool&, ciSignature**)+0x102
V  [libjvm.so+0x504833]  GraphBuilder::invoke(Bytecodes::Code)+0x33
V  [libjvm.so+0x50618b]  GraphBuilder::iterate_bytecodes_for_block(int)+0x5cb
V  [libjvm.so+0x50873d]  GraphBuilder::iterate_all_blocks(bool)+0x6d
V  [libjvm.so+0x509146]  GraphBuilder::try_inline_full(ciMethod*, bool, bool, Bytecodes::Code, Instruction*)+0x9b6
V  [libjvm.so+0x5047ad]  GraphBuilder::try_inline(ciMethod*, bool, bool, Bytecodes::Code, Instruction*)+0x1ad
V  [libjvm.so+0x504c49]  GraphBuilder::invoke(Bytecodes::Code)+0x449
V  [libjvm.so+0x50618b]  GraphBuilder::iterate_bytecodes_for_block(int)+0x5cb
V  [libjvm.so+0x50874d]  GraphBuilder::iterate_all_blocks(bool)+0x7d
V  [libjvm.so+0x509146]  GraphBuilder::try_inline_full(ciMethod*, bool, bool, Bytecodes::Code, Instruction*)+0x9b6
V  [libjvm.so+0x5047ad]  GraphBuilder::try_inline(ciMethod*, bool, bool, Bytecodes::Code, Instruction*)+0x1ad
V  [libjvm.so+0x504c49]  GraphBuilder::invoke(Bytecodes::Code)+0x449
V  [libjvm.so+0x50618b]  GraphBuilder::iterate_bytecodes_for_block(int)+0x5cb
V  [libjvm.so+0x50873d]  GraphBuilder::iterate_all_blocks(bool)+0x6d
V  [libjvm.so+0x50a6a1]  GraphBuilder::GraphBuilder(Compilation*, IRScope*)+0x2d1
V  [libjvm.so+0x50fe42]  IRScope::IRScope(Compilation*, IRScope*, int, ciMethod*, int, bool)+0x182
V  [libjvm.so+0x50fee8]  IR::IR(Compilation*, ciMethod*, int)+0x88
V  [libjvm.so+0x4ea056]  Compilation::build_hir() [clone .part.0]+0x146
V  [libjvm.so+0x4ebeec]  Compilation::compile_java_method()+0x3bc
V  [libjvm.so+0x4ec0b2]  Compilation::compile_method()+0x112
V  [libjvm.so+0x4ec4a9]  Compilation::Compilation(AbstractCompiler*, ciEnv*, ciMethod*, int, BufferBlob*, bool, DirectiveSet*)+0x1f9
V  [libjvm.so+0x4ed371]  Compiler::compile_method(ciEnv*, ciMethod*, int, bool, DirectiveSet*)+0xb1
V  [libjvm.so+0x67cb84]  CompileBroker::invoke_compiler_on_method(CompileTask*)+0xca4
V  [libjvm.so+0x67fea8]  CompileBroker::compiler_thread_loop()+0x738
V  [libjvm.so+0x938110]  JavaThread::thread_main_inner()+0x1e0
V  [libjvm.so+0xf8e518]  Thread::call_run()+0xa8
V  [libjvm.so+0xd16c2a]  thread_native_entry(Thread*)+0xda
C  [libc.so.6+0x9caa4]

siginfo: si_signo: 11 (SIGSEGV), si_code: 1 (SEGV_MAPERR), si_addr: 0x000000000000000c

Registers:
RAX=0x000000000000000c, RBX=0x000078ec8ee2d2d0, RCX=0x0000000000000001, RDX=0x000078ed103f11e0
RSP=0x000078ec8ee2d250, RBP=0x000078ec8ee2d270, RSI=0x000078ec8f4f0360, RDI=0x000078ec8f4f0360
R8 =0x000078ec8f4f0367, R9 =0x000078ec68044188, R10=0x000078ec8f4f0360, R11=0x0000000000000000
R12=0x000000000000002c, R13=0x000078ec8f4f0366, R14=0x000078ec8ee2e690, R15=0x000078ec68033640
RIP=0x000078ed10082138, EFLAGS=0x0000000000010246, CSGSFS=0x002b000000000033, ERR=0x0000000000000006
  TRAPNO=0x000000000000000e

XMM[0]=0x0000000000000000 0x0000000100000001
XMM[1]=0x0000000000000000 0x0000000000000001
XMM[2]=0x0000000000000000 0x000078ec68043440
XMM[3]=0x0000000000000000 0x000078ec5400c990
XMM[4]=0x000078ec68032ef0 0x000078ec8f115948
XMM[5]=0x000078ec5400ecc8 0x000078ec5400ec30
XMM[6]=0x0000000000000000 0x0000000000000000
XMM[7]=0x000078ec5400ecc8 0x000078ec5400ee38
XMM[8]=0xe90000047097894d 0x000078ecf7b7d38d
XMM[9]=0x6161616161616161 0x6161616161616161
XMM[10]=0x6161616115190415 0x0f0e220d0e13150f
XMM[11]=0x9999999999999999 0x9999999999999999
XMM[12]=0x2020202020202020 0x2020202020202020
XMM[13]=0x0000000000000000 0x0000000000000000
XMM[14]=0x0000000000000000 0x0000000000000000
XMM[15]=0x0000000000000000 0x0000000000000000
  MXCSR=0x00001fa2


Register to memory mapping:

RAX=0x000000000000000c is an unknown value
RBX=0x000078ec8ee2d2d0 is pointing into the stack for thread: 0x000078ec68032ef0
RCX=0x0000000000000001 is an unknown value
RDX=0x000078ed103f11e0: <offset 0x00000000011f11e0> in /usr/lib/jvm/zulu21-ca-amd64/lib/server/libjvm.so at 0x000078ed0f200000
RSP=0x000078ec8ee2d250 is pointing into the stack for thread: 0x000078ec68032ef0
RBP=0x000078ec8ee2d270 is pointing into the stack for thread: 0x000078ec68032ef0
RSI=0x000078ec8f4f0360 is pointing into metadata
RDI=0x000078ec8f4f0360 is pointing into metadata
R8 =0x000078ec8f4f0367 is pointing into metadata
R9 =0x000078ec68044188 points into unknown readable memory: 0x000078ec68044168 | 68 41 04 68 ec 78 00 00
R10=0x000078ec8f4f0360 is pointing into metadata
R11=0x0 is null
R12=0x000000000000002c is an unknown value
R13=0x000078ec8f4f0366 is pointing into metadata
R14=0x000078ec8ee2e690 is pointing into the stack for thread: 0x000078ec68032ef0
R15=0x000078ec68033640 points into unknown readable memory: 0x0000000000000007 | 07 00 00 00 00 00 00 00

Top of Stack: (sp=0x000078ec8ee2d250)
0x000078ec8ee2d250:   000078ec8ee2d3c0 000078ec68044188   .....x...A.h.x..
0x000078ec8ee2d260:   000078ec8ee2d2d0 0000000000000000   .....x..........
0x000078ec8ee2d270:   000078ec8ee2d330 000078ed0f7fe0e6   0....x.......x..
0x000078ec8ee2d280:   000000ac000000ac 0000000000010388   ................
0x000078ec8ee2d290:   000078ec5400b390 000078ec5400f070   ...T.x..p..T.x..
0x000078ec8ee2d2a0:   000078ec54013378 000078ec68033640   x3.T.x..@6.h.x..
0x000078ec8ee2d2b0:   000078ec68044198 000078ec8ee2d350   .A.h.x..P....x..
0x000078ec8ee2d2c0:   000078ec5400b390 000078ec5400f070   ...T.x..p..T.x..
0x000078ec8ee2d2d0:   000078ec8f4f0360 0000000100000001   `.O..x..........
0x000078ec8ee2d2e0:   000000000000002c 000000010000000c   ,...............
0x000078ec8ee2d2f0:   000078ec8f4de090 0000000000000000   ..M..x..........
0x000078ec8ee2d300:   000078ec8ee2d330 000078ec8ee2d3b0   0....x.......x..
0x000078ec8ee2d310:   000078ec680440a8 000078ec68044188   .@.h.x...A.h.x..
0x000078ec8ee2d320:   000078ec68044168 000078ec8ee2d350   hA.h.x..P....x..
0x000078ec8ee2d330:   000078ec8ee2d390 000078ed0f7e50f4   .....x...P~..x..
0x000078ec8ee2d340:   000078ec5400e7c8 000078ec68032ef0   ...T.x.....h.x..
0x000078ec8ee2d350:   000078ec8f7eb488 000078ec68032ef0   ..~..x.....h.x..
0x000078ec8ee2d360:   000078ec68032ef0 000078ec68032ef0   ...h.x.....h.x..
0x000078ec8ee2d370:   000078ec68043440 000078ec680440a8   @4.h.x...@.h.x..
0x000078ec8ee2d380:   000078ec8ee2d3b0 00000000000000b9   .....x..........
0x000078ec8ee2d390:   000078ec8ee2d3e0 000078ed0f7ee446   .....x..F.~..x..
0x000078ec8ee2d3a0:   000078ec8f115948 000078ec68032ef0   HY...x.....h.x..
0x000078ec8ee2d3b0:   000078ec8f115948 000078ec68032ef0   HY...x.....h.x..
0x000078ec8ee2d3c0:   00000000000000b3 000078ec8f115948   ........HY...x..
0x000078ec8ee2d3d0:   000078ec5c02c5f0 000078ec8f4f0348   ...\.x..H.O..x..
0x000078ec8ee2d3e0:   000078ec8ee2d420 000078ed0f7ee590    ....x....~..x..
0x000078ec8ee2d3f0:   000078ec8e0a0101 000078ec8ee2e690   .....x.......x..
0x000078ec8ee2d400:   00000000000000b8 000078ec8ee2d4c0   .............x..
0x000078ec8ee2d410:   000078ec8f4f0348 000078ec8f4f0360   H.O..x..`.O..x..
0x000078ec8ee2d420:   000078ec8ee2d490 000078ed0f7cfba7   .....x....|..x..
0x000078ec8ee2d430:   000078ec68043140 000078ec00000048   @1.h.x..H....x..
0x000078ec8ee2d440:   000078ec68043440 000078ec68043440   @4.h.x..@4.h.x..

Instructions: (pc=0x000078ed10082138)
0x000078ed10082038:   8d 6e 06 0f b6 d2 48 89 f7 4d 8d 44 15 00 41 0f
0x000078ed10082048:   be 00 83 f8 29 0f 84 95 00 00 00 83 e8 42 83 f8
0x000078ed10082058:   19 76 1d c7 43 18 00 00 00 00 8d 41 01 89 43 0c
0x000078ed10082068:   48 83 c4 08 5b 41 5c 41 5d 5d c3 0f 1f 44 00 00
0x000078ed10082078:   48 8d 15 61 f1 36 00 8b 04 82 89 43 18 83 f8 0c
0x000078ed10082088:   0f 84 aa 00 00 00 83 f8 0d 75 cf 41 39 cc 0f 8e
0x000078ed10082098:   d8 00 00 00 8d 41 06 48 98 48 01 c7 89 c8 eb 14
0x000078ed100820a8:   0f 1f 84 00 00 00 00 00 83 c0 01 48 83 c7 01 41
0x000078ed100820b8:   39 c4 74 a9 0f b6 17 80 fa 5b 74 ec 41 39 c4 0f
0x000078ed100820c8:   8e a7 00 00 00 89 c6 29 ce 89 73 14 80 fa 4c 0f
0x000078ed100820d8:   84 a3 00 00 00 83 c0 01 eb 83 66 0f 1f 44 00 00
0x000078ed100820e8:   83 c1 01 c7 43 1c 03 00 00 00 66 0f 6e d1 66 0f
0x000078ed100820f8:   70 c2 e0 66 0f d6 43 08 41 39 cc 7e 63 4c 63 c1
0x000078ed10082108:   4d 01 e8 41 0f be 00 83 e8 42 83 f8 19 0f 86 5d
0x000078ed10082118:   ff ff ff e9 3b ff ff ff 83 c9 fe 89 4f 1c 48 83
0x000078ed10082128:   c4 08 5b 41 5c 41 5d 5d c3 0f 1f 80 00 00 00 00
0x000078ed10082138:   44 89 e2 be 3b 00 00 00 4c 89 c7 29 ca 48 63 d2
0x000078ed10082148:   e8 13 25 42 ff 48 8d 50 01 4c 29 ea 48 85 c0 89
0x000078ed10082158:   d0 41 0f 44 c4 e9 03 ff ff ff 66 0f 1f 44 00 00
0x000078ed10082168:   c7 43 1c ff ff ff ff e9 f4 fe ff ff 44 89 e0 e9
0x000078ed10082178:   e9 fe ff ff 0f 1f 40 00 44 89 e2 be 3b 00 00 00
0x000078ed10082188:   29 c2 48 63 d2 e8 ce 24 42 ff 48 89 c1 48 8d 40
0x000078ed10082198:   01 4c 29 e8 48 85 c9 41 0f 44 c4 e9 bd fe ff ff
0x000078ed100821a8:   0f 1f 84 00 00 00 00 00 55 48 8d 05 88 b4 6e 00
0x000078ed100821b8:   48 89 e5 41 54 49 89 fc 53 48 8b 7f 20 48 3b 78
0x000078ed100821c8:   18 74 37 e8 80 3b 0b 00 49 8b 44 24 28 48 85 c0
0x000078ed100821d8:   74 28 8b 10 85 d2 7e 22 31 db 66 0f 1f 44 00 00
0x000078ed100821e8:   48 8b 40 08 48 8b 3c d8 48 83 c3 01 e8 57 3b 0b
0x000078ed100821f8:   00 49 8b 44 24 28 39 18 7f e6 5b 41 5c 5d c3 90
0x000078ed10082208:   0f 1f 84 00 00 00 00 00 55 48 89 e5 41 55 41 54
0x000078ed10082218:   53 48 89 fb 48 83 ec 08 44 8b 67 10 8b 4f 0c 48
0x000078ed10082228:   8b 17 44 39 e1 0f 8d dd 00 00 00 4c 8d 6a 06 48


Stack slot to memory mapping:

stack at sp + 0 slots: 0x000078ec8ee2d3c0 is pointing into the stack for thread: 0x000078ec68032ef0
stack at sp + 1 slots: 0x000078ec68044188 points into unknown readable memory: 0x000078ec68044168 | 68 41 04 68 ec 78 00 00
stack at sp + 2 slots: 0x000078ec8ee2d2d0 is pointing into the stack for thread: 0x000078ec68032ef0
stack at sp + 3 slots: 0x0 is null
stack at sp + 4 slots: 0x000078ec8ee2d330 is pointing into the stack for thread: 0x000078ec68032ef0
stack at sp + 5 slots: 0x000078ed0f7fe0e6: <offset 0x00000000005fe0e6> in /usr/lib/jvm/zulu21-ca-amd64/lib/server/libjvm.so at 0x000078ed0f200000
stack at sp + 6 slots: 0x000000ac000000ac is an unknown value
stack at sp + 7 slots: 0x0000000000010388 is an unknown value


---------------  P R O C E S S  ---------------

Threads class SMR info:
_java_thread_list=0x000078ec640d0b80, length=14, elements={
0x000078ed0802b230, 0x000078ed081576d0, 0x000078ed08158c40, 0x000078ed0815a3c0,
0x000078ed0815ba00, 0x000078ed0815cfa0, 0x000078ed0815eb60, 0x000078ed08160220,
0x000078ec68032ef0, 0x000078ec5c029670, 0x000078ec5c02a8f0, 0x000078ed081b2940,
0x000078ed081b5240, 0x000078ec640cf9e0
}

Java Threads: ( => current thread )
  0x000078ed0802b230 JavaThread "main"                              [_thread_in_Java, id=52748, stack(0x000078ed0f017000,0x000078ed0f117000) (1024K)]
  0x000078ed081576d0 JavaThread "Reference Handler"          daemon [_thread_blocked, id=52756, stack(0x000078ece4500000,0x000078ece4600000) (1024K)]
  0x000078ed08158c40 JavaThread "Finalizer"                  daemon [_thread_blocked, id=52757, stack(0x000078ece4400000,0x000078ece4500000) (1024K)]
  0x000078ed0815a3c0 JavaThread "Signal Dispatcher"          daemon [_thread_blocked, id=52758, stack(0x000078ece4300000,0x000078ece4400000) (1024K)]
  0x000078ed0815ba00 JavaThread "Service Thread"             daemon [_thread_blocked, id=52759, stack(0x000078ece4200000,0x000078ece4300000) (1024K)]
  0x000078ed0815cfa0 JavaThread "Monitor Deflation Thread"   daemon [_thread_blocked, id=52760, stack(0x000078ece4100000,0x000078ece4200000) (1024K)]
  0x000078ed0815eb60 JavaThread "C2 CompilerThread0"         daemon [_thread_in_native, id=52761, stack(0x000078ece4000000,0x000078ece4100000) (1024K)]
  0x000078ed08160220 JavaThread "C1 CompilerThread0"         daemon [_thread_blocked, id=52762, stack(0x000078ec8ef00000,0x000078ec8f000000) (1024K)]
=>0x000078ec68032ef0 JavaThread "C1 CompilerThread1"         daemon [_thread_in_vm, id=52763, stack(0x000078ec8ed30000,0x000078ec8ee30000) (1024K)]
  0x000078ec5c029670 JavaThread "C1 CompilerThread2"         daemon [_thread_blocked, id=52764, stack(0x000078ec8ec30000,0x000078ec8ed30000) (1024K)]
  0x000078ec5c02a8f0 JavaThread "C1 CompilerThread3"         daemon [_thread_in_native, id=52765, stack(0x000078ec8eb30000,0x000078ec8ec30000) (1024K)]
  0x000078ed081b2940 JavaThread "Notification Thread"        daemon [_thread_blocked, id=52766, stack(0x000078ec8ea30000,0x000078ec8eb30000) (1024K)]
  0x000078ed081b5240 JavaThread "Common-Cleaner"             daemon [_thread_blocked, id=52767, stack(0x000078ec8e930000,0x000078ec8ea30000) (1024K)]
  0x000078ec640cf9e0 JavaThread "C2 CompilerThread1"         daemon [_thread_in_native, id=52768, stack(0x000078ec8e830000,0x000078ec8e930000) (1024K)]
Total: 14

Other Threads:
  0x000078ed0814e2d0 VMThread "VM Thread"                           [id=52755, stack(0x000078ece4c18000,0x000078ece4d18000) (1024K)]
  0x000078ed0813b900 WatcherThread "VM Periodic Task Thread"        [id=52754, stack(0x000078ece4d19000,0x000078ece4e19000) (1024K)]
  0x000078ed08057f20 WorkerThread "GC Thread#0"                     [id=52749, stack(0x000078ed0ca69000,0x000078ed0cb69000) (1024K)]
  0x000078ed08068e60 ConcurrentGCThread "G1 Main Marker"            [id=52750, stack(0x000078ed0c968000,0x000078ed0ca68000) (1024K)]
  0x000078ed08069e40 WorkerThread "G1 Conc#0"                       [id=52751, stack(0x000078ed0c867000,0x000078ed0c967000) (1024K)]
  0x000078ed08128e90 ConcurrentGCThread "G1 Refine#0"               [id=52752, stack(0x000078ece4ff7000,0x000078ece50f7000) (1024K)]
  0x000078ed08129e50 ConcurrentGCThread "G1 Service"                [id=52753, stack(0x000078ece4ef6000,0x000078ece4ff6000) (1024K)]
Total: 7

Threads with active compile tasks:
C2 CompilerThread0  51  515       4       java.lang.Long::getChars (195 bytes)
C1 CompilerThread1  51  384       3       java.lang.invoke.LambdaForm$NamedFunction::returnType (11 bytes)
C1 CompilerThread3  51  488       3       io.aeron.cluster.RecordingLog$Entry::toString (69 bytes)
C2 CompilerThread1  51  514       4       java.lang.AbstractStringBuilder::ensureCapacityInternal (39 bytes)
Total: 4

VM state: not at safepoint (normal execution)

VM Mutex/Monitor currently owned by a thread: None

Heap address: 0x000000060e400000, size: 7964 MB, Compressed Oops mode: Zero based, Oop shift amount: 3

CDS archive(s) mapped at: [0x000078ec8f000000-0x000078ec8fcfe000-0x000078ec8fcfe000), size 13623296, SharedBaseAddress: 0x000078ec8f000000, ArchiveRelocationMode: 1.
Compressed class space mapped at: 0x000078ec90000000-0x000078ecd0000000, reserved size: 1073741824
Narrow klass base: 0x000078ec8f000000, Narrow klass shift: 0, Narrow klass range: 0x100000000

GC Precious Log:
 CardTable entry size: 512
 Card Set container configuration: InlinePtr #cards 4 size 8 Array Of Cards #cards 32 size 80 Howl #buckets 8 coarsen threshold 7372 Howl Bitmap #cards 1024 size 144 coarsen threshold 921 Card regions per heap region 1 cards per card region 8192
 CPUs: 24 total, 24 available
 Memory: 31850M
 Large Page Support: Disabled
 NUMA Support: Disabled
 Compressed Oops: Enabled (Zero based)
 Heap Region Size: 4M
 Heap Min Capacity: 8M
 Heap Initial Capacity: 500M
 Heap Max Capacity: 7964M
 Pre-touch: Disabled
 Parallel Workers: 18
 Concurrent Workers: 5
 Concurrent Refinement Workers: 18
 Periodic GC: Disabled

Heap:
 garbage-first heap   total 516096K, used 5179K [0x000000060e400000, 0x0000000800000000)
  region size 4096K, 2 young (8192K), 0 survivors (0K)
 Metaspace       used 1577K, committed 1728K, reserved 1114112K
  class space    used 126K, committed 192K, reserved 1048576K

Heap Regions: E=young(eden), S=young(survivor), O=old, HS=humongous(starts), HC=humongous(continues), CS=collection set, F=free, TAMS=top-at-mark-start, PB=parsable bottom
|   0|0x000000060e400000, 0x000000060e400000, 0x000000060e800000|  0%| F|  |TAMS 0x000000060e400000| PB 0x000000060e400000| Untracked 
|   1|0x000000060e800000, 0x000000060e800000, 0x000000060ec00000|  0%| F|  |TAMS 0x000000060e800000| PB 0x000000060e800000| Untracked 
|   2|0x000000060ec00000, 0x000000060ec00000, 0x000000060f000000|  0%| F|  |TAMS 0x000000060ec00000| PB 0x000000060ec00000| Untracked 
|   3|0x000000060f000000, 0x000000060f000000, 0x000000060f400000|  0%| F|  |TAMS 0x000000060f000000| PB 0x000000060f000000| Untracked 
|   4|0x000000060f400000, 0x000000060f400000, 0x000000060f800000|  0%| F|  |TAMS 0x000000060f400000| PB 0x000000060f400000| Untracked 
|   5|0x000000060f800000, 0x000000060f800000, 0x000000060fc00000|  0%| F|  |TAMS 0x000000060f800000| PB 0x000000060f800000| Untracked 
|   6|0x000000060fc00000, 0x000000060fc00000, 0x0000000610000000|  0%| F|  |TAMS 0x000000060fc00000| PB 0x000000060fc00000| Untracked 
|   7|0x0000000610000000, 0x0000000610000000, 0x0000000610400000|  0%| F|  |TAMS 0x0000000610000000| PB 0x0000000610000000| Untracked 
|   8|0x0000000610400000, 0x0000000610400000, 0x0000000610800000|  0%| F|  |TAMS 0x0000000610400000| PB 0x0000000610400000| Untracked 
|   9|0x0000000610800000, 0x0000000610800000, 0x0000000610c00000|  0%| F|  |TAMS 0x0000000610800000| PB 0x0000000610800000| Untracked 
|  10|0x0000000610c00000, 0x0000000610c00000, 0x0000000611000000|  0%| F|  |TAMS 0x0000000610c00000| PB 0x0000000610c00000| Untracked 
|  11|0x0000000611000000, 0x0000000611000000, 0x0000000611400000|  0%| F|  |TAMS 0x0000000611000000| PB 0x0000000611000000| Untracked 
|  12|0x0000000611400000, 0x0000000611400000, 0x0000000611800000|  0%| F|  |TAMS 0x0000000611400000| PB 0x0000000611400000| Untracked 
|  13|0x0000000611800000, 0x0000000611800000, 0x0000000611c00000|  0%| F|  |TAMS 0x0000000611800000| PB 0x0000000611800000| Untracked 
|  14|0x0000000611c00000, 0x0000000611c00000, 0x0000000612000000|  0%| F|  |TAMS 0x0000000611c00000| PB 0x0000000611c00000| Untracked 
|  15|0x0000000612000000, 0x0000000612000000, 0x0000000612400000|  0%| F|  |TAMS 0x0000000612000000| PB 0x0000000612000000| Untracked 
|  16|0x0000000612400000, 0x0000000612400000, 0x0000000612800000|  0%| F|  |TAMS 0x0000000612400000| PB 0x0000000612400000| Untracked 
|  17|0x0000000612800000, 0x0000000612800000, 0x0000000612c00000|  0%| F|  |TAMS 0x0000000612800000| PB 0x0000000612800000| Untracked 
|  18|0x0000000612c00000, 0x0000000612c00000, 0x0000000613000000|  0%| F|  |TAMS 0x0000000612c00000| PB 0x0000000612c00000| Untracked 
|  19|0x0000000613000000, 0x0000000613000000, 0x0000000613400000|  0%| F|  |TAMS 0x0000000613000000| PB 0x0000000613000000| Untracked 
|  20|0x0000000613400000, 0x0000000613400000, 0x0000000613800000|  0%| F|  |TAMS 0x0000000613400000| PB 0x0000000613400000| Untracked 
|  21|0x0000000613800000, 0x0000000613800000, 0x0000000613c00000|  0%| F|  |TAMS 0x0000000613800000| PB 0x0000000613800000| Untracked 
|  22|0x0000000613c00000, 0x0000000613c00000, 0x0000000614000000|  0%| F|  |TAMS 0x0000000613c00000| PB 0x0000000613c00000| Untracked 
|  23|0x0000000614000000, 0x0000000614000000, 0x0000000614400000|  0%| F|  |TAMS 0x0000000614000000| PB 0x0000000614000000| Untracked 
|  24|0x0000000614400000, 0x0000000614400000, 0x0000000614800000|  0%| F|  |TAMS 0x0000000614400000| PB 0x0000000614400000| Untracked 
|  25|0x0000000614800000, 0x0000000614800000, 0x0000000614c00000|  0%| F|  |TAMS 0x0000000614800000| PB 0x0000000614800000| Untracked 
|  26|0x0000000614c00000, 0x0000000614c00000, 0x0000000615000000|  0%| F|  |TAMS 0x0000000614c00000| PB 0x0000000614c00000| Untracked 
|  27|0x0000000615000000, 0x0000000615000000, 0x0000000615400000|  0%| F|  |TAMS 0x0000000615000000| PB 0x0000000615000000| Untracked 
|  28|0x0000000615400000, 0x0000000615400000, 0x0000000615800000|  0%| F|  |TAMS 0x0000000615400000| PB 0x0000000615400000| Untracked 
|  29|0x0000000615800000, 0x0000000615800000, 0x0000000615c00000|  0%| F|  |TAMS 0x0000000615800000| PB 0x0000000615800000| Untracked 
|  30|0x0000000615c00000, 0x0000000615c00000, 0x0000000616000000|  0%| F|  |TAMS 0x0000000615c00000| PB 0x0000000615c00000| Untracked 
|  31|0x0000000616000000, 0x0000000616000000, 0x0000000616400000|  0%| F|  |TAMS 0x0000000616000000| PB 0x0000000616000000| Untracked 
|  32|0x0000000616400000, 0x0000000616400000, 0x0000000616800000|  0%| F|  |TAMS 0x0000000616400000| PB 0x0000000616400000| Untracked 
|  33|0x0000000616800000, 0x0000000616800000, 0x0000000616c00000|  0%| F|  |TAMS 0x0000000616800000| PB 0x0000000616800000| Untracked 
|  34|0x0000000616c00000, 0x0000000616c00000, 0x0000000617000000|  0%| F|  |TAMS 0x0000000616c00000| PB 0x0000000616c00000| Untracked 
|  35|0x0000000617000000, 0x0000000617000000, 0x0000000617400000|  0%| F|  |TAMS 0x0000000617000000| PB 0x0000000617000000| Untracked 
|  36|0x0000000617400000, 0x0000000617400000, 0x0000000617800000|  0%| F|  |TAMS 0x0000000617400000| PB 0x0000000617400000| Untracked 
|  37|0x0000000617800000, 0x0000000617800000, 0x0000000617c00000|  0%| F|  |TAMS 0x0000000617800000| PB 0x0000000617800000| Untracked 
|  38|0x0000000617c00000, 0x0000000617c00000, 0x0000000618000000|  0%| F|  |TAMS 0x0000000617c00000| PB 0x0000000617c00000| Untracked 
|  39|0x0000000618000000, 0x0000000618000000, 0x0000000618400000|  0%| F|  |TAMS 0x0000000618000000| PB 0x0000000618000000| Untracked 
|  40|0x0000000618400000, 0x0000000618400000, 0x0000000618800000|  0%| F|  |TAMS 0x0000000618400000| PB 0x0000000618400000| Untracked 
|  41|0x0000000618800000, 0x0000000618800000, 0x0000000618c00000|  0%| F|  |TAMS 0x0000000618800000| PB 0x0000000618800000| Untracked 
|  42|0x0000000618c00000, 0x0000000618c00000, 0x0000000619000000|  0%| F|  |TAMS 0x0000000618c00000| PB 0x0000000618c00000| Untracked 
|  43|0x0000000619000000, 0x0000000619000000, 0x0000000619400000|  0%| F|  |TAMS 0x0000000619000000| PB 0x0000000619000000| Untracked 
|  44|0x0000000619400000, 0x0000000619400000, 0x0000000619800000|  0%| F|  |TAMS 0x0000000619400000| PB 0x0000000619400000| Untracked 
|  45|0x0000000619800000, 0x0000000619800000, 0x0000000619c00000|  0%| F|  |TAMS 0x0000000619800000| PB 0x0000000619800000| Untracked 
|  46|0x0000000619c00000, 0x0000000619c00000, 0x000000061a000000|  0%| F|  |TAMS 0x0000000619c00000| PB 0x0000000619c00000| Untracked 
|  47|0x000000061a000000, 0x000000061a000000, 0x000000061a400000|  0%| F|  |TAMS 0x000000061a000000| PB 0x000000061a000000| Untracked 
|  48|0x000000061a400000, 0x000000061a400000, 0x000000061a800000|  0%| F|  |TAMS 0x000000061a400000| PB 0x000000061a400000| Untracked 
|  49|0x000000061a800000, 0x000000061a800000, 0x000000061ac00000|  0%| F|  |TAMS 0x000000061a800000| PB 0x000000061a800000| Untracked 
|  50|0x000000061ac00000, 0x000000061ac00000, 0x000000061b000000|  0%| F|  |TAMS 0x000000061ac00000| PB 0x000000061ac00000| Untracked 
|  51|0x000000061b000000, 0x000000061b000000, 0x000000061b400000|  0%| F|  |TAMS 0x000000061b000000| PB 0x000000061b000000| Untracked 
|  52|0x000000061b400000, 0x000000061b400000, 0x000000061b800000|  0%| F|  |TAMS 0x000000061b400000| PB 0x000000061b400000| Untracked 
|  53|0x000000061b800000, 0x000000061b800000, 0x000000061bc00000|  0%| F|  |TAMS 0x000000061b800000| PB 0x000000061b800000| Untracked 
|  54|0x000000061bc00000, 0x000000061bc00000, 0x000000061c000000|  0%| F|  |TAMS 0x000000061bc00000| PB 0x000000061bc00000| Untracked 
|  55|0x000000061c000000, 0x000000061c000000, 0x000000061c400000|  0%| F|  |TAMS 0x000000061c000000| PB 0x000000061c000000| Untracked 
|  56|0x000000061c400000, 0x000000061c400000, 0x000000061c800000|  0%| F|  |TAMS 0x000000061c400000| PB 0x000000061c400000| Untracked 
|  57|0x000000061c800000, 0x000000061c800000, 0x000000061cc00000|  0%| F|  |TAMS 0x000000061c800000| PB 0x000000061c800000| Untracked 
|  58|0x000000061cc00000, 0x000000061cc00000, 0x000000061d000000|  0%| F|  |TAMS 0x000000061cc00000| PB 0x000000061cc00000| Untracked 
|  59|0x000000061d000000, 0x000000061d000000, 0x000000061d400000|  0%| F|  |TAMS 0x000000061d000000| PB 0x000000061d000000| Untracked 
|  60|0x000000061d400000, 0x000000061d400000, 0x000000061d800000|  0%| F|  |TAMS 0x000000061d400000| PB 0x000000061d400000| Untracked 
|  61|0x000000061d800000, 0x000000061d800000, 0x000000061dc00000|  0%| F|  |TAMS 0x000000061d800000| PB 0x000000061d800000| Untracked 
|  62|0x000000061dc00000, 0x000000061dc00000, 0x000000061e000000|  0%| F|  |TAMS 0x000000061dc00000| PB 0x000000061dc00000| Untracked 
|  63|0x000000061e000000, 0x000000061e000000, 0x000000061e400000|  0%| F|  |TAMS 0x000000061e000000| PB 0x000000061e000000| Untracked 
|  64|0x000000061e400000, 0x000000061e400000, 0x000000061e800000|  0%| F|  |TAMS 0x000000061e400000| PB 0x000000061e400000| Untracked 
|  65|0x000000061e800000, 0x000000061e800000, 0x000000061ec00000|  0%| F|  |TAMS 0x000000061e800000| PB 0x000000061e800000| Untracked 
|  66|0x000000061ec00000, 0x000000061ec00000, 0x000000061f000000|  0%| F|  |TAMS 0x000000061ec00000| PB 0x000000061ec00000| Untracked 
|  67|0x000000061f000000, 0x000000061f000000, 0x000000061f400000|  0%| F|  |TAMS 0x000000061f000000| PB 0x000000061f000000| Untracked 
|  68|0x000000061f400000, 0x000000061f400000, 0x000000061f800000|  0%| F|  |TAMS 0x000000061f400000| PB 0x000000061f400000| Untracked 
|  69|0x000000061f800000, 0x000000061f800000, 0x000000061fc00000|  0%| F|  |TAMS 0x000000061f800000| PB 0x000000061f800000| Untracked 
|  70|0x000000061fc00000, 0x000000061fc00000, 0x0000000620000000|  0%| F|  |TAMS 0x000000061fc00000| PB 0x000000061fc00000| Untracked 
|  71|0x0000000620000000, 0x0000000620000000, 0x0000000620400000|  0%| F|  |TAMS 0x0000000620000000| PB 0x0000000620000000| Untracked 
|  72|0x0000000620400000, 0x0000000620400000, 0x0000000620800000|  0%| F|  |TAMS 0x0000000620400000| PB 0x0000000620400000| Untracked 
|  73|0x0000000620800000, 0x0000000620800000, 0x0000000620c00000|  0%| F|  |TAMS 0x0000000620800000| PB 0x0000000620800000| Untracked 
|  74|0x0000000620c00000, 0x0000000620c00000, 0x0000000621000000|  0%| F|  |TAMS 0x0000000620c00000| PB 0x0000000620c00000| Untracked 
|  75|0x0000000621000000, 0x0000000621000000, 0x0000000621400000|  0%| F|  |TAMS 0x0000000621000000| PB 0x0000000621000000| Untracked 
|  76|0x0000000621400000, 0x0000000621400000, 0x0000000621800000|  0%| F|  |TAMS 0x0000000621400000| PB 0x0000000621400000| Untracked 
|  77|0x0000000621800000, 0x0000000621800000, 0x0000000621c00000|  0%| F|  |TAMS 0x0000000621800000| PB 0x0000000621800000| Untracked 
|  78|0x0000000621c00000, 0x0000000621c00000, 0x0000000622000000|  0%| F|  |TAMS 0x0000000621c00000| PB 0x0000000621c00000| Untracked 
|  79|0x0000000622000000, 0x0000000622000000, 0x0000000622400000|  0%| F|  |TAMS 0x0000000622000000| PB 0x0000000622000000| Untracked 
|  80|0x0000000622400000, 0x0000000622400000, 0x0000000622800000|  0%| F|  |TAMS 0x0000000622400000| PB 0x0000000622400000| Untracked 
|  81|0x0000000622800000, 0x0000000622800000, 0x0000000622c00000|  0%| F|  |TAMS 0x0000000622800000| PB 0x0000000622800000| Untracked 
|  82|0x0000000622c00000, 0x0000000622c00000, 0x0000000623000000|  0%| F|  |TAMS 0x0000000622c00000| PB 0x0000000622c00000| Untracked 
|  83|0x0000000623000000, 0x0000000623000000, 0x0000000623400000|  0%| F|  |TAMS 0x0000000623000000| PB 0x0000000623000000| Untracked 
|  84|0x0000000623400000, 0x0000000623400000, 0x0000000623800000|  0%| F|  |TAMS 0x0000000623400000| PB 0x0000000623400000| Untracked 
|  85|0x0000000623800000, 0x0000000623800000, 0x0000000623c00000|  0%| F|  |TAMS 0x0000000623800000| PB 0x0000000623800000| Untracked 
|  86|0x0000000623c00000, 0x0000000623c00000, 0x0000000624000000|  0%| F|  |TAMS 0x0000000623c00000| PB 0x0000000623c00000| Untracked 
|  87|0x0000000624000000, 0x0000000624000000, 0x0000000624400000|  0%| F|  |TAMS 0x0000000624000000| PB 0x0000000624000000| Untracked 
|  88|0x0000000624400000, 0x0000000624400000, 0x0000000624800000|  0%| F|  |TAMS 0x0000000624400000| PB 0x0000000624400000| Untracked 
|  89|0x0000000624800000, 0x0000000624800000, 0x0000000624c00000|  0%| F|  |TAMS 0x0000000624800000| PB 0x0000000624800000| Untracked 
|  90|0x0000000624c00000, 0x0000000624c00000, 0x0000000625000000|  0%| F|  |TAMS 0x0000000624c00000| PB 0x0000000624c00000| Untracked 
|  91|0x0000000625000000, 0x0000000625000000, 0x0000000625400000|  0%| F|  |TAMS 0x0000000625000000| PB 0x0000000625000000| Untracked 
|  92|0x0000000625400000, 0x0000000625400000, 0x0000000625800000|  0%| F|  |TAMS 0x0000000625400000| PB 0x0000000625400000| Untracked 
|  93|0x0000000625800000, 0x0000000625800000, 0x0000000625c00000|  0%| F|  |TAMS 0x0000000625800000| PB 0x0000000625800000| Untracked 
|  94|0x0000000625c00000, 0x0000000625c00000, 0x0000000626000000|  0%| F|  |TAMS 0x0000000625c00000| PB 0x0000000625c00000| Untracked 
|  95|0x0000000626000000, 0x0000000626000000, 0x0000000626400000|  0%| F|  |TAMS 0x0000000626000000| PB 0x0000000626000000| Untracked 
|  96|0x0000000626400000, 0x0000000626400000, 0x0000000626800000|  0%| F|  |TAMS 0x0000000626400000| PB 0x0000000626400000| Untracked 
|  97|0x0000000626800000, 0x0000000626800000, 0x0000000626c00000|  0%| F|  |TAMS 0x0000000626800000| PB 0x0000000626800000| Untracked 
|  98|0x0000000626c00000, 0x0000000626c00000, 0x0000000627000000|  0%| F|  |TAMS 0x0000000626c00000| PB 0x0000000626c00000| Untracked 
|  99|0x0000000627000000, 0x0000000627000000, 0x0000000627400000|  0%| F|  |TAMS 0x0000000627000000| PB 0x0000000627000000| Untracked 
| 100|0x0000000627400000, 0x0000000627400000, 0x0000000627800000|  0%| F|  |TAMS 0x0000000627400000| PB 0x0000000627400000| Untracked 
| 101|0x0000000627800000, 0x0000000627800000, 0x0000000627c00000|  0%| F|  |TAMS 0x0000000627800000| PB 0x0000000627800000| Untracked 
| 102|0x0000000627c00000, 0x0000000627c00000, 0x0000000628000000|  0%| F|  |TAMS 0x0000000627c00000| PB 0x0000000627c00000| Untracked 
| 103|0x0000000628000000, 0x0000000628000000, 0x0000000628400000|  0%| F|  |TAMS 0x0000000628000000| PB 0x0000000628000000| Untracked 
| 104|0x0000000628400000, 0x0000000628400000, 0x0000000628800000|  0%| F|  |TAMS 0x0000000628400000| PB 0x0000000628400000| Untracked 
| 105|0x0000000628800000, 0x0000000628800000, 0x0000000628c00000|  0%| F|  |TAMS 0x0000000628800000| PB 0x0000000628800000| Untracked 
| 106|0x0000000628c00000, 0x0000000628c00000, 0x0000000629000000|  0%| F|  |TAMS 0x0000000628c00000| PB 0x0000000628c00000| Untracked 
| 107|0x0000000629000000, 0x0000000629000000, 0x0000000629400000|  0%| F|  |TAMS 0x0000000629000000| PB 0x0000000629000000| Untracked 
| 108|0x0000000629400000, 0x0000000629400000, 0x0000000629800000|  0%| F|  |TAMS 0x0000000629400000| PB 0x0000000629400000| Untracked 
| 109|0x0000000629800000, 0x0000000629800000, 0x0000000629c00000|  0%| F|  |TAMS 0x0000000629800000| PB 0x0000000629800000| Untracked 
| 110|0x0000000629c00000, 0x0000000629c00000, 0x000000062a000000|  0%| F|  |TAMS 0x0000000629c00000| PB 0x0000000629c00000| Untracked 
| 111|0x000000062a000000, 0x000000062a000000, 0x000000062a400000|  0%| F|  |TAMS 0x000000062a000000| PB 0x000000062a000000| Untracked 
| 112|0x000000062a400000, 0x000000062a400000, 0x000000062a800000|  0%| F|  |TAMS 0x000000062a400000| PB 0x000000062a400000| Untracked 
| 113|0x000000062a800000, 0x000000062a800000, 0x000000062ac00000|  0%| F|  |TAMS 0x000000062a800000| PB 0x000000062a800000| Untracked 
| 114|0x000000062ac00000, 0x000000062ac00000, 0x000000062b000000|  0%| F|  |TAMS 0x000000062ac00000| PB 0x000000062ac00000| Untracked 
| 115|0x000000062b000000, 0x000000062b000000, 0x000000062b400000|  0%| F|  |TAMS 0x000000062b000000| PB 0x000000062b000000| Untracked 
| 116|0x000000062b400000, 0x000000062b400000, 0x000000062b800000|  0%| F|  |TAMS 0x000000062b400000| PB 0x000000062b400000| Untracked 
| 117|0x000000062b800000, 0x000000062b800000, 0x000000062bc00000|  0%| F|  |TAMS 0x000000062b800000| PB 0x000000062b800000| Untracked 
| 118|0x000000062bc00000, 0x000000062bc00000, 0x000000062c000000|  0%| F|  |TAMS 0x000000062bc00000| PB 0x000000062bc00000| Untracked 
| 119|0x000000062c000000, 0x000000062c000000, 0x000000062c400000|  0%| F|  |TAMS 0x000000062c000000| PB 0x000000062c000000| Untracked 
| 120|0x000000062c400000, 0x000000062c400000, 0x000000062c800000|  0%| F|  |TAMS 0x000000062c400000| PB 0x000000062c400000| Untracked 
| 121|0x000000062c800000, 0x000000062c800000, 0x000000062cc00000|  0%| F|  |TAMS 0x000000062c800000| PB 0x000000062c800000| Untracked 
| 122|0x000000062cc00000, 0x000000062cca7010, 0x000000062d000000| 16%| E|  |TAMS 0x000000062cc00000| PB 0x000000062cc00000| Complete 
| 123|0x000000062d000000, 0x000000062d390638, 0x000000062d400000| 89%| E|  |TAMS 0x000000062d000000| PB 0x000000062d000000| Complete 
| 124|0x000000062d400000, 0x000000062d800000, 0x000000062d800000|100%| E|CS|TAMS 0x000000062d400000| PB 0x000000062d400000| Complete 
|1990|0x00000007ffc00000, 0x00000007ffd0ec28, 0x0000000800000000| 26%| O|  |TAMS 0x00000007ffc00000| PB 0x00000007ffc00000| Untracked 

Card table byte_map: [0x000078ecef672000,0x000078ecf0600000] _byte_map_base: 0x000078ecec600000

Marking Bits: (CMBitMap*) 0x000078ed08058a50
 Bits: [0x000078ece7a02000, 0x000078ecef672000)

Polling page: 0x000078ed10acc000

Metaspace:

Usage:
  Non-class:      1.42 MB used.
      Class:    126.07 KB used.
       Both:      1.54 MB used.

Virtual space:
  Non-class space:       64.00 MB reserved,       1.50 MB (  2%) committed,  1 nodes.
      Class space:        1.00 GB reserved,     192.00 KB ( <1%) committed,  1 nodes.
             Both:        1.06 GB reserved,       1.69 MB ( <1%) committed. 

Chunk freelists:
   Non-Class:  11.32 MB
       Class:  15.64 MB
        Both:  26.96 MB

MaxMetaspaceSize: unlimited
CompressedClassSpaceSize: 1.00 GB
Initial GC threshold: 21.00 MB
Current GC threshold: 21.00 MB
CDS: on
 - commit_granule_bytes: 65536.
 - commit_granule_words: 8192.
 - virtual_space_node_default_size: 8388608.
 - enlarge_chunks_in_place: 1.
 - use_allocation_guard: 0.


Internal statistics:

num_allocs_failed_limit: 0.
num_arena_births: 142.
num_arena_deaths: 0.
num_vsnodes_births: 2.
num_vsnodes_deaths: 0.
num_space_committed: 27.
num_space_uncommitted: 0.
num_chunks_returned_to_freelist: 0.
num_chunks_taken_from_freelist: 223.
num_chunk_merges: 0.
num_chunk_splits: 126.
num_chunks_enlarged: 45.
num_inconsistent_stats: 0.

CodeHeap 'non-profiled nmethods': size=119168Kb used=147Kb max_used=147Kb free=119021Kb
 bounds [0x000078ecf81a0000, 0x000078ecf8410000, 0x000078ecff600000]
CodeHeap 'profiled nmethods': size=119164Kb used=747Kb max_used=747Kb free=118416Kb
 bounds [0x000078ecf0600000, 0x000078ecf0870000, 0x000078ecf7a5f000]
CodeHeap 'non-nmethods': size=7428Kb used=3041Kb max_used=3055Kb free=4386Kb
 bounds [0x000078ecf7a5f000, 0x000078ecf7d5f000, 0x000078ecf81a0000]
CodeCache: size=245760Kb, used=3935Kb, max_used=3949Kb, free=241823Kb
 total_blobs=986, nmethods=512, adapters=377, full_count=0
Compilation: enabled, stopped_count=0, restarted_count=0

Compilation events (20 events):
Event: 0.045 Thread 0x000078ed08160220  371       3       java.lang.invoke.InvokerBytecodeGenerator::emitPushArgument (150 bytes)
Event: 0.045 Thread 0x000078ec68032ef0  372       3       java.lang.ClassLoader::checkName (37 bytes)
Event: 0.045 Thread 0x000078ed08160220 nmethod 371 0x000078ecf0678890 code [0x000078ecf0678b60, 0x000078ecf06798d0]
Event: 0.045 Thread 0x000078ec5c029670  374       3       java.lang.invoke.MethodHandles$Lookup::lookupClassOrNull (17 bytes)
Event: 0.045 Thread 0x000078ec5c02a8f0 nmethod 369 0x000078ecf0679c10 code [0x000078ecf0679f00, 0x000078ecf067adc0]
Event: 0.045 Thread 0x000078ec5c029670 nmethod 374 0x000078ecf067b390 code [0x000078ecf067b540, 0x000078ecf067b6c0]
Event: 0.045 Thread 0x000078ec68032ef0 nmethod 372 0x000078ecf067b790 code [0x000078ecf067b9a0, 0x000078ecf067bff0]
Event: 0.045 Thread 0x000078ed08160220  376       3       java.lang.invoke.MemberName::getName (25 bytes)
Event: 0.045 Thread 0x000078ec68032ef0  377       3       java.lang.invoke.LambdaForm$Name::useCount (51 bytes)
Event: 0.045 Thread 0x000078ed08160220 nmethod 376 0x000078ecf067c290 code [0x000078ecf067c460, 0x000078ecf067c7c8]
Event: 0.045 Thread 0x000078ec68032ef0 nmethod 377 0x000078ecf067c890 code [0x000078ecf067ca40, 0x000078ecf067cca0]
Event: 0.045 Thread 0x000078ed08160220  378       3       jdk.internal.org.objectweb.asm.Type::getDescriptor (93 bytes)
Event: 0.045 Thread 0x000078ec5c029670  379       3       jdk.internal.org.objectweb.asm.MethodWriter::visitAbstractType (8 bytes)
Event: 0.045 Thread 0x000078ec5c029670 nmethod 379 0x000078ecf067cd90 code [0x000078ecf067cf20, 0x000078ecf067d058]
Event: 0.045 Thread 0x000078ec68032ef0  380       3       java.lang.invoke.MethodType::erase (8 bytes)
Event: 0.045 Thread 0x000078ec68032ef0 nmethod 380 0x000078ecf067d110 code [0x000078ecf067d2a0, 0x000078ecf067d3d0]
Event: 0.045 Thread 0x000078ed08160220 nmethod 378 0x000078ecf067d490 code [0x000078ecf067d6e0, 0x000078ecf067ddc8]
Event: 0.046 Thread 0x000078ec68032ef0  384       3       java.lang.invoke.LambdaForm$NamedFunction::returnType (11 bytes)
Event: 0.046 Thread 0x000078ed08160220  385       3       java.lang.invoke.LambdaFormBuffer::ownedCount (7 bytes)
Event: 0.046 Thread 0x000078ed08160220 nmethod 385 0x000078ecf067e090 code [0x000078ecf067e220, 0x000078ecf067e328]

GC Heap History (0 events):
No events

Dll operation events (5 events):
Event: 0.001 Loaded shared library /usr/lib/jvm/zulu21-ca-amd64/lib/libjava.so
Event: 0.012 Loaded shared library /usr/lib/jvm/zulu21-ca-amd64/lib/libjsvml.so
Event: 0.018 Loaded shared library /usr/lib/jvm/zulu21-ca-amd64/lib/libnio.so
Event: 0.022 Loaded shared library /usr/lib/jvm/zulu21-ca-amd64/lib/libzip.so
Event: 0.038 Loaded shared library /usr/lib/jvm/zulu21-ca-amd64/lib/libnet.so

Deoptimization events (0 events):
No events

Classes loaded (20 events):
Event: 0.038 Loading class sun/nio/ch/FileDispatcher
Event: 0.038 Loading class sun/nio/ch/NativeDispatcher
Event: 0.038 Loading class sun/nio/ch/NativeDispatcher done
Event: 0.038 Loading class sun/nio/ch/FileDispatcher done
Event: 0.038 Loading class sun/nio/ch/UnixFileDispatcherImpl done
Event: 0.038 Loading class sun/nio/ch/FileDispatcherImpl done
Event: 0.038 Loading class sun/nio/ch/IOUtil
Event: 0.038 Loading class sun/nio/ch/IOUtil done
Event: 0.038 Loading class sun/nio/ch/NativeThreadSet
Event: 0.038 Loading class sun/nio/ch/NativeThreadSet done
Event: 0.038 Loading class sun/nio/ch/FileChannelImpl$Closer
Event: 0.038 Loading class sun/nio/ch/FileChannelImpl$Closer done
Event: 0.038 Loading class java/nio/channels/spi/AbstractInterruptibleChannel$1
Event: 0.038 Loading class sun/nio/ch/Interruptible
Event: 0.038 Loading class sun/nio/ch/Interruptible done
Event: 0.038 Loading class java/nio/channels/spi/AbstractInterruptibleChannel$1 done
Event: 0.038 Loading class sun/nio/ch/NativeThread
Event: 0.038 Loading class sun/nio/ch/NativeThread done
Event: 0.038 Loading class sun/nio/ch/IOStatus
Event: 0.038 Loading class sun/nio/ch/IOStatus done

Classes unloaded (0 events):
No events

Classes redefined (0 events):
No events

Internal exceptions (12 events):
Event: 0.024 Thread 0x000078ed0802b230 Exception <a 'java/lang/NoSuchMethodError'{0x000000062d7202a0}: 'java.lang.Object java.lang.invoke.DirectMethodHandle$Holder.invokeStatic(java.lang.Object, long, java.lang.Object)'> (0x000000062d7202a0) 
thrown [src/hotspot/share/interpreter/linkResolver.cpp, line 772]
Event: 0.024 Thread 0x000078ed0802b230 Exception <a 'java/lang/NoSuchMethodError'{0x000000062d723888}: 'java.lang.Object java.lang.invoke.DirectMethodHandle$Holder.invokeStaticInit(java.lang.Object, long, java.lang.Object)'> (0x000000062d723888) 
thrown [src/hotspot/share/interpreter/linkResolver.cpp, line 772]
Event: 0.024 Thread 0x000078ed0802b230 Exception <a 'java/lang/NoSuchMethodError'{0x000000062d729110}: 'java.lang.Object java.lang.invoke.DirectMethodHandle$Holder.newInvokeSpecial(java.lang.Object, long)'> (0x000000062d729110) 
thrown [src/hotspot/share/interpreter/linkResolver.cpp, line 772]
Event: 0.030 Thread 0x000078ed0802b230 Exception <a 'java/lang/NoSuchMethodError'{0x000000062d7a3758}: 'int java.lang.invoke.DirectMethodHandle$Holder.invokeStaticInit(java.lang.Object, java.lang.Object, java.lang.Object, java.lang.Object, java.lang.Object)'> (0x000000062d7a3758) 
thrown [src/hotspot/share/interpreter/linkResolver.cpp, line 772]
Event: 0.030 Thread 0x000078ed0802b230 Exception <a 'java/lang/NoSuchMethodError'{0x000000062d7abc30}: 'int java.lang.invoke.DirectMethodHandle$Holder.invokeVirtual(java.lang.Object, java.lang.Object, java.lang.Object)'> (0x000000062d7abc30) 
thrown [src/hotspot/share/interpreter/linkResolver.cpp, line 772]
Event: 0.032 Thread 0x000078ed0802b230 Exception <a 'java/lang/NoSuchMethodError'{0x000000062d7cdaa0}: 'int java.lang.invoke.DirectMethodHandle$Holder.invokeStatic(java.lang.Object, java.lang.Object, java.lang.Object, java.lang.Object)'> (0x000000062d7cdaa0) 
thrown [src/hotspot/share/interpreter/linkResolver.cpp, line 772]
Event: 0.032 Thread 0x000078ed0802b230 Exception <a 'java/lang/NoSuchMethodError'{0x000000062d7d0d98}: 'int java.lang.invoke.DirectMethodHandle$Holder.invokeStaticInit(java.lang.Object, java.lang.Object, java.lang.Object, java.lang.Object)'> (0x000000062d7d0d98) 
thrown [src/hotspot/share/interpreter/linkResolver.cpp, line 772]
Event: 0.033 Thread 0x000078ed0802b230 Exception <a 'java/lang/NoSuchMethodError'{0x000000062d7f2780}: 'int java.lang.invoke.DirectMethodHandle$Holder.invokeStaticInit(java.lang.Object, java.lang.Object, java.lang.Object)'> (0x000000062d7f2780) 
thrown [src/hotspot/share/interpreter/linkResolver.cpp, line 772]
Event: 0.035 Thread 0x000078ed0802b230 Exception <a 'java/lang/NoSuchMethodError'{0x000000062d051500}: 'java.lang.Object java.lang.invoke.Invokers$Holder.invoke_MT(java.lang.Object, java.lang.Object, java.lang.Object, java.lang.Object, java.lang.Object)'> (0x000000062d051500) 
thrown [src/hotspot/share/interpreter/linkResolver.cpp, line 772]
Event: 0.036 Thread 0x000078ed0802b230 Exception <a 'java/lang/NoSuchMethodError'{0x000000062d066050}: 'int java.lang.invoke.DirectMethodHandle$Holder.invokeSpecial(java.lang.Object, java.lang.Object, java.lang.Object)'> (0x000000062d066050) 
thrown [src/hotspot/share/interpreter/linkResolver.cpp, line 772]
Event: 0.036 Thread 0x000078ed0802b230 Exception <a 'java/lang/NoSuchMethodError'{0x000000062d0697a0}: 'int java.lang.invoke.DirectMethodHandle$Holder.invokeSpecial(java.lang.Object, java.lang.Object, java.lang.Object, java.lang.Object)'> (0x000000062d0697a0) 
thrown [src/hotspot/share/interpreter/linkResolver.cpp, line 772]
Event: 0.036 Thread 0x000078ed0802b230 Exception <a 'java/lang/NoSuchMethodError'{0x000000062d06c8e0}: 'int java.lang.invoke.Invokers$Holder.linkToTargetMethod(java.lang.Object, java.lang.Object, java.lang.Object)'> (0x000000062d06c8e0) 
thrown [src/hotspot/share/interpreter/linkResolver.cpp, line 772]

ZGC Phase Switch (0 events):
No events

VM Operations (2 events):
Event: 0.022 Executing non-safepoint VM operation: HandshakeAllThreads (Deoptimize)
Event: 0.022 Executing non-safepoint VM operation: HandshakeAllThreads (Deoptimize) done

Memory protections (14 events):
Event: 0.001 Protecting memory [0x000078ed0f017000,0x000078ed0f01b000] with protection modes 0
Event: 0.011 Protecting memory [0x000078ece4500000,0x000078ece4504000] with protection modes 0
Event: 0.012 Protecting memory [0x000078ece4400000,0x000078ece4404000] with protection modes 0
Event: 0.012 Protecting memory [0x000078ece4300000,0x000078ece4304000] with protection modes 0
Event: 0.012 Protecting memory [0x000078ece4200000,0x000078ece4204000] with protection modes 0
Event: 0.012 Protecting memory [0x000078ece4100000,0x000078ece4104000] with protection modes 0
Event: 0.012 Protecting memory [0x000078ece4000000,0x000078ece4004000] with protection modes 0
Event: 0.012 Protecting memory [0x000078ec8ef00000,0x000078ec8ef04000] with protection modes 0
Event: 0.013 Protecting memory [0x000078ec8ed30000,0x000078ec8ed34000] with protection modes 0
Event: 0.014 Protecting memory [0x000078ec8ec30000,0x000078ec8ec34000] with protection modes 0
Event: 0.014 Protecting memory [0x000078ec8eb30000,0x000078ec8eb34000] with protection modes 0
Event: 0.018 Protecting memory [0x000078ec8ea30000,0x000078ec8ea34000] with protection modes 0
Event: 0.018 Protecting memory [0x000078ec8e930000,0x000078ec8e934000] with protection modes 0
Event: 0.021 Protecting memory [0x000078ec8e830000,0x000078ec8e834000] with protection modes 0

Nmethod flushes (0 events):
No events

Events (14 events):
Event: 0.009 Thread 0x000078ed0802b230 Thread added: 0x000078ed0802b230
Event: 0.011 Thread 0x000078ed0802b230 Thread added: 0x000078ed081576d0
Event: 0.012 Thread 0x000078ed0802b230 Thread added: 0x000078ed08158c40
Event: 0.012 Thread 0x000078ed0802b230 Thread added: 0x000078ed0815a3c0
Event: 0.012 Thread 0x000078ed0802b230 Thread added: 0x000078ed0815ba00
Event: 0.012 Thread 0x000078ed0802b230 Thread added: 0x000078ed0815cfa0
Event: 0.012 Thread 0x000078ed0802b230 Thread added: 0x000078ed0815eb60
Event: 0.012 Thread 0x000078ed0802b230 Thread added: 0x000078ed08160220
Event: 0.013 Thread 0x000078ed08160220 Thread added: 0x000078ec68032ef0
Event: 0.014 Thread 0x000078ec68032ef0 Thread added: 0x000078ec5c029670
Event: 0.014 Thread 0x000078ec68032ef0 Thread added: 0x000078ec5c02a8f0
Event: 0.018 Thread 0x000078ed0802b230 Thread added: 0x000078ed081b2940
Event: 0.018 Thread 0x000078ed0802b230 Thread added: 0x000078ed081b5240
Event: 0.021 Thread 0x000078ed0815eb60 Thread added: 0x000078ec640cf9e0


Dynamic libraries:
60e400000-62d800000 rw-p 00000000 00:00 0 
62d800000-7ffc00000 ---p 00000000 00:00 0 
7ffc00000-7ffd0f000 rw-p 00d3f000 103:01 42209309                        /usr/lib/jvm/zulu21-ca-amd64/lib/server/classes.jsa
7ffd0f000-800000000 rw-p 00000000 00:00 0 
5e7faee47000-5e7faee48000 r-xp 00000000 103:01 42209347                  /usr/lib/jvm/zulu21-ca-amd64/bin/java
5e7faee49000-5e7faee4a000 r--p 00001000 103:01 42209347                  /usr/lib/jvm/zulu21-ca-amd64/bin/java
5e7faee4a000-5e7faee4b000 rw-p 00002000 103:01 42209347                  /usr/lib/jvm/zulu21-ca-amd64/bin/java
5e7fb959e000-5e7fb95e4000 rw-p 00000000 00:00 0                          [heap]
78ec44000000-78ec44021000 rw-p 00000000 00:00 0 
78ec44021000-78ec48000000 ---p 00000000 00:00 0 
78ec4c000000-78ec4c021000 rw-p 00000000 00:00 0 
78ec4c021000-78ec50000000 ---p 00000000 00:00 0 
78ec50000000-78ec50087000 rw-p 00000000 00:00 0 
78ec50087000-78ec54000000 ---p 00000000 00:00 0 
78ec54000000-78ec54024000 rw-p 00000000 00:00 0 
78ec54024000-78ec58000000 ---p 00000000 00:00 0 
78ec58000000-78ec58021000 rw-p 00000000 00:00 0 
78ec58021000-78ec5c000000 ---p 00000000 00:00 0 
78ec5c000000-78ec5c0f9000 rw-p 00000000 00:00 0 
78ec5c0f9000-78ec60000000 ---p 00000000 00:00 0 
78ec60000000-78ec6002e000 rw-p 00000000 00:00 0 
78ec6002e000-78ec64000000 ---p 00000000 00:00 0 
78ec64000000-78ec64142000 rw-p 00000000 00:00 0 
78ec64142000-78ec68000000 ---p 00000000 00:00 0 
78ec68000000-78ec680bd000 rw-p 00000000 00:00 0 
78ec680bd000-78ec6c000000 ---p 00000000 00:00 0 
78ec6c000000-78ec6c021000 rw-p 00000000 00:00 0 
78ec6c021000-78ec70000000 ---p 00000000 00:00 0 
78ec70000000-78ec70021000 rw-p 00000000 00:00 0 
78ec70021000-78ec74000000 ---p 00000000 00:00 0 
78ec74000000-78ec74021000 rw-p 00000000 00:00 0 
78ec74021000-78ec78000000 ---p 00000000 00:00 0 
78ec78000000-78ec78021000 rw-p 00000000 00:00 0 
78ec78021000-78ec7c000000 ---p 00000000 00:00 0 
78ec7c000000-78ec7c021000 rw-p 00000000 00:00 0 
78ec7c021000-78ec80000000 ---p 00000000 00:00 0 
78ec80000000-78ec80021000 rw-p 00000000 00:00 0 
78ec80021000-78ec84000000 ---p 00000000 00:00 0 
78ec84000000-78ec840d0000 rw-p 00000000 00:00 0 
78ec840d0000-78ec84400000 ---p 00000000 00:00 0 
78ec84400000-78ec844b0000 rw-p 00000000 00:00 0 
78ec844b0000-78ec88000000 ---p 00000000 00:00 0 
78ec88000000-78ec88021000 rw-p 00000000 00:00 0 
78ec88021000-78ec8c000000 ---p 00000000 00:00 0 
78ec8e2c1000-78ec8e2c5000 ---p 00000000 00:00 0 
78ec8e2c5000-78ec8e3c1000 rw-p 00000000 00:00 0 
78ec8e3c1000-78ec8e830000 rw-p 00000000 00:00 0 
78ec8e830000-78ec8e834000 ---p 00000000 00:00 0 
78ec8e834000-78ec8e930000 rw-p 00000000 00:00 0 
78ec8e930000-78ec8e934000 ---p 00000000 00:00 0 
78ec8e934000-78ec8ea30000 rw-p 00000000 00:00 0 
78ec8ea30000-78ec8ea34000 ---p 00000000 00:00 0 
78ec8ea34000-78ec8eb30000 rw-p 00000000 00:00 0 
78ec8eb30000-78ec8eb34000 ---p 00000000 00:00 0 
78ec8eb34000-78ec8ec30000 rw-p 00000000 00:00 0 
78ec8ec30000-78ec8ec34000 ---p 00000000 00:00 0 
78ec8ec34000-78ec8ed30000 rw-p 00000000 00:00 0 
78ec8ed30000-78ec8ed34000 ---p 00000000 00:00 0 
78ec8ed34000-78ec8ee30000 rw-p 00000000 00:00 0 
78ec8ee30000-78ec8eefe000 r-xp 00000000 103:01 42209345                  /usr/lib/jvm/zulu21-ca-amd64/lib/libjsvml.so
78ec8eefe000-78ec8eeff000 r--p 000cd000 103:01 42209345                  /usr/lib/jvm/zulu21-ca-amd64/lib/libjsvml.so
78ec8eeff000-78ec8ef00000 rw-p 000ce000 103:01 42209345                  /usr/lib/jvm/zulu21-ca-amd64/lib/libjsvml.so
78ec8ef00000-78ec8ef04000 ---p 00000000 00:00 0 
78ec8ef04000-78ec8f000000 rw-p 00000000 00:00 0 
78ec8f000000-78ec8fcfe000 rw-p 00001000 103:01 42209309                  /usr/lib/jvm/zulu21-ca-amd64/lib/server/classes.jsa
78ec8fcfe000-78ec90000000 ---p 00000000 00:00 0 
78ec90000000-78ec90020000 rw-p 00000000 00:00 0 
78ec90020000-78ec90040000 ---p 00000000 00:00 0 
78ec90040000-78ec90050000 rw-p 00000000 00:00 0 
78ec90050000-78ecd0000000 ---p 00000000 00:00 0 
78ecd0000000-78ecd0021000 rw-p 00000000 00:00 0 
78ecd0021000-78ecd4000000 ---p 00000000 00:00 0 
78ecd4000000-78ecd4021000 rw-p 00000000 00:00 0 
78ecd4021000-78ecd8000000 ---p 00000000 00:00 0 
78ecd8000000-78ecd8021000 rw-p 00000000 00:00 0 
78ecd8021000-78ecdc000000 ---p 00000000 00:00 0 
78ecdc000000-78ecdc021000 rw-p 00000000 00:00 0 
78ecdc021000-78ece0000000 ---p 00000000 00:00 0 
78ece0000000-78ece0021000 rw-p 00000000 00:00 0 
78ece0021000-78ece4004000 ---p 00000000 00:00 0 
78ece4004000-78ece4100000 rw-p 00000000 00:00 0 
78ece4100000-78ece4104000 ---p 00000000 00:00 0 
78ece4104000-78ece4200000 rw-p 00000000 00:00 0 
78ece4200000-78ece4204000 ---p 00000000 00:00 0 
78ece4204000-78ece4300000 rw-p 00000000 00:00 0 
78ece4300000-78ece4304000 ---p 00000000 00:00 0 
78ece4304000-78ece4400000 rw-p 00000000 00:00 0 
78ece4400000-78ece4404000 ---p 00000000 00:00 0 
78ece4404000-78ece4500000 rw-p 00000000 00:00 0 
78ece4500000-78ece4504000 ---p 00000000 00:00 0 
78ece4504000-78ece4600000 rw-p 00000000 00:00 0 
78ece4600000-78ece4b75000 r--p 00000000 103:01 41549904                  /usr/lib/locale/locale-archive
78ece4c17000-78ece4c18000 ---p 00000000 00:00 0 
78ece4c18000-78ece4d18000 rw-p 00000000 00:00 0 
78ece4d18000-78ece4d19000 ---p 00000000 00:00 0 
78ece4d19000-78ece4e19000 rw-p 00000000 00:00 0 
78ece4e19000-78ece4ef5000 rw-p 00000000 00:00 0 
78ece4ef5000-78ece4ef6000 ---p 00000000 00:00 0 
78ece4ef6000-78ece4ff6000 rw-p 00000000 00:00 0 
78ece4ff6000-78ece4ff7000 ---p 00000000 00:00 0 
78ece4ff7000-78ece50f7000 rw-p 00000000 00:00 0 
78ece50f7000-78ece7a00000 rw-p 00000000 00:00 0 
78ece7a02000-78ece81d2000 rw-p 00000000 00:00 0 
78ece81d2000-78ecef662000 ---p 00000000 00:00 0 
78ecef662000-78ecef76c000 rw-p 00000000 00:00 0 
78ecef76c000-78ecf05fe000 ---p 00000000 00:00 0 
78ecf05fe000-78ecf0600000 rw-p 00000000 00:00 0 
78ecf0600000-78ecf0870000 rwxp 00000000 00:00 0 
78ecf0870000-78ecf7a5f000 ---p 00000000 00:00 0 
78ecf7a5f000-78ecf7d5f000 rwxp 00000000 00:00 0 
78ecf7d5f000-78ecf81a0000 ---p 00000000 00:00 0 
78ecf81a0000-78ecf8410000 rwxp 00000000 00:00 0 
78ecf8410000-78ecff600000 ---p 00000000 00:00 0 
78ecff600000-78ed07ec9000 r--s 00000000 103:01 42209316                  /usr/lib/jvm/zulu21-ca-amd64/lib/modules
78ed07eff000-78ed08243000 rw-p 00000000 00:00 0 
78ed08243000-78ed0c000000 ---p 00000000 00:00 0 
78ed0c01d000-78ed0c866000 rw-p 00000000 00:00 0 
78ed0c866000-78ed0c867000 ---p 00000000 00:00 0 
78ed0c867000-78ed0c967000 rw-p 00000000 00:00 0 
78ed0c967000-78ed0c968000 ---p 00000000 00:00 0 
78ed0c968000-78ed0ca68000 rw-p 00000000 00:00 0 
78ed0ca68000-78ed0ca69000 ---p 00000000 00:00 0 
78ed0ca69000-78ed0cb69000 rw-p 00000000 00:00 0 
78ed0cb69000-78ed0cd9f000 rw-p 00000000 00:00 0 
78ed0cd9f000-78ed0dc31000 ---p 00000000 00:00 0 
78ed0dc31000-78ed0ee4a000 rw-p 00000000 00:00 0 
78ed0ee4a000-78ed0ef2e000 ---p 00000000 00:00 0 
78ed0ef2e000-78ed0ef33000 rw-p 00000000 00:00 0 
78ed0ef33000-78ed0f017000 ---p 00000000 00:00 0 
78ed0f017000-78ed0f01b000 ---p 00000000 00:00 0 
78ed0f01b000-78ed0f117000 rw-p 00000000 00:00 0 
78ed0f117000-78ed0f127000 r--p 00000000 103:01 41569512                  /usr/lib/x86_64-linux-gnu/libm.so.6
78ed0f127000-78ed0f1a6000 r-xp 00010000 103:01 41569512                  /usr/lib/x86_64-linux-gnu/libm.so.6
78ed0f1a6000-78ed0f1fe000 r--p 0008f000 103:01 41569512                  /usr/lib/x86_64-linux-gnu/libm.so.6
78ed0f1fe000-78ed0f1ff000 r--p 000e7000 103:01 41569512                  /usr/lib/x86_64-linux-gnu/libm.so.6
78ed0f1ff000-78ed0f200000 rw-p 000e8000 103:01 41569512                  /usr/lib/x86_64-linux-gnu/libm.so.6
78ed0f200000-78ed10629000 r-xp 00000000 103:01 42209310                  /usr/lib/jvm/zulu21-ca-amd64/lib/server/libjvm.so
78ed10629000-78ed106fe000 r--p 01428000 103:01 42209310                  /usr/lib/jvm/zulu21-ca-amd64/lib/server/libjvm.so
78ed106fe000-78ed1072e000 rw-p 014fd000 103:01 42209310                  /usr/lib/jvm/zulu21-ca-amd64/lib/server/libjvm.so
78ed1072e000-78ed10795000 rw-p 00000000 00:00 0 
78ed107a9000-78ed107b0000 r-xp 00000000 103:01 42209300                  /usr/lib/jvm/zulu21-ca-amd64/lib/libzip.so
78ed107b0000-78ed107b1000 ---p 00007000 103:01 42209300                  /usr/lib/jvm/zulu21-ca-amd64/lib/libzip.so
78ed107b1000-78ed107b2000 r--p 00007000 103:01 42209300                  /usr/lib/jvm/zulu21-ca-amd64/lib/libzip.so
78ed107b2000-78ed107b3000 rw-p 00008000 103:01 42209300                  /usr/lib/jvm/zulu21-ca-amd64/lib/libzip.so
78ed107b3000-78ed107bf000 r-xp 00000000 103:01 42209301                  /usr/lib/jvm/zulu21-ca-amd64/lib/libnet.so
78ed107bf000-78ed107c0000 r--p 0000b000 103:01 42209301                  /usr/lib/jvm/zulu21-ca-amd64/lib/libnet.so
78ed107c0000-78ed107c1000 rw-p 0000c000 103:01 42209301                  /usr/lib/jvm/zulu21-ca-amd64/lib/libnet.so
78ed107c1000-78ed10800000 rw-p 00000000 00:00 0 
78ed10800000-78ed10828000 r--p 00000000 103:01 41569503                  /usr/lib/x86_64-linux-gnu/libc.so.6
78ed10828000-78ed109b0000 r-xp 00028000 103:01 41569503                  /usr/lib/x86_64-linux-gnu/libc.so.6
78ed109b0000-78ed109ff000 r--p 001b0000 103:01 41569503                  /usr/lib/x86_64-linux-gnu/libc.so.6
78ed109ff000-78ed10a03000 r--p 001fe000 103:01 41569503                  /usr/lib/x86_64-linux-gnu/libc.so.6
78ed10a03000-78ed10a05000 rw-p 00202000 103:01 41569503                  /usr/lib/x86_64-linux-gnu/libc.so.6
78ed10a05000-78ed10a12000 rw-p 00000000 00:00 0 
78ed10a14000-78ed10a28000 r-xp 00000000 103:01 42209331                  /usr/lib/jvm/zulu21-ca-amd64/lib/libnio.so
78ed10a28000-78ed10a29000 r--p 00013000 103:01 42209331                  /usr/lib/jvm/zulu21-ca-amd64/lib/libnio.so
78ed10a29000-78ed10a2a000 rw-p 00014000 103:01 42209331                  /usr/lib/jvm/zulu21-ca-amd64/lib/libnio.so
78ed10a2a000-78ed10a30000 rw-p 00000000 00:00 0 
78ed10a30000-78ed10a39000 ---p 00000000 00:00 0 
78ed10a39000-78ed10a5a000 r-xp 00000000 103:01 42209329                  /usr/lib/jvm/zulu21-ca-amd64/lib/libjava.so
78ed10a5a000-78ed10a5b000 r--p 00020000 103:01 42209329                  /usr/lib/jvm/zulu21-ca-amd64/lib/libjava.so
78ed10a5b000-78ed10a5c000 rw-p 00021000 103:01 42209329                  /usr/lib/jvm/zulu21-ca-amd64/lib/libjava.so
78ed10a5c000-78ed10a5d000 rw-p 00000000 00:00 0 
78ed10a5d000-78ed10a78000 r-xp 00000000 103:01 42209333                  /usr/lib/jvm/zulu21-ca-amd64/lib/libjimage.so
78ed10a78000-78ed10a79000 ---p 0001b000 103:01 42209333                  /usr/lib/jvm/zulu21-ca-amd64/lib/libjimage.so
78ed10a79000-78ed10a7b000 r--p 0001b000 103:01 42209333                  /usr/lib/jvm/zulu21-ca-amd64/lib/libjimage.so
78ed10a7b000-78ed10a7c000 rw-p 0001d000 103:01 42209333                  /usr/lib/jvm/zulu21-ca-amd64/lib/libjimage.so
78ed10a7c000-78ed10a7d000 r--p 00000000 103:01 41570398                  /usr/lib/x86_64-linux-gnu/librt.so.1
78ed10a7d000-78ed10a7e000 r-xp 00001000 103:01 41570398                  /usr/lib/x86_64-linux-gnu/librt.so.1
78ed10a7e000-78ed10a7f000 r--p 00002000 103:01 41570398                  /usr/lib/x86_64-linux-gnu/librt.so.1
78ed10a7f000-78ed10a80000 r--p 00002000 103:01 41570398                  /usr/lib/x86_64-linux-gnu/librt.so.1
78ed10a80000-78ed10a81000 rw-p 00003000 103:01 41570398                  /usr/lib/x86_64-linux-gnu/librt.so.1
78ed10a81000-78ed10a85000 rw-p 00000000 00:00 0 
78ed10a85000-78ed10a86000 r--p 00000000 103:01 41569505                  /usr/lib/x86_64-linux-gnu/libdl.so.2
78ed10a86000-78ed10a87000 r-xp 00001000 103:01 41569505                  /usr/lib/x86_64-linux-gnu/libdl.so.2
78ed10a87000-78ed10a88000 r--p 00002000 103:01 41569505                  /usr/lib/x86_64-linux-gnu/libdl.so.2
78ed10a88000-78ed10a89000 r--p 00002000 103:01 41569505                  /usr/lib/x86_64-linux-gnu/libdl.so.2
78ed10a89000-78ed10a8a000 rw-p 00003000 103:01 41569505                  /usr/lib/x86_64-linux-gnu/libdl.so.2
78ed10a8a000-78ed10a8b000 r--p 00000000 103:01 41570396                  /usr/lib/x86_64-linux-gnu/libpthread.so.0
78ed10a8b000-78ed10a8c000 r-xp 00001000 103:01 41570396                  /usr/lib/x86_64-linux-gnu/libpthread.so.0
78ed10a8c000-78ed10a8d000 r--p 00002000 103:01 41570396                  /usr/lib/x86_64-linux-gnu/libpthread.so.0
78ed10a8d000-78ed10a8e000 r--p 00002000 103:01 41570396                  /usr/lib/x86_64-linux-gnu/libpthread.so.0
78ed10a8e000-78ed10a8f000 rw-p 00003000 103:01 41570396                  /usr/lib/x86_64-linux-gnu/libpthread.so.0
78ed10a8f000-78ed10a9e000 r-xp 00000000 103:01 42209298                  /usr/lib/jvm/zulu21-ca-amd64/lib/libjli.so
78ed10a9e000-78ed10a9f000 ---p 0000f000 103:01 42209298                  /usr/lib/jvm/zulu21-ca-amd64/lib/libjli.so
78ed10a9f000-78ed10aa0000 r--p 0000f000 103:01 42209298                  /usr/lib/jvm/zulu21-ca-amd64/lib/libjli.so
78ed10aa0000-78ed10aa1000 rw-p 00010000 103:01 42209298                  /usr/lib/jvm/zulu21-ca-amd64/lib/libjli.so
78ed10aa1000-78ed10aa3000 r--p 00000000 103:01 41561978                  /usr/lib/x86_64-linux-gnu/libz.so.1.3
78ed10aa3000-78ed10ab5000 r-xp 00002000 103:01 41561978                  /usr/lib/x86_64-linux-gnu/libz.so.1.3
78ed10ab5000-78ed10abb000 r--p 00014000 103:01 41561978                  /usr/lib/x86_64-linux-gnu/libz.so.1.3
78ed10abb000-78ed10abc000 r--p 0001a000 103:01 41561978                  /usr/lib/x86_64-linux-gnu/libz.so.1.3
78ed10abc000-78ed10abd000 rw-p 0001b000 103:01 41561978                  /usr/lib/x86_64-linux-gnu/libz.so.1.3
78ed10abd000-78ed10ac4000 r--s 00000000 103:01 41568527                  /usr/lib/x86_64-linux-gnu/gconv/gconv-modules.cache
78ed10ac4000-78ed10acc000 rw-s 00000000 103:01 38797327                  /tmp/hsperfdata_emre/52747
78ed10acc000-78ed10acd000 ---p 00000000 00:00 0 
78ed10acd000-78ed10ace000 r--p 00000000 00:00 0 
78ed10ace000-78ed10acf000 ---p 00000000 00:00 0 
78ed10acf000-78ed10ad1000 rw-p 00000000 00:00 0 
78ed10ad1000-78ed10ad5000 r--p 00000000 00:00 0                          [vvar]
78ed10ad5000-78ed10ad7000 r--p 00000000 00:00 0                          [vvar_vclock]
78ed10ad7000-78ed10ad9000 r-xp 00000000 00:00 0                          [vdso]
78ed10ad9000-78ed10ada000 r--p 00000000 103:01 41569369                  /usr/lib/x86_64-linux-gnu/ld-linux-x86-64.so.2
78ed10ada000-78ed10b05000 r-xp 00001000 103:01 41569369                  /usr/lib/x86_64-linux-gnu/ld-linux-x86-64.so.2
78ed10b05000-78ed10b0f000 r--p 0002c000 103:01 41569369                  /usr/lib/x86_64-linux-gnu/ld-linux-x86-64.so.2
78ed10b0f000-78ed10b11000 r--p 00036000 103:01 41569369                  /usr/lib/x86_64-linux-gnu/ld-linux-x86-64.so.2
78ed10b11000-78ed10b13000 rw-p 00038000 103:01 41569369                  /usr/lib/x86_64-linux-gnu/ld-linux-x86-64.so.2
7ffd51cb4000-7ffd51cd5000 rw-p 00000000 00:00 0                          [stack]
ffffffffff600000-ffffffffff601000 --xp 00000000 00:00 0                  [vsyscall]
Total number of mappings: 208

JVMTI agents: none


VM Arguments:
jvm_args: --add-opens=java.base/jdk.internal.misc=ALL-UNNAMED 
java_command: io.aeron.cluster.ClusterTool /home/emre/openexchange-data/aeron-cluster/node2/cluster recording-log
java_class_path (initial): /home/emre/Apps/openexchange/match/match-cluster/target/match-cluster.jar
Launcher Type: SUN_STANDARD

[Global flags]
     intx CICompilerCount                          = 12                                        {product} {ergonomic}
     uint ConcGCThreads                            = 5                                         {product} {ergonomic}
     uint G1ConcRefinementThreads                  = 18                                        {product} {ergonomic}
   size_t G1HeapRegionSize                         = 4194304                                   {product} {ergonomic}
    uintx GCDrainStackTargetSize                   = 64                                        {product} {ergonomic}
   size_t InitialHeapSize                          = 524288000                                 {product} {ergonomic}
   size_t MarkStackSize                            = 4194304                                   {product} {ergonomic}
   size_t MaxHeapSize                              = 8350859264                                {product} {ergonomic}
   size_t MaxNewSize                               = 5007998976                                {product} {ergonomic}
   size_t MinHeapDeltaBytes                        = 4194304                                   {product} {ergonomic}
   size_t MinHeapSize                              = 8388608                                   {product} {ergonomic}
    uintx NonNMethodCodeHeapSize                   = 7602480                                {pd product} {ergonomic}
    uintx NonProfiledCodeHeapSize                  = 122027880                              {pd product} {ergonomic}
    uintx ProfiledCodeHeapSize                     = 122027880                              {pd product} {ergonomic}
    uintx ReservedCodeCacheSize                    = 251658240                              {pd product} {ergonomic}
     bool SegmentedCodeCache                       = true                                      {product} {ergonomic}
   size_t SoftMaxHeapSize                          = 8350859264                             {manageable} {ergonomic}
     bool UseCompressedOops                        = true                           {product lp64_product} {ergonomic}
     bool UseG1GC                                  = true                                      {product} {ergonomic}

Logging:
Log output configuration:
 #0: stdout all=warning uptime,level,tags foldmultilines=false
 #1: stderr all=off uptime,level,tags foldmultilines=false

Release file:
<release file has not been read>
Environment Variables:
PATH=/usr/local/sbin:/usr/local/bin:/usr/sbin:/usr/bin:/sbin:/bin:/usr/games:/usr/local/games:/snap/bin:/snap/bin
SHELL=/bin/bash
LANG=en_US.UTF-8

Active Locale:
LC_ALL=en_US.UTF-8
LC_COLLATE=en_US.UTF-8
LC_CTYPE=en_US.UTF-8
LC_MESSAGES=en_US.UTF-8
LC_MONETARY=en_US.UTF-8
LC_NUMERIC=en_US.UTF-8
LC_TIME=en_US.UTF-8

Signal Handlers:
   SIGSEGV: crash_handler in libjvm.so, mask=11100100010111111101111111111110, flags=SA_RESTART|SA_SIGINFO, unblocked
    SIGBUS: crash_handler in libjvm.so, mask=11100100010111111101111111111110, flags=SA_RESTART|SA_SIGINFO, unblocked
    SIGFPE: crash_handler in libjvm.so, mask=11100100010111111101111111111110, flags=SA_RESTART|SA_SIGINFO, unblocked
   SIGPIPE: javaSignalHandler in libjvm.so, mask=11100100010111111101111111111110, flags=SA_RESTART|SA_SIGINFO, blocked
   SIGXFSZ: javaSignalHandler in libjvm.so, mask=11100100010111111101111111111110, flags=SA_RESTART|SA_SIGINFO, blocked
    SIGILL: crash_handler in libjvm.so, mask=11100100010111111101111111111110, flags=SA_RESTART|SA_SIGINFO, unblocked
   SIGUSR2: SR_handler in libjvm.so, mask=00000000000000000000000000000000, flags=SA_RESTART|SA_SIGINFO, blocked
    SIGHUP: UserHandler in libjvm.so, mask=11100100010111111101111111111110, flags=SA_RESTART|SA_SIGINFO, blocked
    SIGINT: UserHandler in libjvm.so, mask=11100100010111111101111111111110, flags=SA_RESTART|SA_SIGINFO, blocked
   SIGTERM: UserHandler in libjvm.so, mask=11100100010111111101111111111110, flags=SA_RESTART|SA_SIGINFO, blocked
   SIGQUIT: UserHandler in libjvm.so, mask=11100100010111111101111111111110, flags=SA_RESTART|SA_SIGINFO, blocked
   SIGTRAP: crash_handler in libjvm.so, mask=11100100010111111101111111111110, flags=SA_RESTART|SA_SIGINFO, unblocked


Periodic native trim disabled

---------------  S Y S T E M  ---------------

OS:
DISTRIB_ID=Ubuntu
DISTRIB_RELEASE=24.04
DISTRIB_CODENAME=noble
DISTRIB_DESCRIPTION="Ubuntu 24.04.3 LTS"
uname: Linux 7.0.0-28-generic #28~24.04.1-Ubuntu SMP PREEMPT_DYNAMIC Wed Jul  1 15:50:57 UTC 2 x86_64
OS uptime: 0 days 2:43 hours
libc: glibc 2.39 NPTL 2.39 
rlimit (soft/hard): STACK 8192k/infinity , CORE 0k/infinity , NPROC 115710/115710 , NOFILE 1048576/1048576 , AS infinity/infinity , CPU infinity/infinity , DATA infinity/infinity , FSIZE infinity/infinity , MEMLOCK 4076856k/4076856k
load average: 0.00 0.01 0.00

/proc/meminfo:
MemTotal:       32614856 kB
MemFree:        23337856 kB
MemAvailable:   26738284 kB
Buffers:          163216 kB
Cached:          3499476 kB
SwapCached:            0 kB
Active:          3731660 kB
Inactive:        2354916 kB
Active(anon):    2457520 kB
Inactive(anon):        0 kB
Active(file):    1274140 kB
Inactive(file):  2354916 kB
Unevictable:       17468 kB
Mlocked:               0 kB
SwapTotal:       8388604 kB
SwapFree:        8388604 kB
Zswap:                 0 kB
Zswapped:              0 kB
Dirty:               116 kB
Writeback:           104 kB
AnonPages:       2442060 kB
Mapped:           986568 kB
Shmem:             33648 kB
KReclaimable:     109472 kB
Slab:             349372 kB
SReclaimable:     109472 kB
SUnreclaim:       239900 kB
KernelStack:       16604 kB
PageTables:        36236 kB
SecPageTables:         0 kB
NFS_Unstable:          0 kB
Bounce:                0 kB
WritebackTmp:          0 kB
CommitLimit:    23647456 kB
Committed_AS:    9194232 kB
VmallocTotal:   34359738367 kB
VmallocUsed:      141792 kB
VmallocChunk:          0 kB
Percpu:            20640 kB
HardwareCorrupted:     0 kB
AnonHugePages:         0 kB
ShmemHugePages:    14336 kB
ShmemPmdMapped:        0 kB
FileHugePages:      2048 kB
FilePmdMapped:         0 kB
CmaTotal:              0 kB
CmaFree:         2906112 kB
Unaccepted:            0 kB
Balloon:               0 kB
HugePages_Total:    1024
HugePages_Free:     1011
HugePages_Rsvd:       59
HugePages_Surp:        0
Hugepagesize:       2048 kB
Hugetlb:         2097152 kB
DirectMap4k:      553944 kB
DirectMap2M:    10737664 kB
DirectMap1G:    22020096 kB

/sys/kernel/mm/transparent_hugepage/enabled: always madvise [never]
/sys/kernel/mm/transparent_hugepage/hpage_pmd_size: 2097152
/sys/kernel/mm/transparent_hugepage/defrag (defrag/compaction efforts parameter): always defer defer+madvise madvise [never]

Process Memory:
Virtual Size: 11407036K (peak: 11472572K)
Resident Set Size: 59396K (peak: 59396K) (anon: 37416K, file: 21980K, shmem: 0K)
Swapped out: 0K
C-Heap outstanding allocations: 49256K, retained: 2475K
glibc malloc tunables: (default)

/proc/sys/kernel/threads-max (system-wide limit on the number of threads): 231420
/proc/sys/vm/max_map_count (maximum number of memory map areas a process may have): 1048576
/proc/sys/vm/swappiness (control to define how aggressively the kernel swaps out anonymous memory): 0
/proc/sys/kernel/pid_max (system-wide limit on number of process identifiers): 4194304

container information not found.
Steal ticks since vm start: 0
Steal ticks percentage since vm start:  0.000

CPU: total 24 (initial active 24) (24 cores per cpu, 1 threads per core) family 6 model 183 stepping 1 microcode 0x133, cx8, cmov, fxsr, mmx, 3dnowpref, sse, sse2, sse3, ssse3, sse4.1, sse4.2, popcnt, lzcnt, tsc, tscinvbit, avx, avx2, aes, erms, clmul, bmi1, bmi2, adx, sha, fma, vzeroupper, clflush, clflushopt, clwb, serialize, rdtscp, rdpid, fsrm, f16c, pku, ospke, cet_ibt, cet_ss
CPU Model and flags from /proc/cpuinfo:
model name	: 13th Gen Intel(R) Core(TM) i7-13700K
flags		: fpu vme de pse tsc msr pae mce cx8 apic sep mtrr pge mca cmov pat pse36 clflush dts acpi mmx fxsr sse sse2 ss ht tm pbe syscall nx pdpe1gb rdtscp lm constant_tsc art arch_perfmon pebs bts rep_good nopl xtopology nonstop_tsc cpuid aperfmperf tsc_known_freq pni pclmulqdq dtes64 monitor ds_cpl vmx smx est tm2 ssse3 sdbg fma cx16 xtpr pdcm pcid sse4_1 sse4_2 x2apic movbe popcnt tsc_deadline_timer aes xsave avx f16c rdrand lahf_lm abm 3dnowprefetch cpuid_fault ssbd ibrs ibpb stibp ibrs_enhanced tpr_shadow flexpriority ept vpid ept_ad fsgsbase tsc_adjust bmi1 avx2 smep bmi2 erms invpcid rdseed adx smap clflushopt clwb intel_pt sha_ni xsaveopt xsavec xgetbv1 xsaves split_lock_detect user_shstk avx_vnni dtherm ida arat pln pts hwp hwp_notify hwp_act_window hwp_epp hwp_pkg_req hfi vnmi umip pku ospke waitpkg gfni vaes vpclmulqdq rdpid movdiri movdir64b fsrm md_clear serialize pconfig arch_lbr ibt flush_l1d arch_capabilities

Online cpus: 0-23
Offline cpus: 
BIOS frequency limitation: <Not Available>
Frequency switch latency (ns): 0
Available cpu frequencies: <Not Available>
Current governor: powersave
Core performance/turbo boost: <Not Available>

Memory: 4k page, physical 32614856k(26738284k free), swap 8388604k(8388604k free)
Page Sizes: 4k

vm_info: OpenJDK 64-Bit Server VM (21.0.11+10-LTS) for linux-amd64 JRE (21.0.11+10-LTS) (Zulu21.50+19-CA), built on 2026-04-17T20:39:03Z by "zulu_re" with gcc 11.2.0

END.
