#
# A fatal error has been detected by the Java Runtime Environment:
#
#  SIGSEGV (0xb) at pc=0x000073e113e82138, pid=413708, tid=413709
#
# JRE version: OpenJDK Runtime Environment Zulu21.50+19-CA (21.0.11+10) (build 21.0.11+10-LTS)
# Java VM: OpenJDK 64-Bit Server VM Zulu21.50+19-CA (21.0.11+10-LTS, mixed mode, sharing, tiered, compressed oops, compressed class ptrs, g1 gc, linux-amd64)
# Problematic frame:
# V  [libjvm.so+0xe82138]  SignatureStream::SignatureStream(Symbol const*, bool)+0x158
#
# Core dump will be written. Default location: Core dumps may be processed with "/usr/share/apport/apport -p%p -s%s -c%c -d%d -P%P -u%u -g%g -F%F -- %E" (or dumping to /home/emre/Apps/openexchange/match/core.413708)
#
# If you would like to submit a bug report, please visit:
#   http://www.azul.com/support/
#

---------------  S U M M A R Y ------------

Command Line: --add-opens=java.base/jdk.internal.misc=ALL-UNNAMED io.aeron.cluster.ClusterTool /home/emre/openexchange-data/aeron-cluster/node1/cluster list-members

Host: 13th Gen Intel(R) Core(TM) i7-13700K, 24 cores, 31G, Ubuntu 24.04.3 LTS
Time: Wed Jul 22 07:21:39 2026 +03 elapsed time: 0.049824 seconds (0d 0h 0m 0s)

---------------  T H R E A D  ---------------

Current thread (0x000073e10c02b230):  JavaThread "main"             [_thread_in_vm, id=413709, stack(0x000073e112f00000,0x000073e113000000) (1024K)]

Stack: [0x000073e112f00000,0x000073e113000000],  sp=0x000073e112ffab60,  free space=1002k
Native frames: (J=compiled Java code, j=interpreted, Vv=VM code, C=native code)
V  [libjvm.so+0xe82138]  SignatureStream::SignatureStream(Symbol const*, bool)+0x158
V  [libjvm.so+0xff1613]  ClassVerifier::translate_signature(Symbol*, sig_as_verification_types*)+0x33
V  [libjvm.so+0xff1c21]  ClassVerifier::create_method_sig_entry(sig_as_verification_types*, int)+0x41
V  [libjvm.so+0xffac1e]  ClassVerifier::verify_invoke_instructions(RawBytecodeStream*, unsigned int, StackMapFrame*, bool, bool*, VerificationType, constantPoolHandle const&, StackMapTable*, JavaThread*)+0x101e
V  [libjvm.so+0xffc21c]  ClassVerifier::verify_method(methodHandle const&, JavaThread*)+0xc0c
V  [libjvm.so+0x10030ad]  ClassVerifier::verify_class(JavaThread*)+0xed
V  [libjvm.so+0x10034dc]  Verifier::verify(InstanceKlass*, bool, JavaThread*)+0x32c
V  [libjvm.so+0x8f3393]  InstanceKlass::link_class_impl(JavaThread*)+0x473
V  [libjvm.so+0x8f2f78]  InstanceKlass::link_class_impl(JavaThread*)+0x58
V  [libjvm.so+0x8f8e4b]  InstanceKlass::initialize_impl(JavaThread*)+0x64b
V  [libjvm.so+0x915510]  InterpreterRuntime::_new(JavaThread*, ConstantPool*, int)+0x140
j  io.aeron.cluster.ClusterToolOperator.queryClusterMembers(Lio/aeron/cluster/service/ClusterNodeControlProperties;JLio/aeron/cluster/ClusterMembership;)Z+26
j  io.aeron.cluster.ClusterToolOperator.queryClusterMembers(Lio/aeron/cluster/service/ClusterMarkFile;JLio/aeron/cluster/ClusterMembership;)Z+8
j  io.aeron.cluster.ClusterToolOperator.listMembers(Ljava/io/File;Ljava/io/PrintStream;)I+54
j  io.aeron.cluster.ClusterTool$$Lambda+0x000073e094006f80.applyAsInt(Ljava/lang/Object;Ljava/lang/Object;)I+12
j  io.aeron.cluster.ClusterToolCommand.lambda$action$1(Ljava/util/function/ToIntBiFunction;Ljava/io/File;Ljava/io/PrintStream;[Ljava/lang/String;)I+3
j  io.aeron.cluster.ClusterToolCommand$$Lambda+0x000073e094005970.act(Ljava/io/File;Ljava/io/PrintStream;[Ljava/lang/String;)I+7
j  io.aeron.cluster.ClusterTool.main([Ljava/lang/String;)V+119
v  ~StubRoutines::call_stub 0x000073e0fba5fcc6
V  [libjvm.so+0x920445]  JavaCalls::call_helper(JavaValue*, methodHandle const&, JavaCallArguments*, JavaThread*)+0x2f5
V  [libjvm.so+0x9c99d0]  jni_invoke_static(JNIEnv_*, JavaValue*, _jobject*, JNICallType, _jmethodID*, JNI_ArgumentPusher*, JavaThread*) [clone .constprop.1]+0x390
V  [libjvm.so+0x9cc8b7]  jni_CallStaticVoidMethod+0x167
C  [libjli.so+0x5584]  JavaMain+0x1054
C  [libjli.so+0x8af9]  ThreadJavaMain+0x9
C  [libc.so.6+0x9caa4]
Java frames: (J=compiled Java code, j=interpreted, Vv=VM code)
j  io.aeron.cluster.ClusterToolOperator.queryClusterMembers(Lio/aeron/cluster/service/ClusterNodeControlProperties;JLio/aeron/cluster/ClusterMembership;)Z+26
j  io.aeron.cluster.ClusterToolOperator.queryClusterMembers(Lio/aeron/cluster/service/ClusterMarkFile;JLio/aeron/cluster/ClusterMembership;)Z+8
j  io.aeron.cluster.ClusterToolOperator.listMembers(Ljava/io/File;Ljava/io/PrintStream;)I+54
j  io.aeron.cluster.ClusterTool$$Lambda+0x000073e094006f80.applyAsInt(Ljava/lang/Object;Ljava/lang/Object;)I+12
j  io.aeron.cluster.ClusterToolCommand.lambda$action$1(Ljava/util/function/ToIntBiFunction;Ljava/io/File;Ljava/io/PrintStream;[Ljava/lang/String;)I+3
j  io.aeron.cluster.ClusterToolCommand$$Lambda+0x000073e094005970.act(Ljava/io/File;Ljava/io/PrintStream;[Ljava/lang/String;)I+7
j  io.aeron.cluster.ClusterTool.main([Ljava/lang/String;)V+119
v  ~StubRoutines::call_stub 0x000073e0fba5fcc6

siginfo: si_signo: 11 (SIGSEGV), si_code: 1 (SEGV_MAPERR), si_addr: 0x000000000000000c

Registers:
RAX=0x000000000000000c, RBX=0x000073e112ffabc0, RCX=0x0000000000000001, RDX=0x000073e1141f11e0
RSP=0x000073e112ffab60, RBP=0x000073e112ffab80, RSI=0x000073e0934e4890, RDI=0x000073e0934e4890
R8 =0x000073e0934e4897, R9 =0x00000000000000b9, R10=0x000073e112ffb5e0, R11=0x0000000000000000
R12=0x0000000000000015, R13=0x000073e0934e4896, R14=0x000073e05801a270, R15=0x000000000000010b
RIP=0x000073e113e82138, EFLAGS=0x0000000000010246, CSGSFS=0x002b000000000033, ERR=0x0000000000000004
  TRAPNO=0x000000000000000e

XMM[0]=0x0000000000000000 0x0000000100000001
XMM[1]=0x0000000000000000 0x0000000000000001
XMM[2]=0x0000000000000000 0x000073e10c02b230
XMM[3]=0x0000000000000000 0x000073e10c02b230
XMM[4]=0x0000000000000000 0x0000000000000001
XMM[5]=0x0000000000000000 0x000073e10c02b230
XMM[6]=0x0000000000000000 0x000073e05801a188
XMM[7]=0x0000000000000000 0x0000000000000004
XMM[8]=0x0000b11600b70519 0x04151d2c2b2a0c00
XMM[9]=0x000000062d141bab 0x000000062d141ba8
XMM[10]=0x706d69532f747865 0x742f6176616a4c28
XMM[11]=0x61776f7268542f67 0x6e616c2f6176616a
XMM[12]=0x0000000000000000 0x2020202020202020
XMM[13]=0x0000000000000000 0x0000000000000000
XMM[14]=0x0000000000000000 0x0000000000000000
XMM[15]=0x0000000000000000 0x0000000000000000
  MXCSR=0x00001fa2


Register to memory mapping:

RAX=0x000000000000000c is an unknown value
RBX=0x000073e112ffabc0 is pointing into the stack for thread: 0x000073e10c02b230
RCX=0x0000000000000001 is an unknown value
RDX=0x000073e1141f11e0: <offset 0x00000000011f11e0> in /usr/lib/jvm/zulu21-ca-amd64/lib/server/libjvm.so at 0x000073e113000000
RSP=0x000073e112ffab60 is pointing into the stack for thread: 0x000073e10c02b230
RBP=0x000073e112ffab80 is pointing into the stack for thread: 0x000073e10c02b230
RSI=0x000073e0934e4890 is pointing into metadata
RDI=0x000073e0934e4890 is pointing into metadata
R8 =0x000073e0934e4897 is pointing into metadata
R9 =0x00000000000000b9 is an unknown value
R10=0x000073e112ffb5e0 is pointing into the stack for thread: 0x000073e10c02b230
R11=0x0 is null
R12=0x0000000000000015 is an unknown value
R13=0x000073e0934e4896 is pointing into metadata
R14=0x000073e05801a270 points into unknown readable memory: 0x000073e000000000 | 00 00 00 00 e0 73 00 00
R15=0x000000000000010b is an unknown value

Top of Stack: (sp=0x000073e112ffab60)
0x000073e112ffab60:   000073e112ffab80 000073e05801a270   .....s..p..X.s..
0x000073e112ffab70:   000073e112ffabc0 000073e112ffc060   .....s..`....s..
0x000073e112ffab80:   000073e112ffac20 000073e113ff1613    ....s.......s..
0x000073e112ffab90:   000073e05801a270 000073e112ffc060   p..X.s..`....s..
0x000073e112ffaba0:   000073e10c000000 00000001000000d8   .....s..........
0x000073e112ffabb0:   000073e0934df608 00000000ffff0001   ..M..s..........
0x000073e112ffabc0:   000073e0934e4890 0000000100000001   .HN..s..........
0x000073e112ffabd0:   0000000000000015 000000010000000c   ................
0x000073e112ffabe0:   000073e0934de090 0000000000000000   ..M..s..........
0x000073e112ffabf0:   000073e112ffad90 0000000000000132   .....s..2.......
0x000073e112ffac00:   0000000000000110 000073e112ffc060   ........`....s..
0x000073e112ffac10:   000073e05801a270 000000000000010b   p..X.s..........
0x000073e112ffac20:   000073e112ffac60 000073e113ff1c21   `....s..!....s..
0x000073e112ffac30:   000073e112ffb000 000073e05801a270   .....s..p..X.s..
0x000073e112ffac40:   000073e112ffb570 000073e112ffc060   p....s..`....s..
0x000073e112ffac50:   0000000000000110 000000000000010b   ................
0x000073e112ffac60:   000073e112ffb000 000073e113ffac1e   .....s.......s..
0x000073e112ffac70:   000073e112ffb570 000073e112ffb5e0   p....s.......s..
0x000073e112ffac80:   000073e0934e4890 000073e0934f8ce8   .HN..s....O..s..
0x000073e112ffac90:   000000000000010b 000073e1000000b9   .............s..
0x000073e112ffaca0:   000073e05801a208 000073e112ffb0cf   ...X.s.......s..
0x000073e112ffacb0:   00000000000000ba 000073e100000057   ........W....s..
0x000073e112ffacc0:   000073e10c13d340 000073e09352a590   @....s....R..s..
0x000073e112ffacd0:   000073e112ffb0e0 0000000000000005   .....s..........
0x000073e112fface0:   000073e05801a1d0 0000000000000005   ...X.s..........
0x000073e112ffacf0:   000073e112ffb5e0 000073e05801a098   .....s.....X.s..
0x000073e112ffad00:   000073e112ffaee0 000073e113e97c53   .....s..S|...s..
0x000073e112ffad10:   0000000500000000 000073e100000107   .............s..
0x000073e112ffad20:   000073e112ffad40 000073e112ffaf70   @....s..p....s..
0x000073e112ffad30:   000073e10c02b230 000073e10c02bd70   0....s..p....s..
0x000073e112ffad40:   000073e10c02bdb0 000073e10c02bde8   .....s.......s..
0x000073e112ffad50:   000073e10c02be98 00000000000000d8   .....s..........

Instructions: (pc=0x000073e113e82138)
0x000073e113e82038:   8d 6e 06 0f b6 d2 48 89 f7 4d 8d 44 15 00 41 0f
0x000073e113e82048:   be 00 83 f8 29 0f 84 95 00 00 00 83 e8 42 83 f8
0x000073e113e82058:   19 76 1d c7 43 18 00 00 00 00 8d 41 01 89 43 0c
0x000073e113e82068:   48 83 c4 08 5b 41 5c 41 5d 5d c3 0f 1f 44 00 00
0x000073e113e82078:   48 8d 15 61 f1 36 00 8b 04 82 89 43 18 83 f8 0c
0x000073e113e82088:   0f 84 aa 00 00 00 83 f8 0d 75 cf 41 39 cc 0f 8e
0x000073e113e82098:   d8 00 00 00 8d 41 06 48 98 48 01 c7 89 c8 eb 14
0x000073e113e820a8:   0f 1f 84 00 00 00 00 00 83 c0 01 48 83 c7 01 41
0x000073e113e820b8:   39 c4 74 a9 0f b6 17 80 fa 5b 74 ec 41 39 c4 0f
0x000073e113e820c8:   8e a7 00 00 00 89 c6 29 ce 89 73 14 80 fa 4c 0f
0x000073e113e820d8:   84 a3 00 00 00 83 c0 01 eb 83 66 0f 1f 44 00 00
0x000073e113e820e8:   83 c1 01 c7 43 1c 03 00 00 00 66 0f 6e d1 66 0f
0x000073e113e820f8:   70 c2 e0 66 0f d6 43 08 41 39 cc 7e 63 4c 63 c1
0x000073e113e82108:   4d 01 e8 41 0f be 00 83 e8 42 83 f8 19 0f 86 5d
0x000073e113e82118:   ff ff ff e9 3b ff ff ff 83 c9 fe 89 4f 1c 48 83
0x000073e113e82128:   c4 08 5b 41 5c 41 5d 5d c3 0f 1f 80 00 00 00 00
0x000073e113e82138:   44 89 e2 be 3b 00 00 00 4c 89 c7 29 ca 48 63 d2
0x000073e113e82148:   e8 13 25 42 ff 48 8d 50 01 4c 29 ea 48 85 c0 89
0x000073e113e82158:   d0 41 0f 44 c4 e9 03 ff ff ff 66 0f 1f 44 00 00
0x000073e113e82168:   c7 43 1c ff ff ff ff e9 f4 fe ff ff 44 89 e0 e9
0x000073e113e82178:   e9 fe ff ff 0f 1f 40 00 44 89 e2 be 3b 00 00 00
0x000073e113e82188:   29 c2 48 63 d2 e8 ce 24 42 ff 48 89 c1 48 8d 40
0x000073e113e82198:   01 4c 29 e8 48 85 c9 41 0f 44 c4 e9 bd fe ff ff
0x000073e113e821a8:   0f 1f 84 00 00 00 00 00 55 48 8d 05 88 b4 6e 00
0x000073e113e821b8:   48 89 e5 41 54 49 89 fc 53 48 8b 7f 20 48 3b 78
0x000073e113e821c8:   18 74 37 e8 80 3b 0b 00 49 8b 44 24 28 48 85 c0
0x000073e113e821d8:   74 28 8b 10 85 d2 7e 22 31 db 66 0f 1f 44 00 00
0x000073e113e821e8:   48 8b 40 08 48 8b 3c d8 48 83 c3 01 e8 57 3b 0b
0x000073e113e821f8:   00 49 8b 44 24 28 39 18 7f e6 5b 41 5c 5d c3 90
0x000073e113e82208:   0f 1f 84 00 00 00 00 00 55 48 89 e5 41 55 41 54
0x000073e113e82218:   53 48 89 fb 48 83 ec 08 44 8b 67 10 8b 4f 0c 48
0x000073e113e82228:   8b 17 44 39 e1 0f 8d dd 00 00 00 4c 8d 6a 06 48


Stack slot to memory mapping:

stack at sp + 0 slots: 0x000073e112ffab80 is pointing into the stack for thread: 0x000073e10c02b230
stack at sp + 1 slots: 0x000073e05801a270 points into unknown readable memory: 0x000073e000000000 | 00 00 00 00 e0 73 00 00
stack at sp + 2 slots: 0x000073e112ffabc0 is pointing into the stack for thread: 0x000073e10c02b230
stack at sp + 3 slots: 0x000073e112ffc060 is pointing into the stack for thread: 0x000073e10c02b230
stack at sp + 4 slots: 0x000073e112ffac20 is pointing into the stack for thread: 0x000073e10c02b230
stack at sp + 5 slots: 0x000073e113ff1613: <offset 0x0000000000ff1613> in /usr/lib/jvm/zulu21-ca-amd64/lib/server/libjvm.so at 0x000073e113000000
stack at sp + 6 slots: 0x000073e05801a270 points into unknown readable memory: 0x000073e000000000 | 00 00 00 00 e0 73 00 00
stack at sp + 7 slots: 0x000073e112ffc060 is pointing into the stack for thread: 0x000073e10c02b230


---------------  P R O C E S S  ---------------

Threads class SMR info:
_java_thread_list=0x000073e0680e0f50, length=14, elements={
0x000073e10c02b230, 0x000073e10c1576d0, 0x000073e10c158c40, 0x000073e10c15a3c0,
0x000073e10c15ba00, 0x000073e10c15cfa0, 0x000073e10c15eb60, 0x000073e10c160220,
0x000073e06c022f10, 0x000073e06c04cb00, 0x000073e060041810, 0x000073e10c1aa3f0,
0x000073e10c1accf0, 0x000073e0680dfdb0
}

Java Threads: ( => current thread )
=>0x000073e10c02b230 JavaThread "main"                              [_thread_in_vm, id=413709, stack(0x000073e112f00000,0x000073e113000000) (1024K)]
  0x000073e10c1576d0 JavaThread "Reference Handler"          daemon [_thread_blocked, id=413717, stack(0x000073e0e8a71000,0x000073e0e8b71000) (1024K)]
  0x000073e10c158c40 JavaThread "Finalizer"                  daemon [_thread_blocked, id=413718, stack(0x000073e0e8300000,0x000073e0e8400000) (1024K)]
  0x000073e10c15a3c0 JavaThread "Signal Dispatcher"          daemon [_thread_blocked, id=413719, stack(0x000073e0e8200000,0x000073e0e8300000) (1024K)]
  0x000073e10c15ba00 JavaThread "Service Thread"             daemon [_thread_blocked, id=413720, stack(0x000073e0e8100000,0x000073e0e8200000) (1024K)]
  0x000073e10c15cfa0 JavaThread "Monitor Deflation Thread"   daemon [_thread_blocked, id=413721, stack(0x000073e0e8000000,0x000073e0e8100000) (1024K)]
  0x000073e10c15eb60 JavaThread "C2 CompilerThread0"         daemon [_thread_blocked, id=413722, stack(0x000073e092f00000,0x000073e093000000) (1024K)]
  0x000073e10c160220 JavaThread "C1 CompilerThread0"         daemon [_thread_blocked, id=413723, stack(0x000073e092e00000,0x000073e092f00000) (1024K)]
  0x000073e06c022f10 JavaThread "C1 CompilerThread1"         daemon [_thread_blocked, id=413724, stack(0x000073e092d00000,0x000073e092e00000) (1024K)]
  0x000073e06c04cb00 JavaThread "C1 CompilerThread2"         daemon [_thread_blocked, id=413725, stack(0x000073e092c00000,0x000073e092d00000) (1024K)]
  0x000073e060041810 JavaThread "C1 CompilerThread3"         daemon [_thread_blocked, id=413726, stack(0x000073e092b00000,0x000073e092c00000) (1024K)]
  0x000073e10c1aa3f0 JavaThread "Notification Thread"        daemon [_thread_blocked, id=413727, stack(0x000073e092a00000,0x000073e092b00000) (1024K)]
  0x000073e10c1accf0 JavaThread "Common-Cleaner"             daemon [_thread_blocked, id=413728, stack(0x000073e092900000,0x000073e092a00000) (1024K)]
  0x000073e0680dfdb0 JavaThread "C2 CompilerThread1"         daemon [_thread_blocked, id=413729, stack(0x000073e092800000,0x000073e092900000) (1024K)]
Total: 14

Other Threads:
  0x000073e10c14e2d0 VMThread "VM Thread"                           [id=413716, stack(0x000073e0e8b72000,0x000073e0e8c72000) (1024K)]
  0x000073e10c13b900 WatcherThread "VM Periodic Task Thread"        [id=413715, stack(0x000073e0e8c73000,0x000073e0e8d73000) (1024K)]
  0x000073e10c057f20 WorkerThread "GC Thread#0"                     [id=413710, stack(0x000073e110991000,0x000073e110a91000) (1024K)]
  0x000073e10c068e60 ConcurrentGCThread "G1 Main Marker"            [id=413711, stack(0x000073e110890000,0x000073e110990000) (1024K)]
  0x000073e10c069e40 WorkerThread "G1 Conc#0"                       [id=413712, stack(0x000073e11078f000,0x000073e11088f000) (1024K)]
  0x000073e10c128e90 ConcurrentGCThread "G1 Refine#0"               [id=413713, stack(0x000073e0e8ef6000,0x000073e0e8ff6000) (1024K)]
  0x000073e10c129e50 ConcurrentGCThread "G1 Service"                [id=413714, stack(0x000073e0e8df5000,0x000073e0e8ef5000) (1024K)]
Total: 7

Threads with active compile tasks:
Total: 0

VM state: not at safepoint (normal execution)

VM Mutex/Monitor currently owned by a thread: None

Heap address: 0x000000060e400000, size: 7964 MB, Compressed Oops mode: Zero based, Oop shift amount: 3

CDS archive(s) mapped at: [0x000073e093000000-0x000073e093cfe000-0x000073e093cfe000), size 13623296, SharedBaseAddress: 0x000073e093000000, ArchiveRelocationMode: 1.
Compressed class space mapped at: 0x000073e094000000-0x000073e0d4000000, reserved size: 1073741824
Narrow klass base: 0x000073e093000000, Narrow klass shift: 0, Narrow klass range: 0x100000000

GC Precious Log:
 CardTable entry size: 512
 Card Set container configuration: InlinePtr #cards 4 size 8 Array Of Cards #cards 32 size 80 Howl #buckets 8 coarsen threshold 7372 Howl Bitmap #cards 1024 size 144 coarsen threshold 921 Card regions per heap region 1 cards per card region 8192
 CPUs: 24 total, 24 available
 Memory: 31850M
 Large Page Support: Disabled
 NUMA Support: Disabled
 Compressed Oops: Enabled (Zero based)
 Heap Region Size: 4M
 Heap Min Capacity: 8M
 Heap Initial Capacity: 500M
 Heap Max Capacity: 7964M
 Pre-touch: Disabled
 Parallel Workers: 18
 Concurrent Workers: 5
 Concurrent Refinement Workers: 18
 Periodic GC: Disabled

Heap:
 garbage-first heap   total 516096K, used 5179K [0x000000060e400000, 0x0000000800000000)
  region size 4096K, 2 young (8192K), 0 survivors (0K)
 Metaspace       used 1596K, committed 1792K, reserved 1114112K
  class space    used 123K, committed 192K, reserved 1048576K

Heap Regions: E=young(eden), S=young(survivor), O=old, HS=humongous(starts), HC=humongous(continues), CS=collection set, F=free, TAMS=top-at-mark-start, PB=parsable bottom
|   0|0x000000060e400000, 0x000000060e400000, 0x000000060e800000|  0%| F|  |TAMS 0x000000060e400000| PB 0x000000060e400000| Untracked 
|   1|0x000000060e800000, 0x000000060e800000, 0x000000060ec00000|  0%| F|  |TAMS 0x000000060e800000| PB 0x000000060e800000| Untracked 
|   2|0x000000060ec00000, 0x000000060ec00000, 0x000000060f000000|  0%| F|  |TAMS 0x000000060ec00000| PB 0x000000060ec00000| Untracked 
|   3|0x000000060f000000, 0x000000060f000000, 0x000000060f400000|  0%| F|  |TAMS 0x000000060f000000| PB 0x000000060f000000| Untracked 
|   4|0x000000060f400000, 0x000000060f400000, 0x000000060f800000|  0%| F|  |TAMS 0x000000060f400000| PB 0x000000060f400000| Untracked 
|   5|0x000000060f800000, 0x000000060f800000, 0x000000060fc00000|  0%| F|  |TAMS 0x000000060f800000| PB 0x000000060f800000| Untracked 
|   6|0x000000060fc00000, 0x000000060fc00000, 0x0000000610000000|  0%| F|  |TAMS 0x000000060fc00000| PB 0x000000060fc00000| Untracked 
|   7|0x0000000610000000, 0x0000000610000000, 0x0000000610400000|  0%| F|  |TAMS 0x0000000610000000| PB 0x0000000610000000| Untracked 
|   8|0x0000000610400000, 0x0000000610400000, 0x0000000610800000|  0%| F|  |TAMS 0x0000000610400000| PB 0x0000000610400000| Untracked 
|   9|0x0000000610800000, 0x0000000610800000, 0x0000000610c00000|  0%| F|  |TAMS 0x0000000610800000| PB 0x0000000610800000| Untracked 
|  10|0x0000000610c00000, 0x0000000610c00000, 0x0000000611000000|  0%| F|  |TAMS 0x0000000610c00000| PB 0x0000000610c00000| Untracked 
|  11|0x0000000611000000, 0x0000000611000000, 0x0000000611400000|  0%| F|  |TAMS 0x0000000611000000| PB 0x0000000611000000| Untracked 
|  12|0x0000000611400000, 0x0000000611400000, 0x0000000611800000|  0%| F|  |TAMS 0x0000000611400000| PB 0x0000000611400000| Untracked 
|  13|0x0000000611800000, 0x0000000611800000, 0x0000000611c00000|  0%| F|  |TAMS 0x0000000611800000| PB 0x0000000611800000| Untracked 
|  14|0x0000000611c00000, 0x0000000611c00000, 0x0000000612000000|  0%| F|  |TAMS 0x0000000611c00000| PB 0x0000000611c00000| Untracked 
|  15|0x0000000612000000, 0x0000000612000000, 0x0000000612400000|  0%| F|  |TAMS 0x0000000612000000| PB 0x0000000612000000| Untracked 
|  16|0x0000000612400000, 0x0000000612400000, 0x0000000612800000|  0%| F|  |TAMS 0x0000000612400000| PB 0x0000000612400000| Untracked 
|  17|0x0000000612800000, 0x0000000612800000, 0x0000000612c00000|  0%| F|  |TAMS 0x0000000612800000| PB 0x0000000612800000| Untracked 
|  18|0x0000000612c00000, 0x0000000612c00000, 0x0000000613000000|  0%| F|  |TAMS 0x0000000612c00000| PB 0x0000000612c00000| Untracked 
|  19|0x0000000613000000, 0x0000000613000000, 0x0000000613400000|  0%| F|  |TAMS 0x0000000613000000| PB 0x0000000613000000| Untracked 
|  20|0x0000000613400000, 0x0000000613400000, 0x0000000613800000|  0%| F|  |TAMS 0x0000000613400000| PB 0x0000000613400000| Untracked 
|  21|0x0000000613800000, 0x0000000613800000, 0x0000000613c00000|  0%| F|  |TAMS 0x0000000613800000| PB 0x0000000613800000| Untracked 
|  22|0x0000000613c00000, 0x0000000613c00000, 0x0000000614000000|  0%| F|  |TAMS 0x0000000613c00000| PB 0x0000000613c00000| Untracked 
|  23|0x0000000614000000, 0x0000000614000000, 0x0000000614400000|  0%| F|  |TAMS 0x0000000614000000| PB 0x0000000614000000| Untracked 
|  24|0x0000000614400000, 0x0000000614400000, 0x0000000614800000|  0%| F|  |TAMS 0x0000000614400000| PB 0x0000000614400000| Untracked 
|  25|0x0000000614800000, 0x0000000614800000, 0x0000000614c00000|  0%| F|  |TAMS 0x0000000614800000| PB 0x0000000614800000| Untracked 
|  26|0x0000000614c00000, 0x0000000614c00000, 0x0000000615000000|  0%| F|  |TAMS 0x0000000614c00000| PB 0x0000000614c00000| Untracked 
|  27|0x0000000615000000, 0x0000000615000000, 0x0000000615400000|  0%| F|  |TAMS 0x0000000615000000| PB 0x0000000615000000| Untracked 
|  28|0x0000000615400000, 0x0000000615400000, 0x0000000615800000|  0%| F|  |TAMS 0x0000000615400000| PB 0x0000000615400000| Untracked 
|  29|0x0000000615800000, 0x0000000615800000, 0x0000000615c00000|  0%| F|  |TAMS 0x0000000615800000| PB 0x0000000615800000| Untracked 
|  30|0x0000000615c00000, 0x0000000615c00000, 0x0000000616000000|  0%| F|  |TAMS 0x0000000615c00000| PB 0x0000000615c00000| Untracked 
|  31|0x0000000616000000, 0x0000000616000000, 0x0000000616400000|  0%| F|  |TAMS 0x0000000616000000| PB 0x0000000616000000| Untracked 
|  32|0x0000000616400000, 0x0000000616400000, 0x0000000616800000|  0%| F|  |TAMS 0x0000000616400000| PB 0x0000000616400000| Untracked 
|  33|0x0000000616800000, 0x0000000616800000, 0x0000000616c00000|  0%| F|  |TAMS 0x0000000616800000| PB 0x0000000616800000| Untracked 
|  34|0x0000000616c00000, 0x0000000616c00000, 0x0000000617000000|  0%| F|  |TAMS 0x0000000616c00000| PB 0x0000000616c00000| Untracked 
|  35|0x0000000617000000, 0x0000000617000000, 0x0000000617400000|  0%| F|  |TAMS 0x0000000617000000| PB 0x0000000617000000| Untracked 
|  36|0x0000000617400000, 0x0000000617400000, 0x0000000617800000|  0%| F|  |TAMS 0x0000000617400000| PB 0x0000000617400000| Untracked 
|  37|0x0000000617800000, 0x0000000617800000, 0x0000000617c00000|  0%| F|  |TAMS 0x0000000617800000| PB 0x0000000617800000| Untracked 
|  38|0x0000000617c00000, 0x0000000617c00000, 0x0000000618000000|  0%| F|  |TAMS 0x0000000617c00000| PB 0x0000000617c00000| Untracked 
|  39|0x0000000618000000, 0x0000000618000000, 0x0000000618400000|  0%| F|  |TAMS 0x0000000618000000| PB 0x0000000618000000| Untracked 
|  40|0x0000000618400000, 0x0000000618400000, 0x0000000618800000|  0%| F|  |TAMS 0x0000000618400000| PB 0x0000000618400000| Untracked 
|  41|0x0000000618800000, 0x0000000618800000, 0x0000000618c00000|  0%| F|  |TAMS 0x0000000618800000| PB 0x0000000618800000| Untracked 
|  42|0x0000000618c00000, 0x0000000618c00000, 0x0000000619000000|  0%| F|  |TAMS 0x0000000618c00000| PB 0x0000000618c00000| Untracked 
|  43|0x0000000619000000, 0x0000000619000000, 0x0000000619400000|  0%| F|  |TAMS 0x0000000619000000| PB 0x0000000619000000| Untracked 
|  44|0x0000000619400000, 0x0000000619400000, 0x0000000619800000|  0%| F|  |TAMS 0x0000000619400000| PB 0x0000000619400000| Untracked 
|  45|0x0000000619800000, 0x0000000619800000, 0x0000000619c00000|  0%| F|  |TAMS 0x0000000619800000| PB 0x0000000619800000| Untracked 
|  46|0x0000000619c00000, 0x0000000619c00000, 0x000000061a000000|  0%| F|  |TAMS 0x0000000619c00000| PB 0x0000000619c00000| Untracked 
|  47|0x000000061a000000, 0x000000061a000000, 0x000000061a400000|  0%| F|  |TAMS 0x000000061a000000| PB 0x000000061a000000| Untracked 
|  48|0x000000061a400000, 0x000000061a400000, 0x000000061a800000|  0%| F|  |TAMS 0x000000061a400000| PB 0x000000061a400000| Untracked 
|  49|0x000000061a800000, 0x000000061a800000, 0x000000061ac00000|  0%| F|  |TAMS 0x000000061a800000| PB 0x000000061a800000| Untracked 
|  50|0x000000061ac00000, 0x000000061ac00000, 0x000000061b000000|  0%| F|  |TAMS 0x000000061ac00000| PB 0x000000061ac00000| Untracked 
|  51|0x000000061b000000, 0x000000061b000000, 0x000000061b400000|  0%| F|  |TAMS 0x000000061b000000| PB 0x000000061b000000| Untracked 
|  52|0x000000061b400000, 0x000000061b400000, 0x000000061b800000|  0%| F|  |TAMS 0x000000061b400000| PB 0x000000061b400000| Untracked 
|  53|0x000000061b800000, 0x000000061b800000, 0x000000061bc00000|  0%| F|  |TAMS 0x000000061b800000| PB 0x000000061b800000| Untracked 
|  54|0x000000061bc00000, 0x000000061bc00000, 0x000000061c000000|  0%| F|  |TAMS 0x000000061bc00000| PB 0x000000061bc00000| Untracked 
|  55|0x000000061c000000, 0x000000061c000000, 0x000000061c400000|  0%| F|  |TAMS 0x000000061c000000| PB 0x000000061c000000| Untracked 
|  56|0x000000061c400000, 0x000000061c400000, 0x000000061c800000|  0%| F|  |TAMS 0x000000061c400000| PB 0x000000061c400000| Untracked 
|  57|0x000000061c800000, 0x000000061c800000, 0x000000061cc00000|  0%| F|  |TAMS 0x000000061c800000| PB 0x000000061c800000| Untracked 
|  58|0x000000061cc00000, 0x000000061cc00000, 0x000000061d000000|  0%| F|  |TAMS 0x000000061cc00000| PB 0x000000061cc00000| Untracked 
|  59|0x000000061d000000, 0x000000061d000000, 0x000000061d400000|  0%| F|  |TAMS 0x000000061d000000| PB 0x000000061d000000| Untracked 
|  60|0x000000061d400000, 0x000000061d400000, 0x000000061d800000|  0%| F|  |TAMS 0x000000061d400000| PB 0x000000061d400000| Untracked 
|  61|0x000000061d800000, 0x000000061d800000, 0x000000061dc00000|  0%| F|  |TAMS 0x000000061d800000| PB 0x000000061d800000| Untracked 
|  62|0x000000061dc00000, 0x000000061dc00000, 0x000000061e000000|  0%| F|  |TAMS 0x000000061dc00000| PB 0x000000061dc00000| Untracked 
|  63|0x000000061e000000, 0x000000061e000000, 0x000000061e400000|  0%| F|  |TAMS 0x000000061e000000| PB 0x000000061e000000| Untracked 
|  64|0x000000061e400000, 0x000000061e400000, 0x000000061e800000|  0%| F|  |TAMS 0x000000061e400000| PB 0x000000061e400000| Untracked 
|  65|0x000000061e800000, 0x000000061e800000, 0x000000061ec00000|  0%| F|  |TAMS 0x000000061e800000| PB 0x000000061e800000| Untracked 
|  66|0x000000061ec00000, 0x000000061ec00000, 0x000000061f000000|  0%| F|  |TAMS 0x000000061ec00000| PB 0x000000061ec00000| Untracked 
|  67|0x000000061f000000, 0x000000061f000000, 0x000000061f400000|  0%| F|  |TAMS 0x000000061f000000| PB 0x000000061f000000| Untracked 
|  68|0x000000061f400000, 0x000000061f400000, 0x000000061f800000|  0%| F|  |TAMS 0x000000061f400000| PB 0x000000061f400000| Untracked 
|  69|0x000000061f800000, 0x000000061f800000, 0x000000061fc00000|  0%| F|  |TAMS 0x000000061f800000| PB 0x000000061f800000| Untracked 
|  70|0x000000061fc00000, 0x000000061fc00000, 0x0000000620000000|  0%| F|  |TAMS 0x000000061fc00000| PB 0x000000061fc00000| Untracked 
|  71|0x0000000620000000, 0x0000000620000000, 0x0000000620400000|  0%| F|  |TAMS 0x0000000620000000| PB 0x0000000620000000| Untracked 
|  72|0x0000000620400000, 0x0000000620400000, 0x0000000620800000|  0%| F|  |TAMS 0x0000000620400000| PB 0x0000000620400000| Untracked 
|  73|0x0000000620800000, 0x0000000620800000, 0x0000000620c00000|  0%| F|  |TAMS 0x0000000620800000| PB 0x0000000620800000| Untracked 
|  74|0x0000000620c00000, 0x0000000620c00000, 0x0000000621000000|  0%| F|  |TAMS 0x0000000620c00000| PB 0x0000000620c00000| Untracked 
|  75|0x0000000621000000, 0x0000000621000000, 0x0000000621400000|  0%| F|  |TAMS 0x0000000621000000| PB 0x0000000621000000| Untracked 
|  76|0x0000000621400000, 0x0000000621400000, 0x0000000621800000|  0%| F|  |TAMS 0x0000000621400000| PB 0x0000000621400000| Untracked 
|  77|0x0000000621800000, 0x0000000621800000, 0x0000000621c00000|  0%| F|  |TAMS 0x0000000621800000| PB 0x0000000621800000| Untracked 
|  78|0x0000000621c00000, 0x0000000621c00000, 0x0000000622000000|  0%| F|  |TAMS 0x0000000621c00000| PB 0x0000000621c00000| Untracked 
|  79|0x0000000622000000, 0x0000000622000000, 0x0000000622400000|  0%| F|  |TAMS 0x0000000622000000| PB 0x0000000622000000| Untracked 
|  80|0x0000000622400000, 0x0000000622400000, 0x0000000622800000|  0%| F|  |TAMS 0x0000000622400000| PB 0x0000000622400000| Untracked 
|  81|0x0000000622800000, 0x0000000622800000, 0x0000000622c00000|  0%| F|  |TAMS 0x0000000622800000| PB 0x0000000622800000| Untracked 
|  82|0x0000000622c00000, 0x0000000622c00000, 0x0000000623000000|  0%| F|  |TAMS 0x0000000622c00000| PB 0x0000000622c00000| Untracked 
|  83|0x0000000623000000, 0x0000000623000000, 0x0000000623400000|  0%| F|  |TAMS 0x0000000623000000| PB 0x0000000623000000| Untracked 
|  84|0x0000000623400000, 0x0000000623400000, 0x0000000623800000|  0%| F|  |TAMS 0x0000000623400000| PB 0x0000000623400000| Untracked 
|  85|0x0000000623800000, 0x0000000623800000, 0x0000000623c00000|  0%| F|  |TAMS 0x0000000623800000| PB 0x0000000623800000| Untracked 
|  86|0x0000000623c00000, 0x0000000623c00000, 0x0000000624000000|  0%| F|  |TAMS 0x0000000623c00000| PB 0x0000000623c00000| Untracked 
|  87|0x0000000624000000, 0x0000000624000000, 0x0000000624400000|  0%| F|  |TAMS 0x0000000624000000| PB 0x0000000624000000| Untracked 
|  88|0x0000000624400000, 0x0000000624400000, 0x0000000624800000|  0%| F|  |TAMS 0x0000000624400000| PB 0x0000000624400000| Untracked 
|  89|0x0000000624800000, 0x0000000624800000, 0x0000000624c00000|  0%| F|  |TAMS 0x0000000624800000| PB 0x0000000624800000| Untracked 
|  90|0x0000000624c00000, 0x0000000624c00000, 0x0000000625000000|  0%| F|  |TAMS 0x0000000624c00000| PB 0x0000000624c00000| Untracked 
|  91|0x0000000625000000, 0x0000000625000000, 0x0000000625400000|  0%| F|  |TAMS 0x0000000625000000| PB 0x0000000625000000| Untracked 
|  92|0x0000000625400000, 0x0000000625400000, 0x0000000625800000|  0%| F|  |TAMS 0x0000000625400000| PB 0x0000000625400000| Untracked 
|  93|0x0000000625800000, 0x0000000625800000, 0x0000000625c00000|  0%| F|  |TAMS 0x0000000625800000| PB 0x0000000625800000| Untracked 
|  94|0x0000000625c00000, 0x0000000625c00000, 0x0000000626000000|  0%| F|  |TAMS 0x0000000625c00000| PB 0x0000000625c00000| Untracked 
|  95|0x0000000626000000, 0x0000000626000000, 0x0000000626400000|  0%| F|  |TAMS 0x0000000626000000| PB 0x0000000626000000| Untracked 
|  96|0x0000000626400000, 0x0000000626400000, 0x0000000626800000|  0%| F|  |TAMS 0x0000000626400000| PB 0x0000000626400000| Untracked 
|  97|0x0000000626800000, 0x0000000626800000, 0x0000000626c00000|  0%| F|  |TAMS 0x0000000626800000| PB 0x0000000626800000| Untracked 
|  98|0x0000000626c00000, 0x0000000626c00000, 0x0000000627000000|  0%| F|  |TAMS 0x0000000626c00000| PB 0x0000000626c00000| Untracked 
|  99|0x0000000627000000, 0x0000000627000000, 0x0000000627400000|  0%| F|  |TAMS 0x0000000627000000| PB 0x0000000627000000| Untracked 
| 100|0x0000000627400000, 0x0000000627400000, 0x0000000627800000|  0%| F|  |TAMS 0x0000000627400000| PB 0x0000000627400000| Untracked 
| 101|0x0000000627800000, 0x0000000627800000, 0x0000000627c00000|  0%| F|  |TAMS 0x0000000627800000| PB 0x0000000627800000| Untracked 
| 102|0x0000000627c00000, 0x0000000627c00000, 0x0000000628000000|  0%| F|  |TAMS 0x0000000627c00000| PB 0x0000000627c00000| Untracked 
| 103|0x0000000628000000, 0x0000000628000000, 0x0000000628400000|  0%| F|  |TAMS 0x0000000628000000| PB 0x0000000628000000| Untracked 
| 104|0x0000000628400000, 0x0000000628400000, 0x0000000628800000|  0%| F|  |TAMS 0x0000000628400000| PB 0x0000000628400000| Untracked 
| 105|0x0000000628800000, 0x0000000628800000, 0x0000000628c00000|  0%| F|  |TAMS 0x0000000628800000| PB 0x0000000628800000| Untracked 
| 106|0x0000000628c00000, 0x0000000628c00000, 0x0000000629000000|  0%| F|  |TAMS 0x0000000628c00000| PB 0x0000000628c00000| Untracked 
| 107|0x0000000629000000, 0x0000000629000000, 0x0000000629400000|  0%| F|  |TAMS 0x0000000629000000| PB 0x0000000629000000| Untracked 
| 108|0x0000000629400000, 0x0000000629400000, 0x0000000629800000|  0%| F|  |TAMS 0x0000000629400000| PB 0x0000000629400000| Untracked 
| 109|0x0000000629800000, 0x0000000629800000, 0x0000000629c00000|  0%| F|  |TAMS 0x0000000629800000| PB 0x0000000629800000| Untracked 
| 110|0x0000000629c00000, 0x0000000629c00000, 0x000000062a000000|  0%| F|  |TAMS 0x0000000629c00000| PB 0x0000000629c00000| Untracked 
| 111|0x000000062a000000, 0x000000062a000000, 0x000000062a400000|  0%| F|  |TAMS 0x000000062a000000| PB 0x000000062a000000| Untracked 
| 112|0x000000062a400000, 0x000000062a400000, 0x000000062a800000|  0%| F|  |TAMS 0x000000062a400000| PB 0x000000062a400000| Untracked 
| 113|0x000000062a800000, 0x000000062a800000, 0x000000062ac00000|  0%| F|  |TAMS 0x000000062a800000| PB 0x000000062a800000| Untracked 
| 114|0x000000062ac00000, 0x000000062ac00000, 0x000000062b000000|  0%| F|  |TAMS 0x000000062ac00000| PB 0x000000062ac00000| Untracked 
| 115|0x000000062b000000, 0x000000062b000000, 0x000000062b400000|  0%| F|  |TAMS 0x000000062b000000| PB 0x000000062b000000| Untracked 
| 116|0x000000062b400000, 0x000000062b400000, 0x000000062b800000|  0%| F|  |TAMS 0x000000062b400000| PB 0x000000062b400000| Untracked 
| 117|0x000000062b800000, 0x000000062b800000, 0x000000062bc00000|  0%| F|  |TAMS 0x000000062b800000| PB 0x000000062b800000| Untracked 
| 118|0x000000062bc00000, 0x000000062bc00000, 0x000000062c000000|  0%| F|  |TAMS 0x000000062bc00000| PB 0x000000062bc00000| Untracked 
| 119|0x000000062c000000, 0x000000062c000000, 0x000000062c400000|  0%| F|  |TAMS 0x000000062c000000| PB 0x000000062c000000| Untracked 
| 120|0x000000062c400000, 0x000000062c400000, 0x000000062c800000|  0%| F|  |TAMS 0x000000062c400000| PB 0x000000062c400000| Untracked 
| 121|0x000000062c800000, 0x000000062c800000, 0x000000062cc00000|  0%| F|  |TAMS 0x000000062c800000| PB 0x000000062c800000| Untracked 
| 122|0x000000062cc00000, 0x000000062cc00000, 0x000000062d000000|  0%| F|  |TAMS 0x000000062cc00000| PB 0x000000062cc00000| Untracked 
| 123|0x000000062d000000, 0x000000062d179fe0, 0x000000062d400000| 36%| E|  |TAMS 0x000000062d000000| PB 0x000000062d000000| Complete 
| 124|0x000000062d400000, 0x000000062d800000, 0x000000062d800000|100%| E|CS|TAMS 0x000000062d400000| PB 0x000000062d400000| Complete 
|1990|0x00000007ffc00000, 0x00000007ffd0ec28, 0x0000000800000000| 26%| O|  |TAMS 0x00000007ffc00000| PB 0x00000007ffc00000| Untracked 

Card table byte_map: [0x000073e0f3672000,0x000073e0f4600000] _byte_map_base: 0x000073e0f0600000

Marking Bits: (CMBitMap*) 0x000073e10c058a50
 Bits: [0x000073e0eba02000, 0x000073e0f3672000)

Polling page: 0x000073e114a3b000

Metaspace:

Usage:
  Non-class:      1.44 MB used.
      Class:    123.34 KB used.
       Both:      1.56 MB used.

Virtual space:
  Non-class space:       64.00 MB reserved,       1.56 MB (  2%) committed,  1 nodes.
      Class space:        1.00 GB reserved,     192.00 KB ( <1%) committed,  1 nodes.
             Both:        1.06 GB reserved,       1.75 MB ( <1%) committed. 

Chunk freelists:
   Non-Class:  11.28 MB
       Class:  15.66 MB
        Both:  26.94 MB

MaxMetaspaceSize: unlimited
CompressedClassSpaceSize: 1.00 GB
Initial GC threshold: 21.00 MB
Current GC threshold: 21.00 MB
CDS: on
 - commit_granule_bytes: 65536.
 - commit_granule_words: 8192.
 - virtual_space_node_default_size: 8388608.
 - enlarge_chunks_in_place: 1.
 - use_allocation_guard: 0.


Internal statistics:

num_allocs_failed_limit: 0.
num_arena_births: 76.
num_arena_deaths: 0.
num_vsnodes_births: 2.
num_vsnodes_deaths: 0.
num_space_committed: 28.
num_space_uncommitted: 0.
num_chunks_returned_to_freelist: 0.
num_chunks_taken_from_freelist: 118.
num_chunk_merges: 0.
num_chunk_splits: 77.
num_chunks_enlarged: 53.
num_inconsistent_stats: 0.

CodeHeap 'non-profiled nmethods': size=119168Kb used=119Kb max_used=119Kb free=119048Kb
 bounds [0x000073e0fc1a0000, 0x000073e0fc410000, 0x000073e103600000]
CodeHeap 'profiled nmethods': size=119164Kb used=482Kb max_used=482Kb free=118681Kb
 bounds [0x000073e0f4600000, 0x000073e0f4870000, 0x000073e0fba5f000]
CodeHeap 'non-nmethods': size=7428Kb used=3002Kb max_used=3002Kb free=4425Kb
 bounds [0x000073e0fba5f000, 0x000073e0fbd5f000, 0x000073e0fc1a0000]
CodeCache: size=245760Kb, used=3603Kb, max_used=3603Kb, free=242154Kb
 total_blobs=800, nmethods=360, adapters=343, full_count=0
Compilation: enabled, stopped_count=0, restarted_count=0

Compilation events (20 events):
Event: 0.045 Thread 0x000073e10c160220  347   !   3       jdk.internal.misc.Blocker::begin (97 bytes)
Event: 0.045 Thread 0x000073e06c04cb00  348       3       jdk.internal.misc.Blocker::end (71 bytes)
Event: 0.045 Thread 0x000073e060041810  349       3       jdk.internal.misc.Blocker::currentCarrierThread (9 bytes)
Event: 0.045 Thread 0x000073e06c022f10  350       3       java.lang.System$2::currentCarrierThread (4 bytes)
Event: 0.045 Thread 0x000073e06c022f10 nmethod 350 0x000073e0f4674c90 code [0x000073e0f4674e20, 0x000073e0f4674f40]
Event: 0.045 Thread 0x000073e060041810 nmethod 349 0x000073e0f4675010 code [0x000073e0f46751a0, 0x000073e0f4675318]
Event: 0.046 Thread 0x000073e10c160220 nmethod 347 0x000073e0f4675410 code [0x000073e0f4675640, 0x000073e0f4675f10]
Event: 0.046 Thread 0x000073e06c04cb00 nmethod 348 0x000073e0f4676110 code [0x000073e0f4676300, 0x000073e0f46767d0]
Event: 0.046 Thread 0x000073e10c160220  352       3       jdk.internal.org.objectweb.asm.Frame::push (59 bytes)
Event: 0.046 Thread 0x000073e10c160220 nmethod 352 0x000073e0f4676990 code [0x000073e0f4676ba0, 0x000073e0f4677188]
Event: 0.046 Thread 0x000073e10c160220  353       3       java.lang.System::getSecurityManager (12 bytes)
Event: 0.046 Thread 0x000073e06c04cb00  354       3       java.lang.System::allowSecurityManager (13 bytes)
Event: 0.046 Thread 0x000073e10c160220 nmethod 353 0x000073e0f4677410 code [0x000073e0f46775a0, 0x000073e0f4677708]
Event: 0.046 Thread 0x000073e06c04cb00 nmethod 354 0x000073e0f4677790 code [0x000073e0f4677920, 0x000073e0f4677a18]
Event: 0.047 Thread 0x000073e10c160220  355       3       java.lang.ClassLoader::checkName (37 bytes)
Event: 0.047 Thread 0x000073e10c160220 nmethod 355 0x000073e0f4677a90 code [0x000073e0f4677ca0, 0x000073e0f46782f0]
Event: 0.048 Thread 0x000073e06c022f10  358       3       java.lang.String::startsWith (7 bytes)
Event: 0.048 Thread 0x000073e06c022f10 nmethod 358 0x000073e0f4678590 code [0x000073e0f4678740, 0x000073e0f4678880]
Event: 0.048 Thread 0x000073e10c160220  359       1       java.net.URL::getProtocol (5 bytes)
Event: 0.048 Thread 0x000073e10c160220 nmethod 359 0x000073e0fc1bd690 code [0x000073e0fc1bd820, 0x000073e0fc1bd8e8]

GC Heap History (0 events):
No events

Dll operation events (5 events):
Event: 0.001 Loaded shared library /usr/lib/jvm/zulu21-ca-amd64/lib/libjava.so
Event: 0.013 Loaded shared library /usr/lib/jvm/zulu21-ca-amd64/lib/libjsvml.so
Event: 0.019 Loaded shared library /usr/lib/jvm/zulu21-ca-amd64/lib/libnio.so
Event: 0.023 Loaded shared library /usr/lib/jvm/zulu21-ca-amd64/lib/libzip.so
Event: 0.036 Loaded shared library /usr/lib/jvm/zulu21-ca-amd64/lib/libnet.so

Deoptimization events (0 events):
No events

Classes loaded (20 events):
Event: 0.046 Loading class sun/nio/fs/UnixFileModeAttribute
Event: 0.046 Loading class sun/nio/fs/UnixFileModeAttribute done
Event: 0.046 Loading class sun/nio/fs/UnixChannelFactory
Event: 0.046 Loading class sun/nio/fs/UnixChannelFactory done
Event: 0.046 Loading class sun/nio/fs/UnixChannelFactory$Flags
Event: 0.046 Loading class sun/nio/fs/UnixChannelFactory$Flags done
Event: 0.046 Loading class sun/nio/fs/UnixChannelFactory$1
Event: 0.046 Loading class sun/nio/fs/UnixChannelFactory$1 done
Event: 0.046 Loading class sun/nio/ch/FileChannelImpl$Closer
Event: 0.046 Loading class sun/nio/ch/FileChannelImpl$Closer done
Event: 0.048 Loading class java/lang/ExceptionInInitializerError
Event: 0.048 Loading class java/lang/ExceptionInInitializerError done
Event: 0.048 Loading class java/lang/CloneNotSupportedException
Event: 0.048 Loading class java/lang/CloneNotSupportedException done
Event: 0.048 Loading class java/nio/file/NoSuchFileException
Event: 0.048 Loading class java/nio/file/FileSystemException
Event: 0.048 Loading class java/nio/file/FileSystemException done
Event: 0.048 Loading class java/nio/file/NoSuchFileException done
Event: 0.048 Loading class java/nio/file/AccessDeniedException
Event: 0.048 Loading class java/nio/file/AccessDeniedException done

Classes unloaded (0 events):
No events

Classes redefined (0 events):
No events

Internal exceptions (19 events):
Event: 0.025 Thread 0x000073e10c02b230 Exception <a 'java/lang/NoSuchMethodError'{0x000000062d7202a0}: 'java.lang.Object java.lang.invoke.DirectMethodHandle$Holder.invokeStatic(java.lang.Object, long, java.lang.Object)'> (0x000000062d7202a0) 
thrown [src/hotspot/share/interpreter/linkResolver.cpp, line 772]
Event: 0.025 Thread 0x000073e10c02b230 Exception <a 'java/lang/NoSuchMethodError'{0x000000062d723888}: 'java.lang.Object java.lang.invoke.DirectMethodHandle$Holder.invokeStaticInit(java.lang.Object, long, java.lang.Object)'> (0x000000062d723888) 
thrown [src/hotspot/share/interpreter/linkResolver.cpp, line 772]
Event: 0.026 Thread 0x000073e10c02b230 Exception <a 'java/lang/NoSuchMethodError'{0x000000062d729110}: 'java.lang.Object java.lang.invoke.DirectMethodHandle$Holder.newInvokeSpecial(java.lang.Object, long)'> (0x000000062d729110) 
thrown [src/hotspot/share/interpreter/linkResolver.cpp, line 772]
Event: 0.031 Thread 0x000073e10c02b230 Exception <a 'java/lang/NoSuchMethodError'{0x000000062d7a3758}: 'int java.lang.invoke.DirectMethodHandle$Holder.invokeStaticInit(java.lang.Object, java.lang.Object, java.lang.Object, java.lang.Object, java.lang.Object)'> (0x000000062d7a3758) 
thrown [src/hotspot/share/interpreter/linkResolver.cpp, line 772]
Event: 0.032 Thread 0x000073e10c02b230 Exception <a 'java/lang/NoSuchMethodError'{0x000000062d7abc30}: 'int java.lang.invoke.DirectMethodHandle$Holder.invokeVirtual(java.lang.Object, java.lang.Object, java.lang.Object)'> (0x000000062d7abc30) 
thrown [src/hotspot/share/interpreter/linkResolver.cpp, line 772]
Event: 0.033 Thread 0x000073e10c02b230 Exception <a 'java/lang/NoSuchMethodError'{0x000000062d7cdaa0}: 'int java.lang.invoke.DirectMethodHandle$Holder.invokeStatic(java.lang.Object, java.lang.Object, java.lang.Object, java.lang.Object)'> (0x000000062d7cdaa0) 
thrown [src/hotspot/share/interpreter/linkResolver.cpp, line 772]
Event: 0.033 Thread 0x000073e10c02b230 Exception <a 'java/lang/NoSuchMethodError'{0x000000062d7d0d98}: 'int java.lang.invoke.DirectMethodHandle$Holder.invokeStaticInit(java.lang.Object, java.lang.Object, java.lang.Object, java.lang.Object)'> (0x000000062d7d0d98) 
thrown [src/hotspot/share/interpreter/linkResolver.cpp, line 772]
Event: 0.035 Thread 0x000073e10c02b230 Exception <a 'java/lang/NoSuchMethodError'{0x000000062d7f9dd0}: 'long java.lang.invoke.DirectMethodHandle$Holder.invokeStatic(java.lang.Object)'> (0x000000062d7f9dd0) 
thrown [src/hotspot/share/interpreter/linkResolver.cpp, line 772]
Event: 0.037 Thread 0x000073e10c02b230 Exception <a 'java/lang/NoSuchMethodError'{0x000000062d0143b8}: 'int java.lang.invoke.DirectMethodHandle$Holder.invokeSpecial(java.lang.Object, java.lang.Object, java.lang.Object, int)'> (0x000000062d0143b8) 
thrown [src/hotspot/share/interpreter/linkResolver.cpp, line 772]
Event: 0.038 Thread 0x000073e10c02b230 Exception <a 'java/lang/NoSuchMethodError'{0x000000062d026b30}: 'java.lang.Object java.lang.invoke.DirectMethodHandle$Holder.invokeStatic(java.lang.Object, java.lang.Object, java.lang.Object, java.lang.Object, int)'> (0x000000062d026b30) 
thrown [src/hotspot/share/interpreter/linkResolver.cpp, line 772]
Event: 0.038 Thread 0x000073e10c02b230 Exception <a 'java/lang/NoSuchMethodError'{0x000000062d02e958}: 'long java.lang.invoke.DirectMethodHandle$Holder.invokeStatic(java.lang.Object, java.lang.Object, int)'> (0x000000062d02e958) 
thrown [src/hotspot/share/interpreter/linkResolver.cpp, line 772]
Event: 0.038 Thread 0x000073e10c02b230 Exception <a 'java/lang/NoSuchMethodError'{0x000000062d039dc8}: 'java.lang.Object java.lang.invoke.DelegatingMethodHandle$Holder.reinvoke_L(java.lang.Object, int, long, java.lang.Object, java.lang.Object, int, java.lang.Object)'> (0x000000062d039dc8) 
thrown [src/hotspot/share/interpreter/linkResolver.cpp, line 772]
Event: 0.039 Thread 0x000073e10c02b230 Exception <a 'java/lang/NoSuchMethodError'{0x000000062d046f18}: 'int java.lang.invoke.DirectMethodHandle$Holder.invokeSpecial(java.lang.Object, java.lang.Object, java.lang.Object)'> (0x000000062d046f18) 
thrown [src/hotspot/share/interpreter/linkResolver.cpp, line 772]
Event: 0.041 Thread 0x000073e10c02b230 Exception <a 'java/lang/NoSuchMethodError'{0x000000062d06ab98}: 'java.lang.Object java.lang.invoke.DirectMethodHandle$Holder.invokeStatic(java.lang.Object, java.lang.Object, int)'> (0x000000062d06ab98) 
thrown [src/hotspot/share/interpreter/linkResolver.cpp, line 772]
Event: 0.042 Thread 0x000073e10c02b230 Exception <a 'java/lang/NoSuchMethodError'{0x000000062d0763f0}: 'void java.lang.invoke.DelegatingMethodHandle$Holder.delegate(java.lang.Object, java.lang.Object, int, java.lang.Object)'> (0x000000062d0763f0) 
thrown [src/hotspot/share/interpreter/linkResolver.cpp, line 772]
Event: 0.044 Thread 0x000073e10c02b230 Exception <a 'java/lang/NoSuchMethodError'{0x000000062d0b8e10}: 'java.lang.Object java.lang.invoke.Invokers$Holder.invoke_MT(java.lang.Object, java.lang.Object, java.lang.Object, java.lang.Object, java.lang.Object)'> (0x000000062d0b8e10) 
thrown [src/hotspot/share/interpreter/linkResolver.cpp, line 772]
Event: 0.045 Thread 0x000073e10c02b230 Exception <a 'java/lang/NoSuchMethodError'{0x000000062d0cde98}: 'int java.lang.invoke.DirectMethodHandle$Holder.invokeSpecial(java.lang.Object, java.lang.Object, java.lang.Object, java.lang.Object)'> (0x000000062d0cde98) 
thrown [src/hotspot/share/interpreter/linkResolver.cpp, line 772]
Event: 0.045 Thread 0x000073e10c02b230 Exception <a 'java/lang/NoSuchMethodError'{0x000000062d0d0fd8}: 'int java.lang.invoke.Invokers$Holder.linkToTargetMethod(java.lang.Object, java.lang.Object, java.lang.Object)'> (0x000000062d0d0fd8) 
thrown [src/hotspot/share/interpreter/linkResolver.cpp, line 772]
Event: 0.046 Thread 0x000073e10c02b230 Exception <a 'java/lang/NoSuchMethodError'{0x000000062d0f6778}: 'void java.lang.invoke.DirectMethodHandle$Holder.invokeStatic(java.lang.Object, int)'> (0x000000062d0f6778) 
thrown [src/hotspot/share/interpreter/linkResolver.cpp, line 772]

ZGC Phase Switch (0 events):
No events

VM Operations (2 events):
Event: 0.023 Executing non-safepoint VM operation: HandshakeAllThreads (Deoptimize)
Event: 0.023 Executing non-safepoint VM operation: HandshakeAllThreads (Deoptimize) done

Memory protections (14 events):
Event: 0.001 Protecting memory [0x000073e112f00000,0x000073e112f04000] with protection modes 0
Event: 0.012 Protecting memory [0x000073e0e8a71000,0x000073e0e8a75000] with protection modes 0
Event: 0.012 Protecting memory [0x000073e0e8300000,0x000073e0e8304000] with protection modes 0
Event: 0.012 Protecting memory [0x000073e0e8200000,0x000073e0e8204000] with protection modes 0
Event: 0.012 Protecting memory [0x000073e0e8100000,0x000073e0e8104000] with protection modes 0
Event: 0.012 Protecting memory [0x000073e0e8000000,0x000073e0e8004000] with protection modes 0
Event: 0.012 Protecting memory [0x000073e092f00000,0x000073e092f04000] with protection modes 0
Event: 0.012 Protecting memory [0x000073e092e00000,0x000073e092e04000] with protection modes 0
Event: 0.014 Protecting memory [0x000073e092d00000,0x000073e092d04000] with protection modes 0
Event: 0.015 Protecting memory [0x000073e092c00000,0x000073e092c04000] with protection modes 0
Event: 0.015 Protecting memory [0x000073e092b00000,0x000073e092b04000] with protection modes 0
Event: 0.019 Protecting memory [0x000073e092a00000,0x000073e092a04000] with protection modes 0
Event: 0.019 Protecting memory [0x000073e092900000,0x000073e092904000] with protection modes 0
Event: 0.022 Protecting memory [0x000073e092800000,0x000073e092804000] with protection modes 0

Nmethod flushes (0 events):
No events

Events (14 events):
Event: 0.009 Thread 0x000073e10c02b230 Thread added: 0x000073e10c02b230
Event: 0.012 Thread 0x000073e10c02b230 Thread added: 0x000073e10c1576d0
Event: 0.012 Thread 0x000073e10c02b230 Thread added: 0x000073e10c158c40
Event: 0.012 Thread 0x000073e10c02b230 Thread added: 0x000073e10c15a3c0
Event: 0.012 Thread 0x000073e10c02b230 Thread added: 0x000073e10c15ba00
Event: 0.012 Thread 0x000073e10c02b230 Thread added: 0x000073e10c15cfa0
Event: 0.012 Thread 0x000073e10c02b230 Thread added: 0x000073e10c15eb60
Event: 0.012 Thread 0x000073e10c02b230 Thread added: 0x000073e10c160220
Event: 0.014 Thread 0x000073e10c160220 Thread added: 0x000073e06c022f10
Event: 0.015 Thread 0x000073e10c160220 Thread added: 0x000073e06c04cb00
Event: 0.015 Thread 0x000073e06c022f10 Thread added: 0x000073e060041810
Event: 0.019 Thread 0x000073e10c02b230 Thread added: 0x000073e10c1aa3f0
Event: 0.019 Thread 0x000073e10c02b230 Thread added: 0x000073e10c1accf0
Event: 0.022 Thread 0x000073e10c15eb60 Thread added: 0x000073e0680dfdb0


Dynamic libraries:
60e400000-62d800000 rw-p 00000000 00:00 0 
62d800000-7ffc00000 ---p 00000000 00:00 0 
7ffc00000-7ffd0f000 rw-p 00d3f000 103:02 42209309                        /usr/lib/jvm/zulu21-ca-amd64/lib/server/classes.jsa
7ffd0f000-800000000 rw-p 00000000 00:00 0 
5e589fb60000-5e589fb61000 r-xp 00000000 103:02 42209347                  /usr/lib/jvm/zulu21-ca-amd64/bin/java
5e589fb62000-5e589fb63000 r--p 00001000 103:02 42209347                  /usr/lib/jvm/zulu21-ca-amd64/bin/java
5e589fb63000-5e589fb64000 rw-p 00002000 103:02 42209347                  /usr/lib/jvm/zulu21-ca-amd64/bin/java
5e58d0fe4000-5e58d102a000 rw-p 00000000 00:00 0                          [heap]
73e050000000-73e050021000 rw-p 00000000 00:00 0 
73e050021000-73e054000000 ---p 00000000 00:00 0 
73e054000000-73e054072000 rw-p 00000000 00:00 0 
73e054072000-73e058000000 ---p 00000000 00:00 0 
73e058000000-73e058021000 rw-p 00000000 00:00 0 
73e058021000-73e05c000000 ---p 00000000 00:00 0 
73e05c000000-73e05c021000 rw-p 00000000 00:00 0 
73e05c021000-73e060000000 ---p 00000000 00:00 0 
73e060000000-73e06007e000 rw-p 00000000 00:00 0 
73e06007e000-73e064000000 ---p 00000000 00:00 0 
73e064000000-73e064034000 rw-p 00000000 00:00 0 
73e064034000-73e068000000 ---p 00000000 00:00 0 
73e068000000-73e06810b000 rw-p 00000000 00:00 0 
73e06810b000-73e06c000000 ---p 00000000 00:00 0 
73e06c000000-73e06c0d0000 rw-p 00000000 00:00 0 
73e06c0d0000-73e070000000 ---p 00000000 00:00 0 
73e070000000-73e070021000 rw-p 00000000 00:00 0 
73e070021000-73e074000000 ---p 00000000 00:00 0 
73e074000000-73e074021000 rw-p 00000000 00:00 0 
73e074021000-73e078000000 ---p 00000000 00:00 0 
73e078000000-73e078021000 rw-p 00000000 00:00 0 
73e078021000-73e07c000000 ---p 00000000 00:00 0 
73e07c000000-73e07c021000 rw-p 00000000 00:00 0 
73e07c021000-73e080000000 ---p 00000000 00:00 0 
73e080000000-73e080021000 rw-p 00000000 00:00 0 
73e080021000-73e084000000 ---p 00000000 00:00 0 
73e084000000-73e084021000 rw-p 00000000 00:00 0 
73e084021000-73e088000000 ---p 00000000 00:00 0 
73e088000000-73e0880d0000 rw-p 00000000 00:00 0 
73e0880d0000-73e088400000 ---p 00000000 00:00 0 
73e088400000-73e0884c0000 rw-p 00000000 00:00 0 
73e0884c0000-73e08c000000 ---p 00000000 00:00 0 
73e08c000000-73e08c021000 rw-p 00000000 00:00 0 
73e08c021000-73e090000000 ---p 00000000 00:00 0 
73e09228f000-73e0926fe000 rw-p 00000000 00:00 0 
73e0926fe000-73e092800000 rw-s 00000000 103:02 9568843                   /home/emre/openexchange-data/aeron-cluster/node1/cluster/cluster-mark.dat
73e092800000-73e092804000 ---p 00000000 00:00 0 
73e092804000-73e092900000 rw-p 00000000 00:00 0 
73e092900000-73e092904000 ---p 00000000 00:00 0 
73e092904000-73e092a00000 rw-p 00000000 00:00 0 
73e092a00000-73e092a04000 ---p 00000000 00:00 0 
73e092a04000-73e092b00000 rw-p 00000000 00:00 0 
73e092b00000-73e092b04000 ---p 00000000 00:00 0 
73e092b04000-73e092c00000 rw-p 00000000 00:00 0 
73e092c00000-73e092c04000 ---p 00000000 00:00 0 
73e092c04000-73e092d00000 rw-p 00000000 00:00 0 
73e092d00000-73e092d04000 ---p 00000000 00:00 0 
73e092d04000-73e092e00000 rw-p 00000000 00:00 0 
73e092e00000-73e092e04000 ---p 00000000 00:00 0 
73e092e04000-73e092f00000 rw-p 00000000 00:00 0 
73e092f00000-73e092f04000 ---p 00000000 00:00 0 
73e092f04000-73e093000000 rw-p 00000000 00:00 0 
73e093000000-73e093cfe000 rw-p 00001000 103:02 42209309                  /usr/lib/jvm/zulu21-ca-amd64/lib/server/classes.jsa
73e093cfe000-73e094000000 ---p 00000000 00:00 0 
73e094000000-73e094020000 rw-p 00000000 00:00 0 
73e094020000-73e094040000 ---p 00000000 00:00 0 
73e094040000-73e094050000 rw-p 00000000 00:00 0 
73e094050000-73e0d4000000 ---p 00000000 00:00 0 
73e0d4000000-73e0d4021000 rw-p 00000000 00:00 0 
73e0d4021000-73e0d8000000 ---p 00000000 00:00 0 
73e0d8000000-73e0d8021000 rw-p 00000000 00:00 0 
73e0d8021000-73e0dc000000 ---p 00000000 00:00 0 
73e0dc000000-73e0dc021000 rw-p 00000000 00:00 0 
73e0dc021000-73e0e0000000 ---p 00000000 00:00 0 
73e0e0000000-73e0e0021000 rw-p 00000000 00:00 0 
73e0e0021000-73e0e4000000 ---p 00000000 00:00 0 
73e0e4000000-73e0e4021000 rw-p 00000000 00:00 0 
73e0e4021000-73e0e8004000 ---p 00000000 00:00 0 
73e0e8004000-73e0e8100000 rw-p 00000000 00:00 0 
73e0e8100000-73e0e8104000 ---p 00000000 00:00 0 
73e0e8104000-73e0e8200000 rw-p 00000000 00:00 0 
73e0e8200000-73e0e8204000 ---p 00000000 00:00 0 
73e0e8204000-73e0e8300000 rw-p 00000000 00:00 0 
73e0e8300000-73e0e8304000 ---p 00000000 00:00 0 
73e0e8304000-73e0e8400000 rw-p 00000000 00:00 0 
73e0e8400000-73e0e8975000 r--p 00000000 103:02 41549904                  /usr/lib/locale/locale-archive
73e0e89a1000-73e0e8a6f000 r-xp 00000000 103:02 42209345                  /usr/lib/jvm/zulu21-ca-amd64/lib/libjsvml.so
73e0e8a6f000-73e0e8a70000 r--p 000cd000 103:02 42209345                  /usr/lib/jvm/zulu21-ca-amd64/lib/libjsvml.so
73e0e8a70000-73e0e8a71000 rw-p 000ce000 103:02 42209345                  /usr/lib/jvm/zulu21-ca-amd64/lib/libjsvml.so
73e0e8a71000-73e0e8a75000 ---p 00000000 00:00 0 
73e0e8a75000-73e0e8b71000 rw-p 00000000 00:00 0 
73e0e8b71000-73e0e8b72000 ---p 00000000 00:00 0 
73e0e8b72000-73e0e8c72000 rw-p 00000000 00:00 0 
73e0e8c72000-73e0e8c73000 ---p 00000000 00:00 0 
73e0e8c73000-73e0e8d73000 rw-p 00000000 00:00 0 
73e0e8d73000-73e0e8df4000 rw-p 00000000 00:00 0 
73e0e8df4000-73e0e8df5000 ---p 00000000 00:00 0 
73e0e8df5000-73e0e8ef5000 rw-p 00000000 00:00 0 
73e0e8ef5000-73e0e8ef6000 ---p 00000000 00:00 0 
73e0e8ef6000-73e0e8ff6000 rw-p 00000000 00:00 0 
73e0e8ff6000-73e0eba00000 rw-p 00000000 00:00 0 
73e0eba02000-73e0ec1d2000 rw-p 00000000 00:00 0 
73e0ec1d2000-73e0f3662000 ---p 00000000 00:00 0 
73e0f3662000-73e0f376c000 rw-p 00000000 00:00 0 
73e0f376c000-73e0f45fe000 ---p 00000000 00:00 0 
73e0f45fe000-73e0f4600000 rw-p 00000000 00:00 0 
73e0f4600000-73e0f4870000 rwxp 00000000 00:00 0 
73e0f4870000-73e0fba5f000 ---p 00000000 00:00 0 
73e0fba5f000-73e0fbd5f000 rwxp 00000000 00:00 0 
73e0fbd5f000-73e0fc1a0000 ---p 00000000 00:00 0 
73e0fc1a0000-73e0fc410000 rwxp 00000000 00:00 0 
73e0fc410000-73e103600000 ---p 00000000 00:00 0 
73e103600000-73e10bec9000 r--s 00000000 103:02 42209316                  /usr/lib/jvm/zulu21-ca-amd64/lib/modules
73e10beff000-73e10c25a000 rw-p 00000000 00:00 0 
73e10c25a000-73e110000000 ---p 00000000 00:00 0 
73e11002c000-73e11078e000 rw-p 00000000 00:00 0 
73e11078e000-73e11078f000 ---p 00000000 00:00 0 
73e11078f000-73e11088f000 rw-p 00000000 00:00 0 
73e11088f000-73e110890000 ---p 00000000 00:00 0 
73e110890000-73e110990000 rw-p 00000000 00:00 0 
73e110990000-73e110991000 ---p 00000000 00:00 0 
73e110991000-73e110a91000 rw-p 00000000 00:00 0 
73e110a91000-73e110c88000 rw-p 00000000 00:00 0 
73e110c88000-73e111b1a000 ---p 00000000 00:00 0 
73e111b1a000-73e112d33000 rw-p 00000000 00:00 0 
73e112d33000-73e112e17000 ---p 00000000 00:00 0 
73e112e17000-73e112e1c000 rw-p 00000000 00:00 0 
73e112e1c000-73e112f00000 ---p 00000000 00:00 0 
73e112f00000-73e112f04000 ---p 00000000 00:00 0 
73e112f04000-73e113000000 rw-p 00000000 00:00 0 
73e113000000-73e114429000 r-xp 00000000 103:02 42209310                  /usr/lib/jvm/zulu21-ca-amd64/lib/server/libjvm.so
73e114429000-73e1144fe000 r--p 01428000 103:02 42209310                  /usr/lib/jvm/zulu21-ca-amd64/lib/server/libjvm.so
73e1144fe000-73e11452e000 rw-p 014fd000 103:02 42209310                  /usr/lib/jvm/zulu21-ca-amd64/lib/server/libjvm.so
73e11452e000-73e114595000 rw-p 00000000 00:00 0 
73e1145b1000-73e1145bd000 r-xp 00000000 103:02 42209301                  /usr/lib/jvm/zulu21-ca-amd64/lib/libnet.so
73e1145bd000-73e1145be000 r--p 0000b000 103:02 42209301                  /usr/lib/jvm/zulu21-ca-amd64/lib/libnet.so
73e1145be000-73e1145bf000 rw-p 0000c000 103:02 42209301                  /usr/lib/jvm/zulu21-ca-amd64/lib/libnet.so
73e1145bf000-73e114600000 rw-p 00000000 00:00 0 
73e114600000-73e114628000 r--p 00000000 103:02 41569503                  /usr/lib/x86_64-linux-gnu/libc.so.6
73e114628000-73e1147b0000 r-xp 00028000 103:02 41569503                  /usr/lib/x86_64-linux-gnu/libc.so.6
73e1147b0000-73e1147ff000 r--p 001b0000 103:02 41569503                  /usr/lib/x86_64-linux-gnu/libc.so.6
73e1147ff000-73e114803000 r--p 001fe000 103:02 41569503                  /usr/lib/x86_64-linux-gnu/libc.so.6
73e114803000-73e114805000 rw-p 00202000 103:02 41569503                  /usr/lib/x86_64-linux-gnu/libc.so.6
73e114805000-73e114812000 rw-p 00000000 00:00 0 
73e114812000-73e114819000 r-xp 00000000 103:02 42209300                  /usr/lib/jvm/zulu21-ca-amd64/lib/libzip.so
73e114819000-73e11481a000 ---p 00007000 103:02 42209300                  /usr/lib/jvm/zulu21-ca-amd64/lib/libzip.so
73e11481a000-73e11481b000 r--p 00007000 103:02 42209300                  /usr/lib/jvm/zulu21-ca-amd64/lib/libzip.so
73e11481b000-73e11481c000 rw-p 00008000 103:02 42209300                  /usr/lib/jvm/zulu21-ca-amd64/lib/libzip.so
73e11481c000-73e114830000 r-xp 00000000 103:02 42209331                  /usr/lib/jvm/zulu21-ca-amd64/lib/libnio.so
73e114830000-73e114831000 r--p 00013000 103:02 42209331                  /usr/lib/jvm/zulu21-ca-amd64/lib/libnio.so
73e114831000-73e114832000 rw-p 00014000 103:02 42209331                  /usr/lib/jvm/zulu21-ca-amd64/lib/libnio.so
73e114832000-73e1148b6000 rw-p 00000000 00:00 0 
73e1148b6000-73e1148bf000 ---p 00000000 00:00 0 
73e1148bf000-73e1148e0000 r-xp 00000000 103:02 42209329                  /usr/lib/jvm/zulu21-ca-amd64/lib/libjava.so
73e1148e0000-73e1148e1000 r--p 00020000 103:02 42209329                  /usr/lib/jvm/zulu21-ca-amd64/lib/libjava.so
73e1148e1000-73e1148e2000 rw-p 00021000 103:02 42209329                  /usr/lib/jvm/zulu21-ca-amd64/lib/libjava.so
73e1148e2000-73e1148e3000 rw-p 00000000 00:00 0 
73e1148e3000-73e1148fe000 r-xp 00000000 103:02 42209333                  /usr/lib/jvm/zulu21-ca-amd64/lib/libjimage.so
73e1148fe000-73e1148ff000 ---p 0001b000 103:02 42209333                  /usr/lib/jvm/zulu21-ca-amd64/lib/libjimage.so
73e1148ff000-73e114901000 r--p 0001b000 103:02 42209333                  /usr/lib/jvm/zulu21-ca-amd64/lib/libjimage.so
73e114901000-73e114902000 rw-p 0001d000 103:02 42209333                  /usr/lib/jvm/zulu21-ca-amd64/lib/libjimage.so
73e114902000-73e114912000 r--p 00000000 103:02 41569512                  /usr/lib/x86_64-linux-gnu/libm.so.6
73e114912000-73e114991000 r-xp 00010000 103:02 41569512                  /usr/lib/x86_64-linux-gnu/libm.so.6
73e114991000-73e1149e9000 r--p 0008f000 103:02 41569512                  /usr/lib/x86_64-linux-gnu/libm.so.6
73e1149e9000-73e1149ea000 r--p 000e7000 103:02 41569512                  /usr/lib/x86_64-linux-gnu/libm.so.6
73e1149ea000-73e1149eb000 rw-p 000e8000 103:02 41569512                  /usr/lib/x86_64-linux-gnu/libm.so.6
73e1149eb000-73e1149ec000 r--p 00000000 103:02 41570398                  /usr/lib/x86_64-linux-gnu/librt.so.1
73e1149ec000-73e1149ed000 r-xp 00001000 103:02 41570398                  /usr/lib/x86_64-linux-gnu/librt.so.1
73e1149ed000-73e1149ee000 r--p 00002000 103:02 41570398                  /usr/lib/x86_64-linux-gnu/librt.so.1
73e1149ee000-73e1149ef000 r--p 00002000 103:02 41570398                  /usr/lib/x86_64-linux-gnu/librt.so.1
73e1149ef000-73e1149f0000 rw-p 00003000 103:02 41570398                  /usr/lib/x86_64-linux-gnu/librt.so.1
73e1149f0000-73e1149f4000 rw-p 00000000 00:00 0 
73e1149f4000-73e1149f5000 r--p 00000000 103:02 41569505                  /usr/lib/x86_64-linux-gnu/libdl.so.2
73e1149f5000-73e1149f6000 r-xp 00001000 103:02 41569505                  /usr/lib/x86_64-linux-gnu/libdl.so.2
73e1149f6000-73e1149f7000 r--p 00002000 103:02 41569505                  /usr/lib/x86_64-linux-gnu/libdl.so.2
73e1149f7000-73e1149f8000 r--p 00002000 103:02 41569505                  /usr/lib/x86_64-linux-gnu/libdl.so.2
73e1149f8000-73e1149f9000 rw-p 00003000 103:02 41569505                  /usr/lib/x86_64-linux-gnu/libdl.so.2
73e1149f9000-73e1149fa000 r--p 00000000 103:02 41570396                  /usr/lib/x86_64-linux-gnu/libpthread.so.0
73e1149fa000-73e1149fb000 r-xp 00001000 103:02 41570396                  /usr/lib/x86_64-linux-gnu/libpthread.so.0
73e1149fb000-73e1149fc000 r--p 00002000 103:02 41570396                  /usr/lib/x86_64-linux-gnu/libpthread.so.0
73e1149fc000-73e1149fd000 r--p 00002000 103:02 41570396                  /usr/lib/x86_64-linux-gnu/libpthread.so.0
73e1149fd000-73e1149fe000 rw-p 00003000 103:02 41570396                  /usr/lib/x86_64-linux-gnu/libpthread.so.0
73e1149fe000-73e114a0d000 r-xp 00000000 103:02 42209298                  /usr/lib/jvm/zulu21-ca-amd64/lib/libjli.so
73e114a0d000-73e114a0e000 ---p 0000f000 103:02 42209298                  /usr/lib/jvm/zulu21-ca-amd64/lib/libjli.so
73e114a0e000-73e114a0f000 r--p 0000f000 103:02 42209298                  /usr/lib/jvm/zulu21-ca-amd64/lib/libjli.so
73e114a0f000-73e114a10000 rw-p 00010000 103:02 42209298                  /usr/lib/jvm/zulu21-ca-amd64/lib/libjli.so
73e114a10000-73e114a12000 r--p 00000000 103:02 41561978                  /usr/lib/x86_64-linux-gnu/libz.so.1.3
73e114a12000-73e114a24000 r-xp 00002000 103:02 41561978                  /usr/lib/x86_64-linux-gnu/libz.so.1.3
73e114a24000-73e114a2a000 r--p 00014000 103:02 41561978                  /usr/lib/x86_64-linux-gnu/libz.so.1.3
73e114a2a000-73e114a2b000 r--p 0001a000 103:02 41561978                  /usr/lib/x86_64-linux-gnu/libz.so.1.3
73e114a2b000-73e114a2c000 rw-p 0001b000 103:02 41561978                  /usr/lib/x86_64-linux-gnu/libz.so.1.3
73e114a2c000-73e114a33000 r--s 00000000 103:02 41568527                  /usr/lib/x86_64-linux-gnu/gconv/gconv-modules.cache
73e114a33000-73e114a3b000 rw-s 00000000 103:02 38797330                  /tmp/hsperfdata_emre/413708
73e114a3b000-73e114a3c000 ---p 00000000 00:00 0 
73e114a3c000-73e114a3d000 r--p 00000000 00:00 0 
73e114a3d000-73e114a3e000 ---p 00000000 00:00 0 
73e114a3e000-73e114a40000 rw-p 00000000 00:00 0 
73e114a40000-73e114a44000 r--p 00000000 00:00 0                          [vvar]
73e114a44000-73e114a46000 r--p 00000000 00:00 0                          [vvar_vclock]
73e114a46000-73e114a48000 r-xp 00000000 00:00 0                          [vdso]
73e114a48000-73e114a49000 r--p 00000000 103:02 41569369                  /usr/lib/x86_64-linux-gnu/ld-linux-x86-64.so.2
73e114a49000-73e114a74000 r-xp 00001000 103:02 41569369                  /usr/lib/x86_64-linux-gnu/ld-linux-x86-64.so.2
73e114a74000-73e114a7e000 r--p 0002c000 103:02 41569369                  /usr/lib/x86_64-linux-gnu/ld-linux-x86-64.so.2
73e114a7e000-73e114a80000 r--p 00036000 103:02 41569369                  /usr/lib/x86_64-linux-gnu/ld-linux-x86-64.so.2
73e114a80000-73e114a82000 rw-p 00038000 103:02 41569369                  /usr/lib/x86_64-linux-gnu/ld-linux-x86-64.so.2
7ffebdfd3000-7ffebdff4000 rw-p 00000000 00:00 0                          [stack]
ffffffffff600000-ffffffffff601000 --xp 00000000 00:00 0                  [vsyscall]
Total number of mappings: 205

JVMTI agents: none


VM Arguments:
jvm_args: --add-opens=java.base/jdk.internal.misc=ALL-UNNAMED 
java_command: io.aeron.cluster.ClusterTool /home/emre/openexchange-data/aeron-cluster/node1/cluster list-members
java_class_path (initial): /home/emre/Apps/openexchange/match/match-cluster/target/match-cluster.jar
Launcher Type: SUN_STANDARD

[Global flags]
     intx CICompilerCount                          = 12                                        {product} {ergonomic}
     uint ConcGCThreads                            = 5                                         {product} {ergonomic}
     uint G1ConcRefinementThreads                  = 18                                        {product} {ergonomic}
   size_t G1HeapRegionSize                         = 4194304                                   {product} {ergonomic}
    uintx GCDrainStackTargetSize                   = 64                                        {product} {ergonomic}
   size_t InitialHeapSize                          = 524288000                                 {product} {ergonomic}
   size_t MarkStackSize                            = 4194304                                   {product} {ergonomic}
   size_t MaxHeapSize                              = 8350859264                                {product} {ergonomic}
   size_t MaxNewSize                               = 5007998976                                {product} {ergonomic}
   size_t MinHeapDeltaBytes                        = 4194304                                   {product} {ergonomic}
   size_t MinHeapSize                              = 8388608                                   {product} {ergonomic}
    uintx NonNMethodCodeHeapSize                   = 7602480                                {pd product} {ergonomic}
    uintx NonProfiledCodeHeapSize                  = 122027880                              {pd product} {ergonomic}
    uintx ProfiledCodeHeapSize                     = 122027880                              {pd product} {ergonomic}
    uintx ReservedCodeCacheSize                    = 251658240                              {pd product} {ergonomic}
     bool SegmentedCodeCache                       = true                                      {product} {ergonomic}
   size_t SoftMaxHeapSize                          = 8350859264                             {manageable} {ergonomic}
     bool UseCompressedOops                        = true                           {product lp64_product} {ergonomic}
     bool UseG1GC                                  = true                                      {product} {ergonomic}

Logging:
Log output configuration:
 #0: stdout all=warning uptime,level,tags foldmultilines=false
 #1: stderr all=off uptime,level,tags foldmultilines=false

Release file:
<release file has not been read>
Environment Variables:
PATH=/usr/local/sbin:/usr/local/bin:/usr/sbin:/usr/bin:/sbin:/bin:/usr/games:/usr/local/games:/snap/bin:/snap/bin
SHELL=/bin/bash
LANG=en_US.UTF-8

Active Locale:
LC_ALL=en_US.UTF-8
LC_COLLATE=en_US.UTF-8
LC_CTYPE=en_US.UTF-8
LC_MESSAGES=en_US.UTF-8
LC_MONETARY=en_US.UTF-8
LC_NUMERIC=en_US.UTF-8
LC_TIME=en_US.UTF-8

Signal Handlers:
   SIGSEGV: crash_handler in libjvm.so, mask=11100100010111111101111111111110, flags=SA_RESTART|SA_SIGINFO, unblocked
    SIGBUS: crash_handler in libjvm.so, mask=11100100010111111101111111111110, flags=SA_RESTART|SA_SIGINFO, unblocked
    SIGFPE: crash_handler in libjvm.so, mask=11100100010111111101111111111110, flags=SA_RESTART|SA_SIGINFO, unblocked
   SIGPIPE: javaSignalHandler in libjvm.so, mask=11100100010111111101111111111110, flags=SA_RESTART|SA_SIGINFO, blocked
   SIGXFSZ: javaSignalHandler in libjvm.so, mask=11100100010111111101111111111110, flags=SA_RESTART|SA_SIGINFO, blocked
    SIGILL: crash_handler in libjvm.so, mask=11100100010111111101111111111110, flags=SA_RESTART|SA_SIGINFO, unblocked
   SIGUSR2: SR_handler in libjvm.so, mask=00000000000000000000000000000000, flags=SA_RESTART|SA_SIGINFO, blocked
    SIGHUP: UserHandler in libjvm.so, mask=11100100010111111101111111111110, flags=SA_RESTART|SA_SIGINFO, blocked
    SIGINT: UserHandler in libjvm.so, mask=11100100010111111101111111111110, flags=SA_RESTART|SA_SIGINFO, blocked
   SIGTERM: UserHandler in libjvm.so, mask=11100100010111111101111111111110, flags=SA_RESTART|SA_SIGINFO, blocked
   SIGQUIT: UserHandler in libjvm.so, mask=11100100010111111101111111111110, flags=SA_RESTART|SA_SIGINFO, blocked
   SIGTRAP: crash_handler in libjvm.so, mask=11100100010111111101111111111110, flags=SA_RESTART|SA_SIGINFO, unblocked


Periodic native trim disabled

---------------  S Y S T E M  ---------------

OS:
DISTRIB_ID=Ubuntu
DISTRIB_RELEASE=24.04
DISTRIB_CODENAME=noble
DISTRIB_DESCRIPTION="Ubuntu 24.04.3 LTS"
uname: Linux 7.0.0-28-generic #28~24.04.1-Ubuntu SMP PREEMPT_DYNAMIC Wed Jul  1 15:50:57 UTC 2 x86_64
OS uptime: 0 days 14:41 hours
libc: glibc 2.39 NPTL 2.39 
rlimit (soft/hard): STACK 8192k/infinity , CORE 0k/infinity , NPROC 115710/115710 , NOFILE 1048576/1048576 , AS infinity/infinity , CPU infinity/infinity , DATA infinity/infinity , FSIZE infinity/infinity , MEMLOCK 4076856k/4076856k
load average: 0.18 0.24 0.21

/proc/meminfo:
MemTotal:       32614848 kB
MemFree:          415444 kB
MemAvailable:   18620776 kB
Buffers:          680892 kB
Cached:         17954952 kB
SwapCached:            0 kB
Active:         13117780 kB
Inactive:       14748628 kB
Active(anon):    9878032 kB
Inactive(anon):   188748 kB
Active(file):    3239748 kB
Inactive(file): 14559880 kB
Unevictable:       17536 kB
Mlocked:              64 kB
SwapTotal:       8388604 kB
SwapFree:        8388604 kB
Zswap:                 0 kB
Zswapped:              0 kB
Dirty:              3800 kB
Writeback:             0 kB
AnonPages:       9248884 kB
Mapped:          3716640 kB
Shmem:            836228 kB
KReclaimable:     744596 kB
Slab:            1173172 kB
SReclaimable:     744596 kB
SUnreclaim:       428576 kB
KernelStack:       41744 kB
PageTables:       122296 kB
SecPageTables:         0 kB
NFS_Unstable:          0 kB
Bounce:                0 kB
WritebackTmp:          0 kB
CommitLimit:    23647452 kB
Committed_AS:   44383144 kB
VmallocTotal:   34359738367 kB
VmallocUsed:      172732 kB
VmallocChunk:          0 kB
Percpu:            51168 kB
HardwareCorrupted:     0 kB
AnonHugePages:         0 kB
ShmemHugePages:    14336 kB
ShmemPmdMapped:        0 kB
FileHugePages:    727040 kB
FilePmdMapped:         0 kB
CmaTotal:              0 kB
CmaFree:          150712 kB
Unaccepted:            0 kB
Balloon:               0 kB
HugePages_Total:    1024
HugePages_Free:      953
HugePages_Rsvd:        1
HugePages_Surp:        0
Hugepagesize:       2048 kB
Hugetlb:         2097152 kB
DirectMap4k:     1285080 kB
DirectMap2M:    23638016 kB
DirectMap1G:     8388608 kB

/sys/kernel/mm/transparent_hugepage/enabled: always madvise [never]
/sys/kernel/mm/transparent_hugepage/hpage_pmd_size: 2097152
/sys/kernel/mm/transparent_hugepage/defrag (defrag/compaction efforts parameter): always defer defer+madvise madvise [never]

Process Memory:
Virtual Size: 11341508K (peak: 11341508K)
Resident Set Size: 55320K (peak: 55320K) (anon: 33408K, file: 21912K, shmem: 0K)
Swapped out: 0K
C-Heap outstanding allocations: 48617K, retained: 2306K
glibc malloc tunables: (default)

/proc/sys/kernel/threads-max (system-wide limit on the number of threads): 231420
/proc/sys/vm/max_map_count (maximum number of memory map areas a process may have): 1048576
/proc/sys/vm/swappiness (control to define how aggressively the kernel swaps out anonymous memory): 0
/proc/sys/kernel/pid_max (system-wide limit on number of process identifiers): 4194304

container information not found.
Steal ticks since vm start: 0
Steal ticks percentage since vm start:  0.000

CPU: total 24 (initial active 24) (24 cores per cpu, 1 threads per core) family 6 model 183 stepping 1 microcode 0x133, cx8, cmov, fxsr, mmx, 3dnowpref, sse, sse2, sse3, ssse3, sse4.1, sse4.2, popcnt, lzcnt, tsc, tscinvbit, avx, avx2, aes, erms, clmul, bmi1, bmi2, adx, sha, fma, vzeroupper, clflush, clflushopt, clwb, serialize, rdtscp, rdpid, fsrm, f16c, pku, ospke, cet_ibt, cet_ss
CPU Model and flags from /proc/cpuinfo:
model name	: 13th Gen Intel(R) Core(TM) i7-13700K
flags		: fpu vme de pse tsc msr pae mce cx8 apic sep mtrr pge mca cmov pat pse36 clflush dts acpi mmx fxsr sse sse2 ss ht tm pbe syscall nx pdpe1gb rdtscp lm constant_tsc art arch_perfmon pebs bts rep_good nopl xtopology nonstop_tsc cpuid aperfmperf tsc_known_freq pni pclmulqdq dtes64 monitor ds_cpl vmx smx est tm2 ssse3 sdbg fma cx16 xtpr pdcm pcid sse4_1 sse4_2 x2apic movbe popcnt tsc_deadline_timer aes xsave avx f16c rdrand lahf_lm abm 3dnowprefetch cpuid_fault ssbd ibrs ibpb stibp ibrs_enhanced tpr_shadow flexpriority ept vpid ept_ad fsgsbase tsc_adjust bmi1 avx2 smep bmi2 erms invpcid rdseed adx smap clflushopt clwb intel_pt sha_ni xsaveopt xsavec xgetbv1 xsaves split_lock_detect user_shstk avx_vnni dtherm ida arat pln pts hwp hwp_notify hwp_act_window hwp_epp hwp_pkg_req hfi vnmi umip pku ospke waitpkg gfni vaes vpclmulqdq rdpid movdiri movdir64b fsrm md_clear serialize pconfig arch_lbr ibt flush_l1d arch_capabilities

Online cpus: 0-23
Offline cpus: 
BIOS frequency limitation: <Not Available>
Frequency switch latency (ns): 0
Available cpu frequencies: <Not Available>
Current governor: powersave
Core performance/turbo boost: <Not Available>

Memory: 4k page, physical 32614848k(18619684k free), swap 8388604k(8388604k free)
Page Sizes: 4k

vm_info: OpenJDK 64-Bit Server VM (21.0.11+10-LTS) for linux-amd64 JRE (21.0.11+10-LTS) (Zulu21.50+19-CA), built on 2026-04-17T20:39:03Z by "zulu_re" with gcc 11.2.0

END.
