#
# A fatal error has been detected by the Java Runtime Environment:
#
#  SIGSEGV (0xb) at pc=0x000072ac9ad1c43f, pid=300605, tid=300621
#
# JRE version: OpenJDK Runtime Environment Zulu21.50+19-CA (21.0.11+10) (build 21.0.11+10-LTS)
# Java VM: OpenJDK 64-Bit Server VM Zulu21.50+19-CA (21.0.11+10-LTS, mixed mode, sharing, tiered, compressed oops, compressed class ptrs, g1 gc, linux-amd64)
# Problematic frame:
# V  [libjvm.so+0x51c43f]  LIR_Assembler::emit_lir_list(LIR_List*)+0x6f
#
# Core dump will be written. Default location: Core dumps may be processed with "/usr/share/apport/apport -p%p -s%s -c%c -d%d -P%P -u%u -g%g -F%F -- %E" (or dumping to /home/emre/Apps/openexchange/match/core.300605)
#
# If you would like to submit a bug report, please visit:
#   http://www.azul.com/support/
#

---------------  S U M M A R Y ------------

Command Line: --add-opens=java.base/jdk.internal.misc=ALL-UNNAMED io.aeron.cluster.ClusterTool /home/emre/openexchange-data/aeron-cluster/node0/cluster recording-log

Host: 13th Gen Intel(R) Core(TM) i7-13700K, 24 cores, 31G, Ubuntu 24.04.3 LTS
Time: Tue Jul 21 03:44:36 2026 +03 elapsed time: 0.097802 seconds (0d 0h 0m 0s)

---------------  T H R E A D  ---------------

Current thread (0x000072abf405b840):  JavaThread "C1 CompilerThread1" daemon [_thread_in_native, id=300621, stack(0x000072ac1a330000,0x000072ac1a430000) (1024K)]


Current CompileTask:
C1:97  499       3       java.lang.StringConcatHelper::prepend (218 bytes)

Stack: [0x000072ac1a330000,0x000072ac1a430000],  sp=0x000072ac1a42ddf0,  free space=1015k
Native frames: (J=compiled Java code, j=interpreted, Vv=VM code, C=native code)
V  [libjvm.so+0x51c43f]  LIR_Assembler::emit_lir_list(LIR_List*)+0x6f
V  [libjvm.so+0x51c60b]  LIR_Assembler::emit_code(BlockList*)+0x5b
V  [libjvm.so+0x4eb980]  Compilation::emit_code_body()+0x180
V  [libjvm.so+0x4ebe4c]  Compilation::compile_java_method()+0x31c
V  [libjvm.so+0x4ec0b2]  Compilation::compile_method()+0x112
V  [libjvm.so+0x4ec4a9]  Compilation::Compilation(AbstractCompiler*, ciEnv*, ciMethod*, int, BufferBlob*, bool, DirectiveSet*)+0x1f9
V  [libjvm.so+0x4ed371]  Compiler::compile_method(ciEnv*, ciMethod*, int, bool, DirectiveSet*)+0xb1
V  [libjvm.so+0x67cb84]  CompileBroker::invoke_compiler_on_method(CompileTask*)+0xca4
V  [libjvm.so+0x67fea8]  CompileBroker::compiler_thread_loop()+0x738
V  [libjvm.so+0x938110]  JavaThread::thread_main_inner()+0x1e0
V  [libjvm.so+0xf8e518]  Thread::call_run()+0xa8
V  [libjvm.so+0xd16c2a]  thread_native_entry(Thread*)+0xda
C  [libc.so.6+0x9caa4]

siginfo: si_signo: 11 (SIGSEGV), si_code: 1 (SEGV_MAPERR), si_addr: 0x000072aba58c5b78

Registers:
RAX=0x00000000fffffe00, RBX=0x000072ac1a42de80, RCX=0x000072ac83c0d27c, RDX=0x0000000000000008
RSP=0x000072ac1a42ddf0, RBP=0x000072ac1a42de20, RSI=0x000072ac1a42e268, RDI=0x000072ac9422bed8
R8 =0x0000000000000000, R9 =0x000072abec062a60, R10=0x0000000000000014, R11=0x00000000dea92d8d
R12=0x000072abec08dbc8, R13=0x0000000000000108, R14=0x000072abec08df88, R15=0x0000000000000038
RIP=0x000072ac9ad1c43f, EFLAGS=0x0000000000010246, CSGSFS=0x002b000000000033, ERR=0x0000000000000006
  TRAPNO=0x000000000000000e

XMM[0]=0x0000000000000000 0x000000060000000e
XMM[1]=0x0000000000000000 0x0000000000000006
XMM[2]=0x0000000000000000 0x0000000000000000
XMM[3]=0x0000000000000000 0x000072abec07fa60
XMM[4]=0x0000000000000000 0x0000000000000000
XMM[5]=0x000072abec07d308 0x0000000200000000
XMM[6]=0x000072ac9bcd2dc0 0x000072ac9bcd2c30
XMM[7]=0x0000000000000000 0x0000000000000069
XMM[8]=0xff04842c000ab865 0x1004edff04842c3a
XMM[9]=0x6161616161616161 0x6161616161616161
XMM[10]=0x6161616115190415 0x0f0e220d0e13150f
XMM[11]=0x9999999999999999 0x9999999999999999
XMM[12]=0x2020202020202020 0x2020202020202020
XMM[13]=0x0000000000000000 0x0000000000000000
XMM[14]=0x0000000000000000 0x0000000000000000
XMM[15]=0x0000000000000000 0x0000000000000000
  MXCSR=0x00001fa2


Register to memory mapping:

RAX=0x00000000fffffe00 is an unknown value
RBX=0x000072ac1a42de80 is pointing into the stack for thread: 0x000072abf405b840
RCX=0x000072ac83c0d27c is at code_begin+252 in 
[CodeBlob (0x000072ac83c0d110)]
Framesize: 0
BufferBlob (0x000072ac83c0d110) used for C1 temporary CodeBuffer
RDX=0x0000000000000008 is an unknown value
RSP=0x000072ac1a42ddf0 is pointing into the stack for thread: 0x000072abf405b840
RBP=0x000072ac1a42de20 is pointing into the stack for thread: 0x000072abf405b840
RSI=0x000072ac1a42e268 is pointing into the stack for thread: 0x000072abf405b840
RDI=0x000072ac9422bed8 points into unknown readable memory: 0x000072ac9bcd4878 | 78 48 cd 9b ac 72 00 00
R8 =0x0 is null
R9 =0x000072abec062a60 points into unknown readable memory: 0x000072abec062a78 | 78 2a 06 ec ab 72 00 00
R10=0x0000000000000014 is an unknown value
R11=0x00000000dea92d8d is an unknown value
R12=0x000072abec08dbc8 points into unknown readable memory: 0x0000004000000021 | 21 00 00 00 40 00 00 00
R13=0x0000000000000108 is an unknown value
R14=0x000072abec08df88 points into unknown readable memory: 0x000072ac9bc2d778 | 78 d7 c2 9b ac 72 00 00
R15=0x0000000000000038 is an unknown value

Top of Stack: (sp=0x000072ac1a42ddf0)
0x000072ac1a42ddf0:   0000000200000001 0000000000000028   ........(.......
0x000072ac1a42de00:   000072abec0693e8 000072ac1a42de80   .....r....B..r..
0x000072ac1a42de10:   000072abf008cee8 0000000000000058   .....r..X.......
0x000072ac1a42de20:   000072ac1a42de60 000072ac9ad1c60b   `.B..r.......r..
0x000072ac1a42de30:   000072ac1a42de80 000072ac1a42e130   ..B..r..0.B..r..
0x000072ac1a42de40:   000072ac1a42de80 000072ac1a42e208   ..B..r....B..r..
0x000072ac1a42de50:   000072ac9b922c69 0000000000000005   i,...r..........
0x000072ac1a42de60:   000072ac1a42df00 000072ac9aceb980   ..B..r.......r..
0x000072ac1a42de70:   0000000000000003 000072abe0047b50   ........P{...r..
0x000072ac1a42de80:   000072abec07fc88 000072abec07fcb8   .....r.......r..
0x000072ac1a42de90:   000072ac1a42e130 000072abf008f078   0.B..r..x....r..
0x000072ac1a42dea0:   0000000000000000 0000000000000000   ................
0x000072ac1a42deb0:   0000000000000000 000072abffffffff   .............r..
0x000072ac1a42dec0:   0000000000000000 00000000940057a0   .........W......
0x000072ac1a42ded0:   0000000000000000 000072ac9bd44900   .........I...r..
0x000072ac1a42dee0:   000072ac9bd449f9 000072ac1a42e130   .I...r..0.B..r..
0x000072ac1a42def0:   000072ac1a42df20 000072ac9b922c69    .B..r..i,...r..
0x000072ac1a42df00:   000072ac1a42dfa0 000072ac9acebe4c   ..B..r..L....r..
0x000072ac1a42df10:   000072ac942291d0 000072abf008f078   .."..r..x....r..
0x000072ac1a42df20:   000072abf0000000 0000000000000000   .....r..........
0x000072ac1a42df30:   000072ac1a42df70 000072abec065c00   p.B..r...\...r..
0x000072ac1a42df40:   000072abec065bf0 000072ac9b922c69   .[...r..i,...r..
0x000072ac1a42df50:   0000000000000000 0000000000000000   ................
0x000072ac1a42df60:   000072ac0000000b 000072ac1a42e1c8   .....r....B..r..
0x000072ac1a42df70:   000072ac1a42dfa0 000072ac1a42e130   ..B..r..0.B..r..
0x000072ac1a42df80:   000072ac1a42dfc0 000072ac9b922c69   ..B..r..i,...r..
0x000072ac1a42df90:   000072ac9bd449f9 000072ac1a42e1c8   .I...r....B..r..
0x000072ac1a42dfa0:   000072ac1a42e040 000072ac9acec0b2   @.B..r.......r..
0x000072ac1a42dfb0:   0000000000000000 0000000000000008   ................
0x000072ac1a42dfc0:   000072abe8040000 0000000000000000   .....r..........
0x000072ac1a42dfd0:   000072abe80469f0 0000000000000000   .i...r..........
0x000072ac1a42dfe0:   000072ac1a42e260 000072ac9b922c69   `.B..r..i,...r..

Instructions: (pc=0x000072ac9ad1c43f)
0x000072ac9ad1c33f:   63 40 44 85 c0 7e 54 48 c1 e0 04 44 39 6c 02 f0
0x000072ac9ad1c34f:   7d 08 4c 89 63 28 44 89 6b 30 48 83 c4 08 5b 41
0x000072ac9ad1c35f:   5c 41 5d 41 5e 41 5f 5d c3 0f 1f 84 00 00 00 00
0x000072ac9ad1c36f:   00 4d 8b 7c 24 40 eb 84 66 0f 1f 84 00 00 00 00
0x000072ac9ad1c37f:   00 49 8b 46 40 eb 98 66 2e 0f 1f 84 00 00 00 00
0x000072ac9ad1c38f:   00 48 89 df e8 e8 fc ff ff eb 8f 48 8d 05 ef 6b
0x000072ac9ad1c39f:   fe 00 48 8d 0d 58 8c c4 00 48 8d 15 79 8c c4 00
0x000072ac9ad1c3af:   be c0 00 00 00 48 8d 3d 95 8c c4 00 48 8b 00 c6
0x000072ac9ad1c3bf:   00 58 31 c0 e8 38 a6 1a 00 0f 1f 84 00 00 00 00
0x000072ac9ad1c3cf:   00 55 48 89 e5 41 57 41 56 41 55 41 54 49 89 f4
0x000072ac9ad1c3df:   53 48 89 fb 48 83 ec 08 e8 a4 11 01 00 4d 63 2c
0x000072ac9ad1c3ef:   24 4c 89 e8 49 c1 e5 03 85 c0 7e 67 45 31 ff eb
0x000072ac9ad1c3ff:   09 49 83 c7 08 4d 39 fd 74 59 49 8b 44 24 08 4e
0x000072ac9ad1c40f:   8b 34 38 48 8b 03 48 8b 50 08 48 8b 42 18 48 2b
0x000072ac9ad1c41f:   42 10 3d ff 07 00 00 7e 50 48 8b 43 10 48 83 78
0x000072ac9ad1c42f:   70 00 75 2f 49 8b 06 48 89 de 4c 89 f7 ff 50 10
0x000072ac9ad1c43f:   48 8b 7b 10 e8 28 e1 fc ff 80 78 08 00 74 b2 4c
0x000072ac9ad1c44f:   89 f6 48 89 df 49 83 c7 08 e8 53 fe ff ff 4d 39
0x000072ac9ad1c45f:   fd 75 a7 48 83 c4 08 5b 41 5c 41 5d 41 5e 41 5f
0x000072ac9ad1c46f:   5d c3 0f 1f 80 00 00 00 00 48 8b 7b 10 48 8d 35
0x000072ac9ad1c47f:   99 ff c0 00 e8 c8 e4 fc ff eb 9e 66 0f 1f 44 00
0x000072ac9ad1c48f:   00 55 48 89 e5 53 48 89 f3 48 83 ec 18 8b 86 84
0x000072ac9ad1c49f:   00 00 00 a8 10 75 2a a8 04 74 14 48 8b 07 48 8b
0x000072ac9ad1c4af:   50 08 48 8b 42 10 48 2b 02 89 83 00 01 00 00 48
0x000072ac9ad1c4bf:   8b b3 30 01 00 00 48 8b 5d f8 c9 e9 01 ff ff ff
0x000072ac9ad1c4cf:   90 48 89 7d e8 e8 77 03 01 00 8b 83 84 00 00 00
0x000072ac9ad1c4df:   48 8b 7d e8 eb c1 90 66 2e 0f 1f 84 00 00 00 00
0x000072ac9ad1c4ef:   00 8b 06 85 c0 0f 8e b5 00 00 00 55 48 89 e5 41
0x000072ac9ad1c4ff:   57 49 89 ff 41 56 49 89 f6 41 55 45 31 ed 41 54
0x000072ac9ad1c50f:   53 48 83 ec 08 0f 1f 40 00 49 8b 56 08 4a 8b 14
0x000072ac9ad1c51f:   ea 4c 8b 62 08 41 8b 14 24 85 d2 7e 45 31 db eb
0x000072ac9ad1c52f:   08 48 83 c3 01 39 da 7e 36 49 8b 44 24 08 48 8b


Stack slot to memory mapping:

stack at sp + 0 slots: 0x0000000200000001 is an unknown value
stack at sp + 1 slots: 0x0000000000000028 is an unknown value
stack at sp + 2 slots: 0x000072abec0693e8 points into unknown readable memory: 0x000072ac9bc2cd60 | 60 cd c2 9b ac 72 00 00
stack at sp + 3 slots: 0x000072ac1a42de80 is pointing into the stack for thread: 0x000072abf405b840
stack at sp + 4 slots: 0x000072abf008cee8 points into unknown readable memory: 0x0000000b0000000b | 0b 00 00 00 0b 00 00 00
stack at sp + 5 slots: 0x0000000000000058 is an unknown value
stack at sp + 6 slots: 0x000072ac1a42de60 is pointing into the stack for thread: 0x000072abf405b840
stack at sp + 7 slots: 0x000072ac9ad1c60b: <offset 0x000000000051c60b> in /usr/lib/jvm/zulu21-ca-amd64/lib/server/libjvm.so at 0x000072ac9a800000


---------------  P R O C E S S  ---------------

Threads class SMR info:
_java_thread_list=0x000072abf00a1180, length=14, elements={
0x000072ac9402b230, 0x000072ac941576d0, 0x000072ac94158c40, 0x000072ac9415a3c0,
0x000072ac9415ba00, 0x000072ac9415cfa0, 0x000072ac9415eb60, 0x000072ac94160220,
0x000072abf405b840, 0x000072abf405cb20, 0x000072abec0012c0, 0x000072ac941aac70,
0x000072ac941ad570, 0x000072abf009ffe0
}

Java Threads: ( => current thread )
  0x000072ac9402b230 JavaThread "main"                              [_thread_in_vm, id=300606, stack(0x000072ac9a617000,0x000072ac9a717000) (1024K)]
  0x000072ac941576d0 JavaThread "Reference Handler"          daemon [_thread_blocked, id=300614, stack(0x000072ac7016a000,0x000072ac7026a000) (1024K)]
  0x000072ac94158c40 JavaThread "Finalizer"                  daemon [_thread_blocked, id=300615, stack(0x000072ac7006a000,0x000072ac7016a000) (1024K)]
  0x000072ac9415a3c0 JavaThread "Signal Dispatcher"          daemon [_thread_blocked, id=300616, stack(0x000072ac1a900000,0x000072ac1aa00000) (1024K)]
  0x000072ac9415ba00 JavaThread "Service Thread"             daemon [_thread_blocked, id=300617, stack(0x000072ac1a800000,0x000072ac1a900000) (1024K)]
  0x000072ac9415cfa0 JavaThread "Monitor Deflation Thread"   daemon [_thread_blocked, id=300618, stack(0x000072ac1a700000,0x000072ac1a800000) (1024K)]
  0x000072ac9415eb60 JavaThread "C2 CompilerThread0"         daemon [_thread_in_vm, id=300619, stack(0x000072ac1a600000,0x000072ac1a700000) (1024K)]
  0x000072ac94160220 JavaThread "C1 CompilerThread0"         daemon [_thread_blocked, id=300620, stack(0x000072ac1a500000,0x000072ac1a600000) (1024K)]
=>0x000072abf405b840 JavaThread "C1 CompilerThread1"         daemon [_thread_in_native, id=300621, stack(0x000072ac1a330000,0x000072ac1a430000) (1024K)]
  0x000072abf405cb20 JavaThread "C1 CompilerThread2"         daemon [_thread_blocked, id=300622, stack(0x000072ac1a230000,0x000072ac1a330000) (1024K)]
  0x000072abec0012c0 JavaThread "C1 CompilerThread3"         daemon [_thread_blocked, id=300623, stack(0x000072ac1a130000,0x000072ac1a230000) (1024K)]
  0x000072ac941aac70 JavaThread "Notification Thread"        daemon [_thread_blocked, id=300624, stack(0x000072ac1a030000,0x000072ac1a130000) (1024K)]
  0x000072ac941ad570 JavaThread "Common-Cleaner"             daemon [_thread_blocked, id=300625, stack(0x000072ac19f30000,0x000072ac1a030000) (1024K)]
  0x000072abf009ffe0 JavaThread "C2 CompilerThread1"         daemon [_thread_blocked, id=300626, stack(0x000072ac199c1000,0x000072ac19ac1000) (1024K)]
Total: 14

Other Threads:
  0x000072ac9414e2d0 VMThread "VM Thread"                           [id=300613, stack(0x000072ac7026b000,0x000072ac7036b000) (1024K)]
  0x000072ac9413b900 WatcherThread "VM Periodic Task Thread"        [id=300612, stack(0x000072ac7036c000,0x000072ac7046c000) (1024K)]
  0x000072ac94057f20 WorkerThread "GC Thread#0"                     [id=300607, stack(0x000072ac980a8000,0x000072ac981a8000) (1024K)]
  0x000072ac94068e60 ConcurrentGCThread "G1 Main Marker"            [id=300608, stack(0x000072ac93f00000,0x000072ac94000000) (1024K)]
  0x000072ac94069e40 WorkerThread "G1 Conc#0"                       [id=300609, stack(0x000072ac73902000,0x000072ac73a02000) (1024K)]
  0x000072ac94128e90 ConcurrentGCThread "G1 Refine#0"               [id=300610, stack(0x000072ac705ef000,0x000072ac706ef000) (1024K)]
  0x000072ac94129e50 ConcurrentGCThread "G1 Service"                [id=300611, stack(0x000072ac704ee000,0x000072ac705ee000) (1024K)]
Total: 7

Threads with active compile tasks:
C2 CompilerThread0  99  505       4       java.lang.Long::stringSize (55 bytes)
C1 CompilerThread1  99  499       3       java.lang.StringConcatHelper::prepend (218 bytes)
Total: 2

VM state: not at safepoint (normal execution)

VM Mutex/Monitor currently owned by a thread:  ([mutex/lock_event])
[0x000072ac9bd61658] CompileThread_lock - owner thread: 0x000072ac9415eb60

Heap address: 0x000000060e400000, size: 7964 MB, Compressed Oops mode: Zero based, Oop shift amount: 3

CDS archive(s) mapped at: [0x000072ac1b000000-0x000072ac1bcfe000-0x000072ac1bcfe000), size 13623296, SharedBaseAddress: 0x000072ac1b000000, ArchiveRelocationMode: 1.
Compressed class space mapped at: 0x000072ac1c000000-0x000072ac5c000000, reserved size: 1073741824
Narrow klass base: 0x000072ac1b000000, Narrow klass shift: 0, Narrow klass range: 0x100000000

GC Precious Log:
 CardTable entry size: 512
 Card Set container configuration: InlinePtr #cards 4 size 8 Array Of Cards #cards 32 size 80 Howl #buckets 8 coarsen threshold 7372 Howl Bitmap #cards 1024 size 144 coarsen threshold 921 Card regions per heap region 1 cards per card region 8192
 CPUs: 24 total, 24 available
 Memory: 31850M
 Large Page Support: Disabled
 NUMA Support: Disabled
 Compressed Oops: Enabled (Zero based)
 Heap Region Size: 4M
 Heap Min Capacity: 8M
 Heap Initial Capacity: 500M
 Heap Max Capacity: 7964M
 Pre-touch: Disabled
 Parallel Workers: 18
 Concurrent Workers: 5
 Concurrent Refinement Workers: 18
 Periodic GC: Disabled

Heap:
 garbage-first heap   total 516096K, used 5179K [0x000000060e400000, 0x0000000800000000)
  region size 4096K, 3 young (12288K), 0 survivors (0K)
 Metaspace       used 1571K, committed 1728K, reserved 1114112K
  class space    used 126K, committed 192K, reserved 1048576K

Heap Regions: E=young(eden), S=young(survivor), O=old, HS=humongous(starts), HC=humongous(continues), CS=collection set, F=free, TAMS=top-at-mark-start, PB=parsable bottom
|   0|0x000000060e400000, 0x000000060e400000, 0x000000060e800000|  0%| F|  |TAMS 0x000000060e400000| PB 0x000000060e400000| Untracked 
|   1|0x000000060e800000, 0x000000060e800000, 0x000000060ec00000|  0%| F|  |TAMS 0x000000060e800000| PB 0x000000060e800000| Untracked 
|   2|0x000000060ec00000, 0x000000060ec00000, 0x000000060f000000|  0%| F|  |TAMS 0x000000060ec00000| PB 0x000000060ec00000| Untracked 
|   3|0x000000060f000000, 0x000000060f000000, 0x000000060f400000|  0%| F|  |TAMS 0x000000060f000000| PB 0x000000060f000000| Untracked 
|   4|0x000000060f400000, 0x000000060f400000, 0x000000060f800000|  0%| F|  |TAMS 0x000000060f400000| PB 0x000000060f400000| Untracked 
|   5|0x000000060f800000, 0x000000060f800000, 0x000000060fc00000|  0%| F|  |TAMS 0x000000060f800000| PB 0x000000060f800000| Untracked 
|   6|0x000000060fc00000, 0x000000060fc00000, 0x0000000610000000|  0%| F|  |TAMS 0x000000060fc00000| PB 0x000000060fc00000| Untracked 
|   7|0x0000000610000000, 0x0000000610000000, 0x0000000610400000|  0%| F|  |TAMS 0x0000000610000000| PB 0x0000000610000000| Untracked 
|   8|0x0000000610400000, 0x0000000610400000, 0x0000000610800000|  0%| F|  |TAMS 0x0000000610400000| PB 0x0000000610400000| Untracked 
|   9|0x0000000610800000, 0x0000000610800000, 0x0000000610c00000|  0%| F|  |TAMS 0x0000000610800000| PB 0x0000000610800000| Untracked 
|  10|0x0000000610c00000, 0x0000000610c00000, 0x0000000611000000|  0%| F|  |TAMS 0x0000000610c00000| PB 0x0000000610c00000| Untracked 
|  11|0x0000000611000000, 0x0000000611000000, 0x0000000611400000|  0%| F|  |TAMS 0x0000000611000000| PB 0x0000000611000000| Untracked 
|  12|0x0000000611400000, 0x0000000611400000, 0x0000000611800000|  0%| F|  |TAMS 0x0000000611400000| PB 0x0000000611400000| Untracked 
|  13|0x0000000611800000, 0x0000000611800000, 0x0000000611c00000|  0%| F|  |TAMS 0x0000000611800000| PB 0x0000000611800000| Untracked 
|  14|0x0000000611c00000, 0x0000000611c00000, 0x0000000612000000|  0%| F|  |TAMS 0x0000000611c00000| PB 0x0000000611c00000| Untracked 
|  15|0x0000000612000000, 0x0000000612000000, 0x0000000612400000|  0%| F|  |TAMS 0x0000000612000000| PB 0x0000000612000000| Untracked 
|  16|0x0000000612400000, 0x0000000612400000, 0x0000000612800000|  0%| F|  |TAMS 0x0000000612400000| PB 0x0000000612400000| Untracked 
|  17|0x0000000612800000, 0x0000000612800000, 0x0000000612c00000|  0%| F|  |TAMS 0x0000000612800000| PB 0x0000000612800000| Untracked 
|  18|0x0000000612c00000, 0x0000000612c00000, 0x0000000613000000|  0%| F|  |TAMS 0x0000000612c00000| PB 0x0000000612c00000| Untracked 
|  19|0x0000000613000000, 0x0000000613000000, 0x0000000613400000|  0%| F|  |TAMS 0x0000000613000000| PB 0x0000000613000000| Untracked 
|  20|0x0000000613400000, 0x0000000613400000, 0x0000000613800000|  0%| F|  |TAMS 0x0000000613400000| PB 0x0000000613400000| Untracked 
|  21|0x0000000613800000, 0x0000000613800000, 0x0000000613c00000|  0%| F|  |TAMS 0x0000000613800000| PB 0x0000000613800000| Untracked 
|  22|0x0000000613c00000, 0x0000000613c00000, 0x0000000614000000|  0%| F|  |TAMS 0x0000000613c00000| PB 0x0000000613c00000| Untracked 
|  23|0x0000000614000000, 0x0000000614000000, 0x0000000614400000|  0%| F|  |TAMS 0x0000000614000000| PB 0x0000000614000000| Untracked 
|  24|0x0000000614400000, 0x0000000614400000, 0x0000000614800000|  0%| F|  |TAMS 0x0000000614400000| PB 0x0000000614400000| Untracked 
|  25|0x0000000614800000, 0x0000000614800000, 0x0000000614c00000|  0%| F|  |TAMS 0x0000000614800000| PB 0x0000000614800000| Untracked 
|  26|0x0000000614c00000, 0x0000000614c00000, 0x0000000615000000|  0%| F|  |TAMS 0x0000000614c00000| PB 0x0000000614c00000| Untracked 
|  27|0x0000000615000000, 0x0000000615000000, 0x0000000615400000|  0%| F|  |TAMS 0x0000000615000000| PB 0x0000000615000000| Untracked 
|  28|0x0000000615400000, 0x0000000615400000, 0x0000000615800000|  0%| F|  |TAMS 0x0000000615400000| PB 0x0000000615400000| Untracked 
|  29|0x0000000615800000, 0x0000000615800000, 0x0000000615c00000|  0%| F|  |TAMS 0x0000000615800000| PB 0x0000000615800000| Untracked 
|  30|0x0000000615c00000, 0x0000000615c00000, 0x0000000616000000|  0%| F|  |TAMS 0x0000000615c00000| PB 0x0000000615c00000| Untracked 
|  31|0x0000000616000000, 0x0000000616000000, 0x0000000616400000|  0%| F|  |TAMS 0x0000000616000000| PB 0x0000000616000000| Untracked 
|  32|0x0000000616400000, 0x0000000616400000, 0x0000000616800000|  0%| F|  |TAMS 0x0000000616400000| PB 0x0000000616400000| Untracked 
|  33|0x0000000616800000, 0x0000000616800000, 0x0000000616c00000|  0%| F|  |TAMS 0x0000000616800000| PB 0x0000000616800000| Untracked 
|  34|0x0000000616c00000, 0x0000000616c00000, 0x0000000617000000|  0%| F|  |TAMS 0x0000000616c00000| PB 0x0000000616c00000| Untracked 
|  35|0x0000000617000000, 0x0000000617000000, 0x0000000617400000|  0%| F|  |TAMS 0x0000000617000000| PB 0x0000000617000000| Untracked 
|  36|0x0000000617400000, 0x0000000617400000, 0x0000000617800000|  0%| F|  |TAMS 0x0000000617400000| PB 0x0000000617400000| Untracked 
|  37|0x0000000617800000, 0x0000000617800000, 0x0000000617c00000|  0%| F|  |TAMS 0x0000000617800000| PB 0x0000000617800000| Untracked 
|  38|0x0000000617c00000, 0x0000000617c00000, 0x0000000618000000|  0%| F|  |TAMS 0x0000000617c00000| PB 0x0000000617c00000| Untracked 
|  39|0x0000000618000000, 0x0000000618000000, 0x0000000618400000|  0%| F|  |TAMS 0x0000000618000000| PB 0x0000000618000000| Untracked 
|  40|0x0000000618400000, 0x0000000618400000, 0x0000000618800000|  0%| F|  |TAMS 0x0000000618400000| PB 0x0000000618400000| Untracked 
|  41|0x0000000618800000, 0x0000000618800000, 0x0000000618c00000|  0%| F|  |TAMS 0x0000000618800000| PB 0x0000000618800000| Untracked 
|  42|0x0000000618c00000, 0x0000000618c00000, 0x0000000619000000|  0%| F|  |TAMS 0x0000000618c00000| PB 0x0000000618c00000| Untracked 
|  43|0x0000000619000000, 0x0000000619000000, 0x0000000619400000|  0%| F|  |TAMS 0x0000000619000000| PB 0x0000000619000000| Untracked 
|  44|0x0000000619400000, 0x0000000619400000, 0x0000000619800000|  0%| F|  |TAMS 0x0000000619400000| PB 0x0000000619400000| Untracked 
|  45|0x0000000619800000, 0x0000000619800000, 0x0000000619c00000|  0%| F|  |TAMS 0x0000000619800000| PB 0x0000000619800000| Untracked 
|  46|0x0000000619c00000, 0x0000000619c00000, 0x000000061a000000|  0%| F|  |TAMS 0x0000000619c00000| PB 0x0000000619c00000| Untracked 
|  47|0x000000061a000000, 0x000000061a000000, 0x000000061a400000|  0%| F|  |TAMS 0x000000061a000000| PB 0x000000061a000000| Untracked 
|  48|0x000000061a400000, 0x000000061a400000, 0x000000061a800000|  0%| F|  |TAMS 0x000000061a400000| PB 0x000000061a400000| Untracked 
|  49|0x000000061a800000, 0x000000061a800000, 0x000000061ac00000|  0%| F|  |TAMS 0x000000061a800000| PB 0x000000061a800000| Untracked 
|  50|0x000000061ac00000, 0x000000061ac00000, 0x000000061b000000|  0%| F|  |TAMS 0x000000061ac00000| PB 0x000000061ac00000| Untracked 
|  51|0x000000061b000000, 0x000000061b000000, 0x000000061b400000|  0%| F|  |TAMS 0x000000061b000000| PB 0x000000061b000000| Untracked 
|  52|0x000000061b400000, 0x000000061b400000, 0x000000061b800000|  0%| F|  |TAMS 0x000000061b400000| PB 0x000000061b400000| Untracked 
|  53|0x000000061b800000, 0x000000061b800000, 0x000000061bc00000|  0%| F|  |TAMS 0x000000061b800000| PB 0x000000061b800000| Untracked 
|  54|0x000000061bc00000, 0x000000061bc00000, 0x000000061c000000|  0%| F|  |TAMS 0x000000061bc00000| PB 0x000000061bc00000| Untracked 
|  55|0x000000061c000000, 0x000000061c000000, 0x000000061c400000|  0%| F|  |TAMS 0x000000061c000000| PB 0x000000061c000000| Untracked 
|  56|0x000000061c400000, 0x000000061c400000, 0x000000061c800000|  0%| F|  |TAMS 0x000000061c400000| PB 0x000000061c400000| Untracked 
|  57|0x000000061c800000, 0x000000061c800000, 0x000000061cc00000|  0%| F|  |TAMS 0x000000061c800000| PB 0x000000061c800000| Untracked 
|  58|0x000000061cc00000, 0x000000061cc00000, 0x000000061d000000|  0%| F|  |TAMS 0x000000061cc00000| PB 0x000000061cc00000| Untracked 
|  59|0x000000061d000000, 0x000000061d000000, 0x000000061d400000|  0%| F|  |TAMS 0x000000061d000000| PB 0x000000061d000000| Untracked 
|  60|0x000000061d400000, 0x000000061d400000, 0x000000061d800000|  0%| F|  |TAMS 0x000000061d400000| PB 0x000000061d400000| Untracked 
|  61|0x000000061d800000, 0x000000061d800000, 0x000000061dc00000|  0%| F|  |TAMS 0x000000061d800000| PB 0x000000061d800000| Untracked 
|  62|0x000000061dc00000, 0x000000061dc00000, 0x000000061e000000|  0%| F|  |TAMS 0x000000061dc00000| PB 0x000000061dc00000| Untracked 
|  63|0x000000061e000000, 0x000000061e000000, 0x000000061e400000|  0%| F|  |TAMS 0x000000061e000000| PB 0x000000061e000000| Untracked 
|  64|0x000000061e400000, 0x000000061e400000, 0x000000061e800000|  0%| F|  |TAMS 0x000000061e400000| PB 0x000000061e400000| Untracked 
|  65|0x000000061e800000, 0x000000061e800000, 0x000000061ec00000|  0%| F|  |TAMS 0x000000061e800000| PB 0x000000061e800000| Untracked 
|  66|0x000000061ec00000, 0x000000061ec00000, 0x000000061f000000|  0%| F|  |TAMS 0x000000061ec00000| PB 0x000000061ec00000| Untracked 
|  67|0x000000061f000000, 0x000000061f000000, 0x000000061f400000|  0%| F|  |TAMS 0x000000061f000000| PB 0x000000061f000000| Untracked 
|  68|0x000000061f400000, 0x000000061f400000, 0x000000061f800000|  0%| F|  |TAMS 0x000000061f400000| PB 0x000000061f400000| Untracked 
|  69|0x000000061f800000, 0x000000061f800000, 0x000000061fc00000|  0%| F|  |TAMS 0x000000061f800000| PB 0x000000061f800000| Untracked 
|  70|0x000000061fc00000, 0x000000061fc00000, 0x0000000620000000|  0%| F|  |TAMS 0x000000061fc00000| PB 0x000000061fc00000| Untracked 
|  71|0x0000000620000000, 0x0000000620000000, 0x0000000620400000|  0%| F|  |TAMS 0x0000000620000000| PB 0x0000000620000000| Untracked 
|  72|0x0000000620400000, 0x0000000620400000, 0x0000000620800000|  0%| F|  |TAMS 0x0000000620400000| PB 0x0000000620400000| Untracked 
|  73|0x0000000620800000, 0x0000000620800000, 0x0000000620c00000|  0%| F|  |TAMS 0x0000000620800000| PB 0x0000000620800000| Untracked 
|  74|0x0000000620c00000, 0x0000000620c00000, 0x0000000621000000|  0%| F|  |TAMS 0x0000000620c00000| PB 0x0000000620c00000| Untracked 
|  75|0x0000000621000000, 0x0000000621000000, 0x0000000621400000|  0%| F|  |TAMS 0x0000000621000000| PB 0x0000000621000000| Untracked 
|  76|0x0000000621400000, 0x0000000621400000, 0x0000000621800000|  0%| F|  |TAMS 0x0000000621400000| PB 0x0000000621400000| Untracked 
|  77|0x0000000621800000, 0x0000000621800000, 0x0000000621c00000|  0%| F|  |TAMS 0x0000000621800000| PB 0x0000000621800000| Untracked 
|  78|0x0000000621c00000, 0x0000000621c00000, 0x0000000622000000|  0%| F|  |TAMS 0x0000000621c00000| PB 0x0000000621c00000| Untracked 
|  79|0x0000000622000000, 0x0000000622000000, 0x0000000622400000|  0%| F|  |TAMS 0x0000000622000000| PB 0x0000000622000000| Untracked 
|  80|0x0000000622400000, 0x0000000622400000, 0x0000000622800000|  0%| F|  |TAMS 0x0000000622400000| PB 0x0000000622400000| Untracked 
|  81|0x0000000622800000, 0x0000000622800000, 0x0000000622c00000|  0%| F|  |TAMS 0x0000000622800000| PB 0x0000000622800000| Untracked 
|  82|0x0000000622c00000, 0x0000000622c00000, 0x0000000623000000|  0%| F|  |TAMS 0x0000000622c00000| PB 0x0000000622c00000| Untracked 
|  83|0x0000000623000000, 0x0000000623000000, 0x0000000623400000|  0%| F|  |TAMS 0x0000000623000000| PB 0x0000000623000000| Untracked 
|  84|0x0000000623400000, 0x0000000623400000, 0x0000000623800000|  0%| F|  |TAMS 0x0000000623400000| PB 0x0000000623400000| Untracked 
|  85|0x0000000623800000, 0x0000000623800000, 0x0000000623c00000|  0%| F|  |TAMS 0x0000000623800000| PB 0x0000000623800000| Untracked 
|  86|0x0000000623c00000, 0x0000000623c00000, 0x0000000624000000|  0%| F|  |TAMS 0x0000000623c00000| PB 0x0000000623c00000| Untracked 
|  87|0x0000000624000000, 0x0000000624000000, 0x0000000624400000|  0%| F|  |TAMS 0x0000000624000000| PB 0x0000000624000000| Untracked 
|  88|0x0000000624400000, 0x0000000624400000, 0x0000000624800000|  0%| F|  |TAMS 0x0000000624400000| PB 0x0000000624400000| Untracked 
|  89|0x0000000624800000, 0x0000000624800000, 0x0000000624c00000|  0%| F|  |TAMS 0x0000000624800000| PB 0x0000000624800000| Untracked 
|  90|0x0000000624c00000, 0x0000000624c00000, 0x0000000625000000|  0%| F|  |TAMS 0x0000000624c00000| PB 0x0000000624c00000| Untracked 
|  91|0x0000000625000000, 0x0000000625000000, 0x0000000625400000|  0%| F|  |TAMS 0x0000000625000000| PB 0x0000000625000000| Untracked 
|  92|0x0000000625400000, 0x0000000625400000, 0x0000000625800000|  0%| F|  |TAMS 0x0000000625400000| PB 0x0000000625400000| Untracked 
|  93|0x0000000625800000, 0x0000000625800000, 0x0000000625c00000|  0%| F|  |TAMS 0x0000000625800000| PB 0x0000000625800000| Untracked 
|  94|0x0000000625c00000, 0x0000000625c00000, 0x0000000626000000|  0%| F|  |TAMS 0x0000000625c00000| PB 0x0000000625c00000| Untracked 
|  95|0x0000000626000000, 0x0000000626000000, 0x0000000626400000|  0%| F|  |TAMS 0x0000000626000000| PB 0x0000000626000000| Untracked 
|  96|0x0000000626400000, 0x0000000626400000, 0x0000000626800000|  0%| F|  |TAMS 0x0000000626400000| PB 0x0000000626400000| Untracked 
|  97|0x0000000626800000, 0x0000000626800000, 0x0000000626c00000|  0%| F|  |TAMS 0x0000000626800000| PB 0x0000000626800000| Untracked 
|  98|0x0000000626c00000, 0x0000000626c00000, 0x0000000627000000|  0%| F|  |TAMS 0x0000000626c00000| PB 0x0000000626c00000| Untracked 
|  99|0x0000000627000000, 0x0000000627000000, 0x0000000627400000|  0%| F|  |TAMS 0x0000000627000000| PB 0x0000000627000000| Untracked 
| 100|0x0000000627400000, 0x0000000627400000, 0x0000000627800000|  0%| F|  |TAMS 0x0000000627400000| PB 0x0000000627400000| Untracked 
| 101|0x0000000627800000, 0x0000000627800000, 0x0000000627c00000|  0%| F|  |TAMS 0x0000000627800000| PB 0x0000000627800000| Untracked 
| 102|0x0000000627c00000, 0x0000000627c00000, 0x0000000628000000|  0%| F|  |TAMS 0x0000000627c00000| PB 0x0000000627c00000| Untracked 
| 103|0x0000000628000000, 0x0000000628000000, 0x0000000628400000|  0%| F|  |TAMS 0x0000000628000000| PB 0x0000000628000000| Untracked 
| 104|0x0000000628400000, 0x0000000628400000, 0x0000000628800000|  0%| F|  |TAMS 0x0000000628400000| PB 0x0000000628400000| Untracked 
| 105|0x0000000628800000, 0x0000000628800000, 0x0000000628c00000|  0%| F|  |TAMS 0x0000000628800000| PB 0x0000000628800000| Untracked 
| 106|0x0000000628c00000, 0x0000000628c00000, 0x0000000629000000|  0%| F|  |TAMS 0x0000000628c00000| PB 0x0000000628c00000| Untracked 
| 107|0x0000000629000000, 0x0000000629000000, 0x0000000629400000|  0%| F|  |TAMS 0x0000000629000000| PB 0x0000000629000000| Untracked 
| 108|0x0000000629400000, 0x0000000629400000, 0x0000000629800000|  0%| F|  |TAMS 0x0000000629400000| PB 0x0000000629400000| Untracked 
| 109|0x0000000629800000, 0x0000000629800000, 0x0000000629c00000|  0%| F|  |TAMS 0x0000000629800000| PB 0x0000000629800000| Untracked 
| 110|0x0000000629c00000, 0x0000000629c00000, 0x000000062a000000|  0%| F|  |TAMS 0x0000000629c00000| PB 0x0000000629c00000| Untracked 
| 111|0x000000062a000000, 0x000000062a000000, 0x000000062a400000|  0%| F|  |TAMS 0x000000062a000000| PB 0x000000062a000000| Untracked 
| 112|0x000000062a400000, 0x000000062a400000, 0x000000062a800000|  0%| F|  |TAMS 0x000000062a400000| PB 0x000000062a400000| Untracked 
| 113|0x000000062a800000, 0x000000062a800000, 0x000000062ac00000|  0%| F|  |TAMS 0x000000062a800000| PB 0x000000062a800000| Untracked 
| 114|0x000000062ac00000, 0x000000062ac00000, 0x000000062b000000|  0%| F|  |TAMS 0x000000062ac00000| PB 0x000000062ac00000| Untracked 
| 115|0x000000062b000000, 0x000000062b000000, 0x000000062b400000|  0%| F|  |TAMS 0x000000062b000000| PB 0x000000062b000000| Untracked 
| 116|0x000000062b400000, 0x000000062b400000, 0x000000062b800000|  0%| F|  |TAMS 0x000000062b400000| PB 0x000000062b400000| Untracked 
| 117|0x000000062b800000, 0x000000062b800000, 0x000000062bc00000|  0%| F|  |TAMS 0x000000062b800000| PB 0x000000062b800000| Untracked 
| 118|0x000000062bc00000, 0x000000062bc00000, 0x000000062c000000|  0%| F|  |TAMS 0x000000062bc00000| PB 0x000000062bc00000| Untracked 
| 119|0x000000062c000000, 0x000000062c000000, 0x000000062c400000|  0%| F|  |TAMS 0x000000062c000000| PB 0x000000062c000000| Untracked 
| 120|0x000000062c400000, 0x000000062c400000, 0x000000062c800000|  0%| F|  |TAMS 0x000000062c400000| PB 0x000000062c400000| Untracked 
| 121|0x000000062c800000, 0x000000062c800000, 0x000000062cc00000|  0%| F|  |TAMS 0x000000062c800000| PB 0x000000062c800000| Untracked 
| 122|0x000000062cc00000, 0x000000062cd1d358, 0x000000062d000000| 27%| E|  |TAMS 0x000000062cc00000| PB 0x000000062cc00000| Complete 
| 123|0x000000062d000000, 0x000000062d390510, 0x000000062d400000| 89%| E|  |TAMS 0x000000062d000000| PB 0x000000062d000000| Complete 
| 124|0x000000062d400000, 0x000000062d800000, 0x000000062d800000|100%| E|CS|TAMS 0x000000062d400000| PB 0x000000062d400000| Complete 
|1990|0x00000007ffc00000, 0x00000007ffd0ec28, 0x0000000800000000| 26%| O|  |TAMS 0x00000007ffc00000| PB 0x00000007ffc00000| Untracked 

Card table byte_map: [0x000072ac7b672000,0x000072ac7c600000] _byte_map_base: 0x000072ac78600000

Marking Bits: (CMBitMap*) 0x000072ac94058a50
 Bits: [0x000072ac73a02000, 0x000072ac7b672000)

Polling page: 0x000072ac9c108000

Metaspace:

Usage:
  Non-class:      1.42 MB used.
      Class:    126.07 KB used.
       Both:      1.54 MB used.

Virtual space:
  Non-class space:       64.00 MB reserved,       1.50 MB (  2%) committed,  1 nodes.
      Class space:        1.00 GB reserved,     192.00 KB ( <1%) committed,  1 nodes.
             Both:        1.06 GB reserved,       1.69 MB ( <1%) committed. 

Chunk freelists:
   Non-Class:  11.32 MB
       Class:  15.64 MB
        Both:  26.96 MB

MaxMetaspaceSize: unlimited
CompressedClassSpaceSize: 1.00 GB
Initial GC threshold: 21.00 MB
Current GC threshold: 21.00 MB
CDS: on
 - commit_granule_bytes: 65536.
 - commit_granule_words: 8192.
 - virtual_space_node_default_size: 8388608.
 - enlarge_chunks_in_place: 1.
 - use_allocation_guard: 0.


Internal statistics:

num_allocs_failed_limit: 0.
num_arena_births: 142.
num_arena_deaths: 0.
num_vsnodes_births: 2.
num_vsnodes_deaths: 0.
num_space_committed: 27.
num_space_uncommitted: 0.
num_chunks_returned_to_freelist: 0.
num_chunks_taken_from_freelist: 223.
num_chunk_merges: 0.
num_chunk_splits: 126.
num_chunks_enlarged: 45.
num_inconsistent_stats: 0.

CodeHeap 'non-profiled nmethods': size=119168Kb used=144Kb max_used=144Kb free=119023Kb
 bounds [0x000072ac841a0000, 0x000072ac84410000, 0x000072ac8b600000]
CodeHeap 'profiled nmethods': size=119164Kb used=730Kb max_used=730Kb free=118433Kb
 bounds [0x000072ac7c600000, 0x000072ac7c870000, 0x000072ac83a5f000]
CodeHeap 'non-nmethods': size=7428Kb used=3056Kb max_used=3056Kb free=4371Kb
 bounds [0x000072ac83a5f000, 0x000072ac83d5f000, 0x000072ac841a0000]
CodeCache: size=245760Kb, used=3930Kb, max_used=3930Kb, free=241827Kb
 total_blobs=983, nmethods=507, adapters=377, full_count=0
Compilation: enabled, stopped_count=0, restarted_count=0

Compilation events (20 events):
Event: 0.095 Thread 0x000072ac9415eb60 nmethod 485 0x000072ac841c2c90 code [0x000072ac841c2e20, 0x000072ac841c2f88]
Event: 0.095 Thread 0x000072ac9415eb60  504       4       java.lang.String::toString (2 bytes)
Event: 0.095 Thread 0x000072ac94160220 nmethod 492 0x000072ac7c6a8410 code [0x000072ac7c6a85e0, 0x000072ac7c6a8a90]
Event: 0.095 Thread 0x000072ac94160220  493       3       java.lang.invoke.LambdaForm$MH/0x000072ac1c016000::invoke (27 bytes)
Event: 0.095 Thread 0x000072ac9415eb60 nmethod 504 0x000072ac841c3090 code [0x000072ac841c3200, 0x000072ac841c3288]
Event: 0.095 Thread 0x000072ac9415eb60  503       4       java.lang.StringConcatHelper::prepend (37 bytes)
Event: 0.095 Thread 0x000072abf405b840 nmethod 491 0x000072ac7c6a8c10 code [0x000072ac7c6a8e00, 0x000072ac7c6a9400]
Event: 0.095 Thread 0x000072abf405b840  494       3       java.lang.StringConcatHelper::newArrayWithSuffix (40 bytes)
Event: 0.095 Thread 0x000072abf405b840 nmethod 494 0x000072ac7c6a9610 code [0x000072ac7c6a9820, 0x000072ac7c6a9da0]
Event: 0.095 Thread 0x000072abf405b840  495       3       java.lang.invoke.LambdaForm$MH/0x000072ac1c015800::invoke (45 bytes)
Event: 0.095 Thread 0x000072abf405b840 nmethod 495 0x000072ac7c6a9f90 code [0x000072ac7c6aa180, 0x000072ac7c6aa768]
Event: 0.095 Thread 0x000072abf405b840  496       3       java.lang.invoke.LambdaForm$MH/0x000072ac1c014400::invoke (49 bytes)
Event: 0.095 Thread 0x000072abf405b840 nmethod 496 0x000072ac7c6aa910 code [0x000072ac7c6aab00, 0x000072ac7c6ab100]
Event: 0.095 Thread 0x000072abf405b840  497       3       java.lang.invoke.LambdaForm$MH/0x000072ac1c014000::invoke (45 bytes)
Event: 0.095 Thread 0x000072abf405b840 nmethod 497 0x000072ac7c6ab290 code [0x000072ac7c6ab480, 0x000072ac7c6aba68]
Event: 0.095 Thread 0x000072abf405b840  498       3       java.lang.StringConcatHelper::prepend (22 bytes)
Event: 0.095 Thread 0x000072abf405b840 nmethod 498 0x000072ac7c6abc10 code [0x000072ac7c6abdc0, 0x000072ac7c6abf50]
Event: 0.095 Thread 0x000072abf405b840  499       3       java.lang.StringConcatHelper::prepend (218 bytes)
Event: 0.095 Thread 0x000072ac9415eb60 nmethod 503 0x000072ac841c3390 code [0x000072ac841c3520, 0x000072ac841c36e0]
Event: 0.095 Thread 0x000072ac9415eb60  505       4       java.lang.Long::stringSize (55 bytes)

GC Heap History (0 events):
No events

Dll operation events (5 events):
Event: 0.001 Loaded shared library /usr/lib/jvm/zulu21-ca-amd64/lib/libjava.so
Event: 0.016 Loaded shared library /usr/lib/jvm/zulu21-ca-amd64/lib/libjsvml.so
Event: 0.033 Loaded shared library /usr/lib/jvm/zulu21-ca-amd64/lib/libnio.so
Event: 0.040 Loaded shared library /usr/lib/jvm/zulu21-ca-amd64/lib/libzip.so
Event: 0.071 Loaded shared library /usr/lib/jvm/zulu21-ca-amd64/lib/libnet.so

Deoptimization events (6 events):
Event: 0.039 Thread 0x000072ac9402b230 DEOPT PACKING pc=0x000072ac7c614e4d sp=0x000072ac9a714040
Event: 0.039 Thread 0x000072ac9402b230 DEOPT UNPACKING pc=0x000072ac83ab372f sp=0x000072ac9a7134d0 mode 0
Event: 0.039 Thread 0x000072ac9402b230 DEOPT PACKING pc=0x000072ac7c614e4d sp=0x000072ac9a714040
Event: 0.039 Thread 0x000072ac9402b230 DEOPT UNPACKING pc=0x000072ac83ab372f sp=0x000072ac9a7134d0 mode 0
Event: 0.039 Thread 0x000072ac9402b230 DEOPT PACKING pc=0x000072ac7c614e4d sp=0x000072ac9a714040
Event: 0.039 Thread 0x000072ac9402b230 DEOPT UNPACKING pc=0x000072ac83ab372f sp=0x000072ac9a7134d0 mode 0

Classes loaded (20 events):
Event: 0.071 Loading class sun/nio/ch/FileDispatcher
Event: 0.071 Loading class sun/nio/ch/NativeDispatcher
Event: 0.071 Loading class sun/nio/ch/NativeDispatcher done
Event: 0.071 Loading class sun/nio/ch/FileDispatcher done
Event: 0.071 Loading class sun/nio/ch/UnixFileDispatcherImpl done
Event: 0.071 Loading class sun/nio/ch/FileDispatcherImpl done
Event: 0.071 Loading class sun/nio/ch/IOUtil
Event: 0.071 Loading class sun/nio/ch/IOUtil done
Event: 0.071 Loading class sun/nio/ch/NativeThreadSet
Event: 0.071 Loading class sun/nio/ch/NativeThreadSet done
Event: 0.071 Loading class sun/nio/ch/FileChannelImpl$Closer
Event: 0.071 Loading class sun/nio/ch/FileChannelImpl$Closer done
Event: 0.071 Loading class java/nio/channels/spi/AbstractInterruptibleChannel$1
Event: 0.071 Loading class sun/nio/ch/Interruptible
Event: 0.071 Loading class sun/nio/ch/Interruptible done
Event: 0.071 Loading class java/nio/channels/spi/AbstractInterruptibleChannel$1 done
Event: 0.071 Loading class sun/nio/ch/NativeThread
Event: 0.071 Loading class sun/nio/ch/NativeThread done
Event: 0.071 Loading class sun/nio/ch/IOStatus
Event: 0.071 Loading class sun/nio/ch/IOStatus done

Classes unloaded (0 events):
No events

Classes redefined (0 events):
No events

Internal exceptions (12 events):
Event: 0.047 Thread 0x000072ac9402b230 Exception <a 'java/lang/NoSuchMethodError'{0x000000062d7202a0}: 'java.lang.Object java.lang.invoke.DirectMethodHandle$Holder.invokeStatic(java.lang.Object, long, java.lang.Object)'> (0x000000062d7202a0) 
thrown [src/hotspot/share/interpreter/linkResolver.cpp, line 772]
Event: 0.047 Thread 0x000072ac9402b230 Exception <a 'java/lang/NoSuchMethodError'{0x000000062d723888}: 'java.lang.Object java.lang.invoke.DirectMethodHandle$Holder.invokeStaticInit(java.lang.Object, long, java.lang.Object)'> (0x000000062d723888) 
thrown [src/hotspot/share/interpreter/linkResolver.cpp, line 772]
Event: 0.048 Thread 0x000072ac9402b230 Exception <a 'java/lang/NoSuchMethodError'{0x000000062d729110}: 'java.lang.Object java.lang.invoke.DirectMethodHandle$Holder.newInvokeSpecial(java.lang.Object, long)'> (0x000000062d729110) 
thrown [src/hotspot/share/interpreter/linkResolver.cpp, line 772]
Event: 0.058 Thread 0x000072ac9402b230 Exception <a 'java/lang/NoSuchMethodError'{0x000000062d7a3758}: 'int java.lang.invoke.DirectMethodHandle$Holder.invokeStaticInit(java.lang.Object, java.lang.Object, java.lang.Object, java.lang.Object, java.lang.Object)'> (0x000000062d7a3758) 
thrown [src/hotspot/share/interpreter/linkResolver.cpp, line 772]
Event: 0.058 Thread 0x000072ac9402b230 Exception <a 'java/lang/NoSuchMethodError'{0x000000062d7abc30}: 'int java.lang.invoke.DirectMethodHandle$Holder.invokeVirtual(java.lang.Object, java.lang.Object, java.lang.Object)'> (0x000000062d7abc30) 
thrown [src/hotspot/share/interpreter/linkResolver.cpp, line 772]
Event: 0.061 Thread 0x000072ac9402b230 Exception <a 'java/lang/NoSuchMethodError'{0x000000062d7cdaa0}: 'int java.lang.invoke.DirectMethodHandle$Holder.invokeStatic(java.lang.Object, java.lang.Object, java.lang.Object, java.lang.Object)'> (0x000000062d7cdaa0) 
thrown [src/hotspot/share/interpreter/linkResolver.cpp, line 772]
Event: 0.062 Thread 0x000072ac9402b230 Exception <a 'java/lang/NoSuchMethodError'{0x000000062d7d0d98}: 'int java.lang.invoke.DirectMethodHandle$Holder.invokeStaticInit(java.lang.Object, java.lang.Object, java.lang.Object, java.lang.Object)'> (0x000000062d7d0d98) 
thrown [src/hotspot/share/interpreter/linkResolver.cpp, line 772]
Event: 0.063 Thread 0x000072ac9402b230 Exception <a 'java/lang/NoSuchMethodError'{0x000000062d7f2780}: 'int java.lang.invoke.DirectMethodHandle$Holder.invokeStaticInit(java.lang.Object, java.lang.Object, java.lang.Object)'> (0x000000062d7f2780) 
thrown [src/hotspot/share/interpreter/linkResolver.cpp, line 772]
Event: 0.067 Thread 0x000072ac9402b230 Exception <a 'java/lang/NoSuchMethodError'{0x000000062d051500}: 'java.lang.Object java.lang.invoke.Invokers$Holder.invoke_MT(java.lang.Object, java.lang.Object, java.lang.Object, java.lang.Object, java.lang.Object)'> (0x000000062d051500) 
thrown [src/hotspot/share/interpreter/linkResolver.cpp, line 772]
Event: 0.068 Thread 0x000072ac9402b230 Exception <a 'java/lang/NoSuchMethodError'{0x000000062d066050}: 'int java.lang.invoke.DirectMethodHandle$Holder.invokeSpecial(java.lang.Object, java.lang.Object, java.lang.Object)'> (0x000000062d066050) 
thrown [src/hotspot/share/interpreter/linkResolver.cpp, line 772]
Event: 0.068 Thread 0x000072ac9402b230 Exception <a 'java/lang/NoSuchMethodError'{0x000000062d0697a0}: 'int java.lang.invoke.DirectMethodHandle$Holder.invokeSpecial(java.lang.Object, java.lang.Object, java.lang.Object, java.lang.Object)'> (0x000000062d0697a0) 
thrown [src/hotspot/share/interpreter/linkResolver.cpp, line 772]
Event: 0.068 Thread 0x000072ac9402b230 Exception <a 'java/lang/NoSuchMethodError'{0x000000062d06c8e0}: 'int java.lang.invoke.Invokers$Holder.linkToTargetMethod(java.lang.Object, java.lang.Object, java.lang.Object)'> (0x000000062d06c8e0) 
thrown [src/hotspot/share/interpreter/linkResolver.cpp, line 772]

ZGC Phase Switch (0 events):
No events

VM Operations (2 events):
Event: 0.041 Executing non-safepoint VM operation: HandshakeAllThreads (Deoptimize)
Event: 0.041 Executing non-safepoint VM operation: HandshakeAllThreads (Deoptimize) done

Memory protections (13 events):
Event: 0.001 Protecting memory [0x000072ac9a617000,0x000072ac9a61b000] with protection modes 0
Event: 0.015 Protecting memory [0x000072ac7016a000,0x000072ac7016e000] with protection modes 0
Event: 0.015 Protecting memory [0x000072ac7006a000,0x000072ac7006e000] with protection modes 0
Event: 0.015 Protecting memory [0x000072ac1a900000,0x000072ac1a904000] with protection modes 0
Event: 0.015 Protecting memory [0x000072ac1a800000,0x000072ac1a804000] with protection modes 0
Event: 0.015 Protecting memory [0x000072ac1a700000,0x000072ac1a704000] with protection modes 0
Event: 0.015 Protecting memory [0x000072ac1a600000,0x000072ac1a604000] with protection modes 0
Event: 0.015 Protecting memory [0x000072ac1a500000,0x000072ac1a504000] with protection modes 0
Event: 0.020 Protecting memory [0x000072ac1a330000,0x000072ac1a334000] with protection modes 0
Event: 0.021 Protecting memory [0x000072ac1a230000,0x000072ac1a234000] with protection modes 0
Event: 0.024 Protecting memory [0x000072ac1a130000,0x000072ac1a134000] with protection modes 0
Event: 0.031 Protecting memory [0x000072ac1a030000,0x000072ac1a034000] with protection modes 0
Event: 0.032 Protecting memory [0x000072ac19f30000,0x000072ac19f34000] with protection modes 0

Nmethod flushes (0 events):
No events

Events (13 events):
Event: 0.011 Thread 0x000072ac9402b230 Thread added: 0x000072ac9402b230
Event: 0.015 Thread 0x000072ac9402b230 Thread added: 0x000072ac941576d0
Event: 0.015 Thread 0x000072ac9402b230 Thread added: 0x000072ac94158c40
Event: 0.015 Thread 0x000072ac9402b230 Thread added: 0x000072ac9415a3c0
Event: 0.015 Thread 0x000072ac9402b230 Thread added: 0x000072ac9415ba00
Event: 0.015 Thread 0x000072ac9402b230 Thread added: 0x000072ac9415cfa0
Event: 0.015 Thread 0x000072ac9402b230 Thread added: 0x000072ac9415eb60
Event: 0.015 Thread 0x000072ac9402b230 Thread added: 0x000072ac94160220
Event: 0.020 Thread 0x000072ac94160220 Thread added: 0x000072abf405b840
Event: 0.021 Thread 0x000072ac94160220 Thread added: 0x000072abf405cb20
Event: 0.023 Thread 0x000072abf405cb20 Thread added: 0x000072abec0012c0
Event: 0.031 Thread 0x000072ac9402b230 Thread added: 0x000072ac941aac70
Event: 0.032 Thread 0x000072ac9402b230 Thread added: 0x000072ac941ad570


Dynamic libraries:
60e400000-62d800000 rw-p 00000000 00:00 0 
62d800000-7ffc00000 ---p 00000000 00:00 0 
7ffc00000-7ffd0f000 rw-p 00d3f000 103:06 42209309                        /usr/lib/jvm/zulu21-ca-amd64/lib/server/classes.jsa
7ffd0f000-800000000 rw-p 00000000 00:00 0 
5845a08e7000-5845a08e8000 r-xp 00000000 103:06 42209347                  /usr/lib/jvm/zulu21-ca-amd64/bin/java
5845a08e9000-5845a08ea000 r--p 00001000 103:06 42209347                  /usr/lib/jvm/zulu21-ca-amd64/bin/java
5845a08ea000-5845a08eb000 rw-p 00002000 103:06 42209347                  /usr/lib/jvm/zulu21-ca-amd64/bin/java
5845b42a8000-5845b42ee000 rw-p 00000000 00:00 0                          [heap]
72abd0000000-72abd0021000 rw-p 00000000 00:00 0 
72abd0021000-72abd4000000 ---p 00000000 00:00 0 
72abd8000000-72abd8021000 rw-p 00000000 00:00 0 
72abd8021000-72abdc000000 ---p 00000000 00:00 0 
72abdc000000-72abdc021000 rw-p 00000000 00:00 0 
72abdc021000-72abe0000000 ---p 00000000 00:00 0 
72abe0000000-72abe0077000 rw-p 00000000 00:00 0 
72abe0077000-72abe4000000 ---p 00000000 00:00 0 
72abe4000000-72abe4021000 rw-p 00000000 00:00 0 
72abe4021000-72abe8000000 ---p 00000000 00:00 0 
72abe8000000-72abe806b000 rw-p 00000000 00:00 0 
72abe806b000-72abec000000 ---p 00000000 00:00 0 
72abec000000-72abec0b3000 rw-p 00000000 00:00 0 
72abec0b3000-72abf0000000 ---p 00000000 00:00 0 
72abf0000000-72abf00cd000 rw-p 00000000 00:00 0 
72abf00cd000-72abf4000000 ---p 00000000 00:00 0 
72abf4000000-72abf4072000 rw-p 00000000 00:00 0 
72abf4072000-72abf8000000 ---p 00000000 00:00 0 
72abf8000000-72abf8021000 rw-p 00000000 00:00 0 
72abf8021000-72abfc000000 ---p 00000000 00:00 0 
72abfc000000-72abfc021000 rw-p 00000000 00:00 0 
72abfc021000-72ac00000000 ---p 00000000 00:00 0 
72ac00000000-72ac00021000 rw-p 00000000 00:00 0 
72ac00021000-72ac04000000 ---p 00000000 00:00 0 
72ac04000000-72ac04021000 rw-p 00000000 00:00 0 
72ac04021000-72ac08000000 ---p 00000000 00:00 0 
72ac08000000-72ac08021000 rw-p 00000000 00:00 0 
72ac08021000-72ac0c000000 ---p 00000000 00:00 0 
72ac0c000000-72ac0c021000 rw-p 00000000 00:00 0 
72ac0c021000-72ac10000000 ---p 00000000 00:00 0 
72ac10000000-72ac100d0000 rw-p 00000000 00:00 0 
72ac100d0000-72ac10400000 ---p 00000000 00:00 0 
72ac10400000-72ac104b0000 rw-p 00000000 00:00 0 
72ac104b0000-72ac14000000 ---p 00000000 00:00 0 
72ac14000000-72ac14021000 rw-p 00000000 00:00 0 
72ac14021000-72ac18000000 ---p 00000000 00:00 0 
72ac198c1000-72ac198c5000 ---p 00000000 00:00 0 
72ac198c5000-72ac199c1000 rw-p 00000000 00:00 0 
72ac199c1000-72ac199c5000 ---p 00000000 00:00 0 
72ac199c5000-72ac19ac1000 rw-p 00000000 00:00 0 
72ac19ac1000-72ac19f30000 rw-p 00000000 00:00 0 
72ac19f30000-72ac19f34000 ---p 00000000 00:00 0 
72ac19f34000-72ac1a030000 rw-p 00000000 00:00 0 
72ac1a030000-72ac1a034000 ---p 00000000 00:00 0 
72ac1a034000-72ac1a130000 rw-p 00000000 00:00 0 
72ac1a130000-72ac1a134000 ---p 00000000 00:00 0 
72ac1a134000-72ac1a230000 rw-p 00000000 00:00 0 
72ac1a230000-72ac1a234000 ---p 00000000 00:00 0 
72ac1a234000-72ac1a330000 rw-p 00000000 00:00 0 
72ac1a330000-72ac1a334000 ---p 00000000 00:00 0 
72ac1a334000-72ac1a430000 rw-p 00000000 00:00 0 
72ac1a430000-72ac1a4fe000 r-xp 00000000 103:06 42209345                  /usr/lib/jvm/zulu21-ca-amd64/lib/libjsvml.so
72ac1a4fe000-72ac1a4ff000 r--p 000cd000 103:06 42209345                  /usr/lib/jvm/zulu21-ca-amd64/lib/libjsvml.so
72ac1a4ff000-72ac1a500000 rw-p 000ce000 103:06 42209345                  /usr/lib/jvm/zulu21-ca-amd64/lib/libjsvml.so
72ac1a500000-72ac1a504000 ---p 00000000 00:00 0 
72ac1a504000-72ac1a600000 rw-p 00000000 00:00 0 
72ac1a600000-72ac1a604000 ---p 00000000 00:00 0 
72ac1a604000-72ac1a700000 rw-p 00000000 00:00 0 
72ac1a700000-72ac1a704000 ---p 00000000 00:00 0 
72ac1a704000-72ac1a800000 rw-p 00000000 00:00 0 
72ac1a800000-72ac1a804000 ---p 00000000 00:00 0 
72ac1a804000-72ac1a900000 rw-p 00000000 00:00 0 
72ac1a900000-72ac1a904000 ---p 00000000 00:00 0 
72ac1a904000-72ac1aa00000 rw-p 00000000 00:00 0 
72ac1aa00000-72ac1af75000 r--p 00000000 103:06 41549904                  /usr/lib/locale/locale-archive
72ac1b000000-72ac1bcfe000 rw-p 00001000 103:06 42209309                  /usr/lib/jvm/zulu21-ca-amd64/lib/server/classes.jsa
72ac1bcfe000-72ac1c000000 ---p 00000000 00:00 0 
72ac1c000000-72ac1c020000 rw-p 00000000 00:00 0 
72ac1c020000-72ac1c040000 ---p 00000000 00:00 0 
72ac1c040000-72ac1c050000 rw-p 00000000 00:00 0 
72ac1c050000-72ac5c000000 ---p 00000000 00:00 0 
72ac5c000000-72ac5c021000 rw-p 00000000 00:00 0 
72ac5c021000-72ac60000000 ---p 00000000 00:00 0 
72ac60000000-72ac60021000 rw-p 00000000 00:00 0 
72ac60021000-72ac64000000 ---p 00000000 00:00 0 
72ac64000000-72ac64021000 rw-p 00000000 00:00 0 
72ac64021000-72ac68000000 ---p 00000000 00:00 0 
72ac68000000-72ac68021000 rw-p 00000000 00:00 0 
72ac68021000-72ac6c000000 ---p 00000000 00:00 0 
72ac6c000000-72ac6c021000 rw-p 00000000 00:00 0 
72ac6c021000-72ac70000000 ---p 00000000 00:00 0 
72ac7006a000-72ac7006e000 ---p 00000000 00:00 0 
72ac7006e000-72ac7016a000 rw-p 00000000 00:00 0 
72ac7016a000-72ac7016e000 ---p 00000000 00:00 0 
72ac7016e000-72ac7026a000 rw-p 00000000 00:00 0 
72ac7026a000-72ac7026b000 ---p 00000000 00:00 0 
72ac7026b000-72ac7036b000 rw-p 00000000 00:00 0 
72ac7036b000-72ac7036c000 ---p 00000000 00:00 0 
72ac7036c000-72ac7046c000 rw-p 00000000 00:00 0 
72ac7046c000-72ac704ed000 rw-p 00000000 00:00 0 
72ac704ed000-72ac704ee000 ---p 00000000 00:00 0 
72ac704ee000-72ac705ee000 rw-p 00000000 00:00 0 
72ac705ee000-72ac705ef000 ---p 00000000 00:00 0 
72ac705ef000-72ac706ef000 rw-p 00000000 00:00 0 
72ac706ef000-72ac73901000 rw-p 00000000 00:00 0 
72ac73901000-72ac73902000 ---p 00000000 00:00 0 
72ac73902000-72ac73a02000 rw-p 00000000 00:00 0 
72ac73a02000-72ac741d2000 rw-p 00000000 00:00 0 
72ac741d2000-72ac7b662000 ---p 00000000 00:00 0 
72ac7b662000-72ac7b76c000 rw-p 00000000 00:00 0 
72ac7b76c000-72ac7c5fe000 ---p 00000000 00:00 0 
72ac7c5fe000-72ac7c600000 rw-p 00000000 00:00 0 
72ac7c600000-72ac7c870000 rwxp 00000000 00:00 0 
72ac7c870000-72ac83a5f000 ---p 00000000 00:00 0 
72ac83a5f000-72ac83d5f000 rwxp 00000000 00:00 0 
72ac83d5f000-72ac841a0000 ---p 00000000 00:00 0 
72ac841a0000-72ac84410000 rwxp 00000000 00:00 0 
72ac84410000-72ac8b600000 ---p 00000000 00:00 0 
72ac8b600000-72ac93ec9000 r--s 00000000 103:06 42209316                  /usr/lib/jvm/zulu21-ca-amd64/lib/modules
72ac93eff000-72ac93f00000 ---p 00000000 00:00 0 
72ac93f00000-72ac94000000 rw-p 00000000 00:00 0 
72ac94000000-72ac94245000 rw-p 00000000 00:00 0 
72ac94245000-72ac98000000 ---p 00000000 00:00 0 
72ac9800b000-72ac980a7000 rw-p 00000000 00:00 0 
72ac980a7000-72ac980a8000 ---p 00000000 00:00 0 
72ac980a8000-72ac981a8000 rw-p 00000000 00:00 0 
72ac981a8000-72ac9839f000 rw-p 00000000 00:00 0 
72ac9839f000-72ac99231000 ---p 00000000 00:00 0 
72ac99231000-72ac9a44a000 rw-p 00000000 00:00 0 
72ac9a44a000-72ac9a52e000 ---p 00000000 00:00 0 
72ac9a52e000-72ac9a533000 rw-p 00000000 00:00 0 
72ac9a533000-72ac9a617000 ---p 00000000 00:00 0 
72ac9a617000-72ac9a61b000 ---p 00000000 00:00 0 
72ac9a61b000-72ac9a717000 rw-p 00000000 00:00 0 
72ac9a717000-72ac9a727000 r--p 00000000 103:06 41569512                  /usr/lib/x86_64-linux-gnu/libm.so.6
72ac9a727000-72ac9a7a6000 r-xp 00010000 103:06 41569512                  /usr/lib/x86_64-linux-gnu/libm.so.6
72ac9a7a6000-72ac9a7fe000 r--p 0008f000 103:06 41569512                  /usr/lib/x86_64-linux-gnu/libm.so.6
72ac9a7fe000-72ac9a7ff000 r--p 000e7000 103:06 41569512                  /usr/lib/x86_64-linux-gnu/libm.so.6
72ac9a7ff000-72ac9a800000 rw-p 000e8000 103:06 41569512                  /usr/lib/x86_64-linux-gnu/libm.so.6
72ac9a800000-72ac9bc29000 r-xp 00000000 103:06 42209310                  /usr/lib/jvm/zulu21-ca-amd64/lib/server/libjvm.so
72ac9bc29000-72ac9bcfe000 r--p 01428000 103:06 42209310                  /usr/lib/jvm/zulu21-ca-amd64/lib/server/libjvm.so
72ac9bcfe000-72ac9bd2e000 rw-p 014fd000 103:06 42209310                  /usr/lib/jvm/zulu21-ca-amd64/lib/server/libjvm.so
72ac9bd2e000-72ac9bd95000 rw-p 00000000 00:00 0 
72ac9bda1000-72ac9bda8000 r-xp 00000000 103:06 42209300                  /usr/lib/jvm/zulu21-ca-amd64/lib/libzip.so
72ac9bda8000-72ac9bda9000 ---p 00007000 103:06 42209300                  /usr/lib/jvm/zulu21-ca-amd64/lib/libzip.so
72ac9bda9000-72ac9bdaa000 r--p 00007000 103:06 42209300                  /usr/lib/jvm/zulu21-ca-amd64/lib/libzip.so
72ac9bdaa000-72ac9bdab000 rw-p 00008000 103:06 42209300                  /usr/lib/jvm/zulu21-ca-amd64/lib/libzip.so
72ac9bdab000-72ac9bdbf000 r-xp 00000000 103:06 42209331                  /usr/lib/jvm/zulu21-ca-amd64/lib/libnio.so
72ac9bdbf000-72ac9bdc0000 r--p 00013000 103:06 42209331                  /usr/lib/jvm/zulu21-ca-amd64/lib/libnio.so
72ac9bdc0000-72ac9bdc1000 rw-p 00014000 103:06 42209331                  /usr/lib/jvm/zulu21-ca-amd64/lib/libnio.so
72ac9bdc1000-72ac9be00000 rw-p 00000000 00:00 0 
72ac9be00000-72ac9be28000 r--p 00000000 103:06 41569503                  /usr/lib/x86_64-linux-gnu/libc.so.6
72ac9be28000-72ac9bfb0000 r-xp 00028000 103:06 41569503                  /usr/lib/x86_64-linux-gnu/libc.so.6
72ac9bfb0000-72ac9bfff000 r--p 001b0000 103:06 41569503                  /usr/lib/x86_64-linux-gnu/libc.so.6
72ac9bfff000-72ac9c003000 r--p 001fe000 103:06 41569503                  /usr/lib/x86_64-linux-gnu/libc.so.6
72ac9c003000-72ac9c005000 rw-p 00202000 103:06 41569503                  /usr/lib/x86_64-linux-gnu/libc.so.6
72ac9c005000-72ac9c012000 rw-p 00000000 00:00 0 
72ac9c019000-72ac9c025000 r-xp 00000000 103:06 42209301                  /usr/lib/jvm/zulu21-ca-amd64/lib/libnet.so
72ac9c025000-72ac9c026000 r--p 0000b000 103:06 42209301                  /usr/lib/jvm/zulu21-ca-amd64/lib/libnet.so
72ac9c026000-72ac9c027000 rw-p 0000c000 103:06 42209301                  /usr/lib/jvm/zulu21-ca-amd64/lib/libnet.so
72ac9c027000-72ac9c06c000 rw-p 00000000 00:00 0 
72ac9c06c000-72ac9c075000 ---p 00000000 00:00 0 
72ac9c075000-72ac9c096000 r-xp 00000000 103:06 42209329                  /usr/lib/jvm/zulu21-ca-amd64/lib/libjava.so
72ac9c096000-72ac9c097000 r--p 00020000 103:06 42209329                  /usr/lib/jvm/zulu21-ca-amd64/lib/libjava.so
72ac9c097000-72ac9c098000 rw-p 00021000 103:06 42209329                  /usr/lib/jvm/zulu21-ca-amd64/lib/libjava.so
72ac9c098000-72ac9c099000 rw-p 00000000 00:00 0 
72ac9c099000-72ac9c0b4000 r-xp 00000000 103:06 42209333                  /usr/lib/jvm/zulu21-ca-amd64/lib/libjimage.so
72ac9c0b4000-72ac9c0b5000 ---p 0001b000 103:06 42209333                  /usr/lib/jvm/zulu21-ca-amd64/lib/libjimage.so
72ac9c0b5000-72ac9c0b7000 r--p 0001b000 103:06 42209333                  /usr/lib/jvm/zulu21-ca-amd64/lib/libjimage.so
72ac9c0b7000-72ac9c0b8000 rw-p 0001d000 103:06 42209333                  /usr/lib/jvm/zulu21-ca-amd64/lib/libjimage.so
72ac9c0b8000-72ac9c0b9000 r--p 00000000 103:06 41570398                  /usr/lib/x86_64-linux-gnu/librt.so.1
72ac9c0b9000-72ac9c0ba000 r-xp 00001000 103:06 41570398                  /usr/lib/x86_64-linux-gnu/librt.so.1
72ac9c0ba000-72ac9c0bb000 r--p 00002000 103:06 41570398                  /usr/lib/x86_64-linux-gnu/librt.so.1
72ac9c0bb000-72ac9c0bc000 r--p 00002000 103:06 41570398                  /usr/lib/x86_64-linux-gnu/librt.so.1
72ac9c0bc000-72ac9c0bd000 rw-p 00003000 103:06 41570398                  /usr/lib/x86_64-linux-gnu/librt.so.1
72ac9c0bd000-72ac9c0c1000 rw-p 00000000 00:00 0 
72ac9c0c1000-72ac9c0c2000 r--p 00000000 103:06 41569505                  /usr/lib/x86_64-linux-gnu/libdl.so.2
72ac9c0c2000-72ac9c0c3000 r-xp 00001000 103:06 41569505                  /usr/lib/x86_64-linux-gnu/libdl.so.2
72ac9c0c3000-72ac9c0c4000 r--p 00002000 103:06 41569505                  /usr/lib/x86_64-linux-gnu/libdl.so.2
72ac9c0c4000-72ac9c0c5000 r--p 00002000 103:06 41569505                  /usr/lib/x86_64-linux-gnu/libdl.so.2
72ac9c0c5000-72ac9c0c6000 rw-p 00003000 103:06 41569505                  /usr/lib/x86_64-linux-gnu/libdl.so.2
72ac9c0c6000-72ac9c0c7000 r--p 00000000 103:06 41570396                  /usr/lib/x86_64-linux-gnu/libpthread.so.0
72ac9c0c7000-72ac9c0c8000 r-xp 00001000 103:06 41570396                  /usr/lib/x86_64-linux-gnu/libpthread.so.0
72ac9c0c8000-72ac9c0c9000 r--p 00002000 103:06 41570396                  /usr/lib/x86_64-linux-gnu/libpthread.so.0
72ac9c0c9000-72ac9c0ca000 r--p 00002000 103:06 41570396                  /usr/lib/x86_64-linux-gnu/libpthread.so.0
72ac9c0ca000-72ac9c0cb000 rw-p 00003000 103:06 41570396                  /usr/lib/x86_64-linux-gnu/libpthread.so.0
72ac9c0cb000-72ac9c0da000 r-xp 00000000 103:06 42209298                  /usr/lib/jvm/zulu21-ca-amd64/lib/libjli.so
72ac9c0da000-72ac9c0db000 ---p 0000f000 103:06 42209298                  /usr/lib/jvm/zulu21-ca-amd64/lib/libjli.so
72ac9c0db000-72ac9c0dc000 r--p 0000f000 103:06 42209298                  /usr/lib/jvm/zulu21-ca-amd64/lib/libjli.so
72ac9c0dc000-72ac9c0dd000 rw-p 00010000 103:06 42209298                  /usr/lib/jvm/zulu21-ca-amd64/lib/libjli.so
72ac9c0dd000-72ac9c0df000 r--p 00000000 103:06 41561978                  /usr/lib/x86_64-linux-gnu/libz.so.1.3
72ac9c0df000-72ac9c0f1000 r-xp 00002000 103:06 41561978                  /usr/lib/x86_64-linux-gnu/libz.so.1.3
72ac9c0f1000-72ac9c0f7000 r--p 00014000 103:06 41561978                  /usr/lib/x86_64-linux-gnu/libz.so.1.3
72ac9c0f7000-72ac9c0f8000 r--p 0001a000 103:06 41561978                  /usr/lib/x86_64-linux-gnu/libz.so.1.3
72ac9c0f8000-72ac9c0f9000 rw-p 0001b000 103:06 41561978                  /usr/lib/x86_64-linux-gnu/libz.so.1.3
72ac9c0f9000-72ac9c100000 r--s 00000000 103:06 41568527                  /usr/lib/x86_64-linux-gnu/gconv/gconv-modules.cache
72ac9c100000-72ac9c108000 rw-s 00000000 103:06 38799120                  /tmp/hsperfdata_emre/300605
72ac9c108000-72ac9c109000 ---p 00000000 00:00 0 
72ac9c109000-72ac9c10a000 r--p 00000000 00:00 0 
72ac9c10a000-72ac9c10b000 ---p 00000000 00:00 0 
72ac9c10b000-72ac9c10d000 rw-p 00000000 00:00 0 
72ac9c10d000-72ac9c111000 r--p 00000000 00:00 0                          [vvar]
72ac9c111000-72ac9c113000 r--p 00000000 00:00 0                          [vvar_vclock]
72ac9c113000-72ac9c115000 r-xp 00000000 00:00 0                          [vdso]
72ac9c115000-72ac9c116000 r--p 00000000 103:06 41569369                  /usr/lib/x86_64-linux-gnu/ld-linux-x86-64.so.2
72ac9c116000-72ac9c141000 r-xp 00001000 103:06 41569369                  /usr/lib/x86_64-linux-gnu/ld-linux-x86-64.so.2
72ac9c141000-72ac9c14b000 r--p 0002c000 103:06 41569369                  /usr/lib/x86_64-linux-gnu/ld-linux-x86-64.so.2
72ac9c14b000-72ac9c14d000 r--p 00036000 103:06 41569369                  /usr/lib/x86_64-linux-gnu/ld-linux-x86-64.so.2
72ac9c14d000-72ac9c14f000 rw-p 00038000 103:06 41569369                  /usr/lib/x86_64-linux-gnu/ld-linux-x86-64.so.2
7fff194f8000-7fff19519000 rw-p 00000000 00:00 0                          [stack]
ffffffffff600000-ffffffffff601000 --xp 00000000 00:00 0                  [vsyscall]
Total number of mappings: 209

JVMTI agents: none


VM Arguments:
jvm_args: --add-opens=java.base/jdk.internal.misc=ALL-UNNAMED 
java_command: io.aeron.cluster.ClusterTool /home/emre/openexchange-data/aeron-cluster/node0/cluster recording-log
java_class_path (initial): /home/emre/Apps/openexchange/match/match-cluster/target/match-cluster.jar
Launcher Type: SUN_STANDARD

[Global flags]
     intx CICompilerCount                          = 12                                        {product} {ergonomic}
     uint ConcGCThreads                            = 5                                         {product} {ergonomic}
     uint G1ConcRefinementThreads                  = 18                                        {product} {ergonomic}
   size_t G1HeapRegionSize                         = 4194304                                   {product} {ergonomic}
    uintx GCDrainStackTargetSize                   = 64                                        {product} {ergonomic}
   size_t InitialHeapSize                          = 524288000                                 {product} {ergonomic}
   size_t MarkStackSize                            = 4194304                                   {product} {ergonomic}
   size_t MaxHeapSize                              = 8350859264                                {product} {ergonomic}
   size_t MaxNewSize                               = 5007998976                                {product} {ergonomic}
   size_t MinHeapDeltaBytes                        = 4194304                                   {product} {ergonomic}
   size_t MinHeapSize                              = 8388608                                   {product} {ergonomic}
    uintx NonNMethodCodeHeapSize                   = 7602480                                {pd product} {ergonomic}
    uintx NonProfiledCodeHeapSize                  = 122027880                              {pd product} {ergonomic}
    uintx ProfiledCodeHeapSize                     = 122027880                              {pd product} {ergonomic}
    uintx ReservedCodeCacheSize                    = 251658240                              {pd product} {ergonomic}
     bool SegmentedCodeCache                       = true                                      {product} {ergonomic}
   size_t SoftMaxHeapSize                          = 8350859264                             {manageable} {ergonomic}
     bool UseCompressedOops                        = true                           {product lp64_product} {ergonomic}
     bool UseG1GC                                  = true                                      {product} {ergonomic}

Logging:
Log output configuration:
 #0: stdout all=warning uptime,level,tags foldmultilines=false
 #1: stderr all=off uptime,level,tags foldmultilines=false

Release file:
<release file has not been read>
Environment Variables:
PATH=/usr/local/sbin:/usr/local/bin:/usr/sbin:/usr/bin:/sbin:/bin:/usr/games:/usr/local/games:/snap/bin:/snap/bin
SHELL=/bin/bash
LANG=en_US.UTF-8

Active Locale:
LC_ALL=en_US.UTF-8
LC_COLLATE=en_US.UTF-8
LC_CTYPE=en_US.UTF-8
LC_MESSAGES=en_US.UTF-8
LC_MONETARY=en_US.UTF-8
LC_NUMERIC=en_US.UTF-8
LC_TIME=en_US.UTF-8

Signal Handlers:
   SIGSEGV: crash_handler in libjvm.so, mask=11100100010111111101111111111110, flags=SA_RESTART|SA_SIGINFO, unblocked
    SIGBUS: crash_handler in libjvm.so, mask=11100100010111111101111111111110, flags=SA_RESTART|SA_SIGINFO, unblocked
    SIGFPE: crash_handler in libjvm.so, mask=11100100010111111101111111111110, flags=SA_RESTART|SA_SIGINFO, unblocked
   SIGPIPE: javaSignalHandler in libjvm.so, mask=11100100010111111101111111111110, flags=SA_RESTART|SA_SIGINFO, blocked
   SIGXFSZ: javaSignalHandler in libjvm.so, mask=11100100010111111101111111111110, flags=SA_RESTART|SA_SIGINFO, blocked
    SIGILL: crash_handler in libjvm.so, mask=11100100010111111101111111111110, flags=SA_RESTART|SA_SIGINFO, unblocked
   SIGUSR2: SR_handler in libjvm.so, mask=00000000000000000000000000000000, flags=SA_RESTART|SA_SIGINFO, blocked
    SIGHUP: UserHandler in libjvm.so, mask=11100100010111111101111111111110, flags=SA_RESTART|SA_SIGINFO, blocked
    SIGINT: UserHandler in libjvm.so, mask=11100100010111111101111111111110, flags=SA_RESTART|SA_SIGINFO, blocked
   SIGTERM: UserHandler in libjvm.so, mask=11100100010111111101111111111110, flags=SA_RESTART|SA_SIGINFO, blocked
   SIGQUIT: UserHandler in libjvm.so, mask=11100100010111111101111111111110, flags=SA_RESTART|SA_SIGINFO, blocked
   SIGTRAP: crash_handler in libjvm.so, mask=11100100010111111101111111111110, flags=SA_RESTART|SA_SIGINFO, unblocked


Periodic native trim disabled

---------------  S Y S T E M  ---------------

OS:
DISTRIB_ID=Ubuntu
DISTRIB_RELEASE=24.04
DISTRIB_CODENAME=noble
DISTRIB_DESCRIPTION="Ubuntu 24.04.3 LTS"
uname: Linux 7.0.0-28-generic #28~24.04.1-Ubuntu SMP PREEMPT_DYNAMIC Wed Jul  1 15:50:57 UTC 2 x86_64
OS uptime: 0 days 1:21 hours
libc: glibc 2.39 NPTL 2.39 
rlimit (soft/hard): STACK 8192k/infinity , CORE 0k/infinity , NPROC 115710/115710 , NOFILE 1048576/1048576 , AS infinity/infinity , CPU infinity/infinity , DATA infinity/infinity , FSIZE infinity/infinity , MEMLOCK 4076856k/4076856k
load average: 32.95 34.73 36.13

/proc/meminfo:
MemTotal:       32614852 kB
MemFree:         1266252 kB
MemAvailable:   11763916 kB
Buffers:          247912 kB
Cached:         21899664 kB
SwapCached:            0 kB
Active:         15925508 kB
Inactive:       12023644 kB
Active(anon):   14998548 kB
Inactive(anon):  2403520 kB
Active(file):     926960 kB
Inactive(file):  9620124 kB
Unevictable:       17516 kB
Mlocked:              48 kB
SwapTotal:       8388604 kB
SwapFree:        8388604 kB
Zswap:                 0 kB
Zswapped:              0 kB
Dirty:              4432 kB
Writeback:             0 kB
AnonPages:       5819788 kB
Mapped:         10075752 kB
Shmem:          11600368 kB
KReclaimable:     289472 kB
Slab:             597836 kB
SReclaimable:     289472 kB
SUnreclaim:       308364 kB
KernelStack:       37200 kB
PageTables:       104540 kB
SecPageTables:         0 kB
NFS_Unstable:          0 kB
Bounce:                0 kB
WritebackTmp:          0 kB
CommitLimit:    23647452 kB
Committed_AS:   37938612 kB
VmallocTotal:   34359738367 kB
VmallocUsed:      150988 kB
VmallocChunk:          0 kB
Percpu:            22368 kB
HardwareCorrupted:     0 kB
AnonHugePages:         0 kB
ShmemHugePages:    14336 kB
ShmemPmdMapped:        0 kB
FileHugePages:      2048 kB
FilePmdMapped:         0 kB
CmaTotal:              0 kB
CmaFree:          522908 kB
Unaccepted:            0 kB
Balloon:               0 kB
HugePages_Total:    1024
HugePages_Free:      953
HugePages_Rsvd:        1
HugePages_Surp:        0
Hugepagesize:       2048 kB
Hugetlb:         2097152 kB
DirectMap4k:      848856 kB
DirectMap2M:    14637056 kB
DirectMap1G:    17825792 kB

/sys/kernel/mm/transparent_hugepage/enabled: always madvise [never]
/sys/kernel/mm/transparent_hugepage/hpage_pmd_size: 2097152
/sys/kernel/mm/transparent_hugepage/defrag (defrag/compaction efforts parameter): always defer defer+madvise madvise [never]

Process Memory:
Virtual Size: 11407036K (peak: 11472572K)
Resident Set Size: 58444K (peak: 58444K) (anon: 36372K, file: 22072K, shmem: 0K)
Swapped out: 0K
C-Heap outstanding allocations: 48434K, retained: 2381K
glibc malloc tunables: (default)

/proc/sys/kernel/threads-max (system-wide limit on the number of threads): 231420
/proc/sys/vm/max_map_count (maximum number of memory map areas a process may have): 1048576
/proc/sys/vm/swappiness (control to define how aggressively the kernel swaps out anonymous memory): 0
/proc/sys/kernel/pid_max (system-wide limit on number of process identifiers): 4194304

container information not found.
Steal ticks since vm start: 0
Steal ticks percentage since vm start:  0.000

CPU: total 24 (initial active 24) (12 cores per cpu, 2 threads per core) family 6 model 183 stepping 1 microcode 0x133, cx8, cmov, fxsr, ht, mmx, 3dnowpref, sse, sse2, sse3, ssse3, sse4.1, sse4.2, popcnt, lzcnt, tsc, tscinvbit, avx, avx2, aes, erms, clmul, bmi1, bmi2, adx, sha, fma, vzeroupper, clflush, clflushopt, clwb, serialize, rdtscp, rdpid, fsrm, f16c, pku, ospke, cet_ibt, cet_ss
CPU Model and flags from /proc/cpuinfo:
model name	: 13th Gen Intel(R) Core(TM) i7-13700K
flags		: fpu vme de pse tsc msr pae mce cx8 apic sep mtrr pge mca cmov pat pse36 clflush dts acpi mmx fxsr sse sse2 ss ht tm pbe syscall nx pdpe1gb rdtscp lm constant_tsc art arch_perfmon pebs bts rep_good nopl xtopology nonstop_tsc cpuid aperfmperf tsc_known_freq pni pclmulqdq dtes64 monitor ds_cpl vmx smx est tm2 ssse3 sdbg fma cx16 xtpr pdcm pcid sse4_1 sse4_2 x2apic movbe popcnt tsc_deadline_timer aes xsave avx f16c rdrand lahf_lm abm 3dnowprefetch cpuid_fault ssbd ibrs ibpb stibp ibrs_enhanced tpr_shadow flexpriority ept vpid ept_ad fsgsbase tsc_adjust bmi1 avx2 smep bmi2 erms invpcid rdseed adx smap clflushopt clwb intel_pt sha_ni xsaveopt xsavec xgetbv1 xsaves split_lock_detect user_shstk avx_vnni dtherm ida arat pln pts hwp hwp_notify hwp_act_window hwp_epp hwp_pkg_req hfi vnmi umip pku ospke waitpkg gfni vaes vpclmulqdq rdpid movdiri movdir64b fsrm md_clear serialize pconfig arch_lbr ibt flush_l1d arch_capabilities

Online cpus: 0-23
Offline cpus: 
BIOS frequency limitation: <Not Available>
Frequency switch latency (ns): 0
Available cpu frequencies: <Not Available>
Current governor: powersave
Core performance/turbo boost: <Not Available>

Memory: 4k page, physical 32614852k(11763916k free), swap 8388604k(8388604k free)
Page Sizes: 4k

vm_info: OpenJDK 64-Bit Server VM (21.0.11+10-LTS) for linux-amd64 JRE (21.0.11+10-LTS) (Zulu21.50+19-CA), built on 2026-04-17T20:39:03Z by "zulu_re" with gcc 11.2.0

END.
